<html>
<body>
<pre>
<h1>µVision Build Log</h1>
<h2>Project:</h2>
C:\EE445M\Lab3\UARTInts.uvproj
Project File Date:  03/03/2016

<h2>Output:</h2>
Rebuild target 'UARTInts'
compiling PLL.c...
compiling OS.c...
compiling Lab2.c...
assembling startup.s...
assembling OSasm.s...
compiling ADC.c...
compiling ST7735.c...
compiling Switch.c...
compiling UART.c...
assembling cr4_fft_64_stm32.s...
assembling PID_stm32.s...
linking...
Program Size: Code=5892 RO-data=32 RW-data=324 ZI-data=23292  
".\UARTInts.axf" - 0 Error(s), 0 Warning(s).
Load "C:\\EE445M\\Lab3\\UARTInts.axf" 
Connecting: Mode=JTAG, Speed=1000000Hz
Erase Done.
Programming Done.
Verify OK.
</pre>
</body>
</html>
on to list image symbols.
Finished: 1 information, 0 warning and 1 error messages.
".\UARTInts.axf" - 1 Error(s), 1 Warning(s).
Target not created
Load "C:\\EE445M\\Lab3\\UARTInts.axf" 
_____^
*** error 56: cannot open file
Error: Flash Download failed  -  Could not load file 'C:\EE445M\Lab3\UARTInts.axf'
