ARM Linker, 5.03 [Build 76] [MDK-ARM Lite]

==============================================================================

Section Cross References

    os.o(i.OS_AddPeriodicThread) refers to startup.o(.text) for StartCritical
    os.o(i.OS_AddPeriodicThread) refers to osasm.o(.text) for OS_DisableInterrupts
    os.o(i.OS_AddPeriodicThread) refers to os.o(i.removeAndAddToSingleList) for removeAndAddToSingleList
    os.o(i.OS_AddPeriodicThread) refers to os.o(.data) for DeadPeriodicPt
    os.o(i.OS_AddSW1Task) refers to switch.o(i.Switch_Init) for Switch_Init
    os.o(i.OS_AddSW2Task) refers to switch.o(i.Switch_Init) for Switch_Init
    os.o(i.OS_AddThread) refers to startup.o(.text) for StartCritical
    os.o(i.OS_AddThread) refers to osasm.o(.text) for OS_DisableInterrupts
    os.o(i.OS_AddThread) refers to os.o(i.SetInitialStack) for SetInitialStack
    os.o(i.OS_AddThread) refers to os.o(i.addDeadToScheduler) for addDeadToScheduler
    os.o(i.OS_AddThread) refers to os.o(i.OS_Suspend) for OS_Suspend
    os.o(i.OS_AddThread) refers to os.o(.data) for DeadPt
    os.o(i.OS_Block) refers to os.o(i.addThreadToBlocked) for addThreadToBlocked
    os.o(i.OS_Block) refers to os.o(.data) for switched
    os.o(i.OS_ClearMsTime) refers to os.o(.data) for timerMsCounter
    os.o(i.OS_Fifo_Get) refers to os.o(i.OS_Wait) for OS_Wait
    os.o(i.OS_Fifo_Get) refers to os.o(i.OS_bWait) for OS_bWait
    os.o(i.OS_Fifo_Get) refers to os.o(i.OS_bSignal) for OS_bSignal
    os.o(i.OS_Fifo_Get) refers to os.o(.data) for dataAvailable
    os.o(i.OS_Fifo_Get) refers to os.o(.bss) for TxFifo
    os.o(i.OS_Fifo_Init) refers to os.o(i.OS_InitSemaphore) for OS_InitSemaphore
    os.o(i.OS_Fifo_Init) refers to os.o(.data) for OS_TxGetI
    os.o(i.OS_Fifo_Put) refers to os.o(i.OS_Signal) for OS_Signal
    os.o(i.OS_Fifo_Put) refers to os.o(.data) for OS_TxPutI
    os.o(i.OS_Fifo_Put) refers to os.o(.bss) for TxFifo
    os.o(i.OS_Fifo_Size) refers to os.o(i.OS_bWait) for OS_bWait
    os.o(i.OS_Fifo_Size) refers to os.o(i.OS_bSignal) for OS_bSignal
    os.o(i.OS_Fifo_Size) refers to os.o(.data) for mutex
    os.o(i.OS_Id) refers to os.o(.data) for RunPt
    os.o(i.OS_Init) refers to osasm.o(.text) for OS_DisableInterrupts
    os.o(i.OS_Init) refers to pll.o(i.PLL_Init) for PLL_Init
    os.o(i.OS_Init) refers to uart.o(i.UART_Init) for UART_Init
    os.o(i.OS_Init) refers to os.o(.bss) for threadPool
    os.o(i.OS_Init) refers to os.o(.data) for DeadPt
    os.o(i.OS_Kill) refers to osasm.o(.text) for OS_DisableInterrupts
    os.o(i.OS_Kill) refers to os.o(i.threadRemover) for threadRemover
    os.o(i.OS_Kill) refers to os.o(i.OS_Suspend) for OS_Suspend
    os.o(i.OS_Kill) refers to os.o(.data) for DeadPt
    os.o(i.OS_Launch) refers to os.o(i.Timer2_Init) for Timer2_Init
    os.o(i.OS_Launch) refers to os.o(i.Timer1A_Init) for Timer1A_Init
    os.o(i.OS_Launch) refers to osasm.o(.text) for StartOS
    os.o(i.OS_Launch) refers to os.o(.data) for SchedulerPt
    os.o(i.OS_MailBox_Init) refers to os.o(i.OS_InitSemaphore) for OS_InitSemaphore
    os.o(i.OS_MailBox_Init) refers to os.o(.data) for mailBoxFree
    os.o(i.OS_MailBox_Recv) refers to os.o(i.OS_bWait) for OS_bWait
    os.o(i.OS_MailBox_Recv) refers to os.o(i.OS_bSignal) for OS_bSignal
    os.o(i.OS_MailBox_Recv) refers to os.o(.data) for dataValid
    os.o(i.OS_MailBox_Send) refers to os.o(i.OS_bWait) for OS_bWait
    os.o(i.OS_MailBox_Send) refers to os.o(i.OS_bSignal) for OS_bSignal
    os.o(i.OS_MailBox_Send) refers to os.o(.data) for mailBoxFree
    os.o(i.OS_MsTime) refers to os.o(.data) for timerMsCounter
    os.o(i.OS_ReadPeriodicTime) refers to os.o(.data) for timerCounter
    os.o(i.OS_SW1Jitter) refers to os.o(i.OS_Time) for OS_Time
    os.o(i.OS_SW1Jitter) refers to os.o(i.OS_TimeDifference) for OS_TimeDifference
    os.o(i.OS_SW1Jitter) refers to os.o(.data) for LastTime
    os.o(i.OS_SW1Jitter) refers to os.o(.bss) for SW1JitterHistogram
    os.o(i.OS_SW2Jitter) refers to os.o(i.OS_Time) for OS_Time
    os.o(i.OS_SW2Jitter) refers to os.o(i.OS_TimeDifference) for OS_TimeDifference
    os.o(i.OS_SW2Jitter) refers to os.o(.data) for LastTime
    os.o(i.OS_SW2Jitter) refers to os.o(.bss) for SW2JitterHistogram
    os.o(i.OS_Signal) refers to startup.o(.text) for StartCritical
    os.o(i.OS_Signal) refers to os.o(i.addDeadToScheduler) for addDeadToScheduler
    os.o(i.OS_Sleep) refers to osasm.o(.text) for OS_DisableInterrupts
    os.o(i.OS_Sleep) refers to os.o(i.threadRemover) for threadRemover
    os.o(i.OS_Sleep) refers to os.o(i.OS_Suspend) for OS_Suspend
    os.o(i.OS_Sleep) refers to os.o(.data) for SleepPt
    os.o(i.OS_Suspend) refers to os.o(.data) for eventLoggerElement
    os.o(i.OS_Suspend) refers to os.o(.bss) for eventLogger
    os.o(i.OS_Time) refers to os.o(.data) for timerCounter
    os.o(i.OS_Wait) refers to startup.o(.text) for StartCritical
    os.o(i.OS_Wait) refers to os.o(i.OS_Block) for OS_Block
[...]
    libinit.o(.ARM.Collect$$libinit$$00000000) refers (Special) to libinit2.o(.ARM.Collect$$libinit$$0000001B) for __rt_lib_init_signal_1
    libinit.o(.ARM.Collect$$libinit$$00000000) refers (Special) to libinit2.o(.ARM.Collect$$libinit$$00000023) for __rt_lib_init_stdio_1
    libinit.o(.ARM.Collect$$libinit$$00000000) refers (Special) to libinit2.o(.ARM.Collect$$libinit$$0000000A) for __rt_lib_init_user_alloc_1
    libspace.o(.text) refers to libspace.o(.bss) for __libspace_start
    rtexit.o(.ARM.Collect$$rtexit$$00000000) refers (Special) to rtexit2.o(.ARM.Collect$$rtexit$$00000004) for __rt_exit_exit
    rtexit.o(.ARM.Collect$$rtexit$$00000000) refers (Special) to rtexit2.o(.ARM.Collect$$rtexit$$00000003) for __rt_exit_ls
    rtexit.o(.ARM.Collect$$rtexit$$00000000) refers (Special) to rtexit2.o(.ARM.Collect$$rtexit$$00000002) for __rt_exit_prels_1
    rtexit.o(.ARM.exidx) refers (Special) to rtexit2.o(.ARM.Collect$$rtexit$$00000004) for __rt_exit_exit
    rtexit.o(.ARM.exidx) refers (Special) to rtexit2.o(.ARM.Collect$$rtexit$$00000003) for __rt_exit_ls
    rtexit.o(.ARM.exidx) refers (Special) to rtexit2.o(.ARM.Collect$$rtexit$$00000002) for __rt_exit_prels_1
    rtexit.o(.ARM.exidx) refers to rtexit.o(.ARM.Collect$$rtexit$$00000000) for .ARM.Collect$$rtexit$$00000000
    libinit2.o(.ARM.Collect$$libinit$$0000000E) refers to libinit2.o(.ARM.Collect$$libinit$$0000000D) for .ARM.Collect$$libinit$$0000000D
    libinit2.o(.ARM.Collect$$libinit$$00000010) refers to libinit2.o(.ARM.Collect$$libinit$$0000000D) for .ARM.Collect$$libinit$$0000000D
    libinit2.o(.ARM.Collect$$libinit$$00000012) refers to libinit2.o(.ARM.Collect$$libinit$$0000000D) for .ARM.Collect$$libinit$$0000000D
    libinit2.o(.ARM.Collect$$libinit$$00000014) refers to libinit2.o(.ARM.Collect$$libinit$$0000000D) for .ARM.Collect$$libinit$$0000000D
    libinit2.o(.ARM.Collect$$libinit$$00000016) refers to libinit2.o(.ARM.Collect$$libinit$$0000000D) for .ARM.Collect$$libinit$$0000000D
    libinit2.o(.ARM.Collect$$libinit$$00000024) refers to argv_veneer.o(.emb_text) for __ARM_argv_veneer
    libinit2.o(.ARM.Collect$$libinit$$00000025) refers to argv_veneer.o(.emb_text) for __ARM_argv_veneer
    rtexit2.o(.ARM.Collect$$rtexit$$00000003) refers to libshutdown.o(.ARM.Collect$$libshutdown$$00000000) for __rt_lib_shutdown
    rtexit2.o(.ARM.Collect$$rtexit$$00000004) refers to sys_exit.o(.text) for _sys_exit
    rtexit2.o(.ARM.exidx) refers to rtexit2.o(.ARM.Collect$$rtexit$$00000001) for .ARM.Collect$$rtexit$$00000001
    rtexit2.o(.ARM.exidx) refers to rtexit2.o(.ARM.Collect$$rtexit$$00000003) for .ARM.Collect$$rtexit$$00000003
    rtexit2.o(.ARM.exidx) refers to rtexit2.o(.ARM.Collect$$rtexit$$00000004) for .ARM.Collect$$rtexit$$00000004
    argv_veneer.o(.emb_text) refers to no_argv.o(.text) for __ARM_get_argv
    sys_exit.o(.text) refers (Special) to use_no_semi.o(.text) for __I$use$semihosting
    sys_exit.o(.text) refers (Special) to indicate_semi.o(.text) for __semihosting_library_function
    _get_argv_nomalloc.o(.text) refers (Special) to hrguard.o(.text) for __heap_region$guard
    _get_argv_nomalloc.o(.text) refers to defsig_rtmem_outer.o(.text) for __rt_SIGRTMEM
    _get_argv_nomalloc.o(.text) refers to sys_command.o(.text) for _sys_command_string
    libshutdown.o(.ARM.Collect$$libshutdown$$00000000) refers (Special) to libshutdown2.o(.ARM.Collect$$libshutdown$$00000006) for __rt_lib_shutdown_fp_trap_1
    libshutdown.o(.ARM.Collect$$libshutdown$$00000000) refers (Special) to libshutdown2.o(.ARM.Collect$$libshutdown$$0000000E) for __rt_lib_shutdown_heap_1
    libshutdown.o(.ARM.Collect$$libshutdown$$00000000) refers (Special) to libshutdown2.o(.ARM.Collect$$libshutdown$$0000000F) for __rt_lib_shutdown_return
    libshutdown.o(.ARM.Collect$$libshutdown$$00000000) refers (Special) to libshutdown2.o(.ARM.Collect$$libshutdown$$00000009) for __rt_lib_shutdown_signal_1
    libshutdown.o(.ARM.Collect$$libshutdown$$00000000) refers (Special) to libshutdown2.o(.ARM.Collect$$libshutdown$$00000003) for __rt_lib_shutdown_stdio_1
    libshutdown.o(.ARM.Collect$$libshutdown$$00000000) refers (Special) to libshutdown2.o(.ARM.Collect$$libshutdown$$0000000B) for __rt_lib_shutdown_user_alloc_1
    sys_command.o(.text) refers (Special) to use_no_semi.o(.text) for __I$use$semihosting
    sys_command.o(.text) refers (Special) to indicate_semi.o(.text) for __semihosting_library_function
    defsig_rtmem_outer.o(.text) refers to defsig_rtmem_inner.o(.text) for __rt_SIGRTMEM_inner
    defsig_rtmem_outer.o(.text) refers to defsig_exit.o(.text) for __sig_exit
    defsig_rtmem_formal.o(.text) refers to rt_raise.o(.text) for __rt_raise
    rt_raise.o(.text) refers to __raise.o(.text) for __raise
    rt_raise.o(.text) refers to sys_exit.o(.text) for _sys_exit
    defsig_exit.o(.text) refers to sys_exit.o(.text) for _sys_exit
    defsig_rtmem_inner.o(.text) refers to defsig_general.o(.text) for __default_signal_display
    __raise.o(.text) refers to defsig.o(CL$$defsig) for __default_signal_handler
    defsig_general.o(.text) refers to sys_wrch.o(.text) for _ttywrch
    sys_wrch.o(.text) refers (Special) to use_no_semi.o(.text) for __I$use$semihosting
    sys_wrch.o(.text) refers (Special) to indicate_semi.o(.text) for __semihosting_library_function
    defsig.o(CL$$defsig) refers to defsig_rtmem_inner.o(.text) for __rt_SIGRTMEM_inner
    defsig_abrt_inner.o(.text) refers to defsig_general.o(.text) for __default_signal_display
    defsig_fpe_inner.o(.text) refers to defsig_general.o(.text) for __default_signal_display
    defsig_rtred_inner.o(.text) refers to defsig_general.o(.text) for __default_signal_display
    defsig_stak_inner.o(.text) refers to defsig_general.o(.text) for __default_signal_display
    defsig_pvfn_inner.o(.text) refers to defsig_general.o(.text) for __default_signal_display
    defsig_cppl_inner.o(.text) refers to defsig_general.o(.text) for __default_signal_display
    defsig_segv_inner.o(.text) refers to defsig_general.o(.text) for __default_signal_display
    defsig_other.o(.text) refers to defsig_general.o(.text) for __default_signal_display


==============================================================================

Removing Unused input sections from the image.

    Removing os.o(i.OS_Fifo_Size), (40 bytes).
    Removing os.o(i.OS_SW1Jitter), (100 bytes).
    Removing os.o(i.OS_SW2Jitter), (100 bytes).
    Removing os.o(i.millisecondsToCount), (12 bytes).
    Removing os.o(.constdata), (8 bytes).
    Removing lab2.o(i.PortE_Init), (116 bytes).
    Removing lab2.o(i.PortF_Init), (116 bytes).
    Removing lab2.o(.constdata), (4 bytes).
    Removing st7735.o(i.Output_Clear), (10 bytes).
    Removing st7735.o(i.Output_Color), (12 bytes).
    Removing st7735.o(i.Output_Init), (16 bytes).
    Removing st7735.o(i.Output_Off), (8 bytes).
    Removing st7735.o(i.Output_On), (8 bytes).
    Removing st7735.o(i.ST7735_Color565), (24 bytes).
    Removing st7735.o(i.ST7735_DrawBitmap), (288 bytes).
    Removing st7735.o(i.ST7735_DrawChar), (268 bytes).
    Removing st7735.o(i.ST7735_DrawFastHLine), (124 bytes).
    Removing st7735.o(i.ST7735_DrawFastVLine), (124 bytes).
    Removing st7735.o(i.ST7735_InitB), (40 bytes).
    Removing st7735.o(i.ST7735_InvertDisplay), (22 bytes).
    Removing st7735.o(i.ST7735_OutChar), (216 bytes).
    Removing st7735.o(i.ST7735_OutString), (24 bytes).
    Removing st7735.o(i.ST7735_PlotBar), (88 bytes).
    Removing st7735.o(i.ST7735_PlotClear), (92 bytes).
    Removing st7735.o(i.ST7735_PlotLine), (264 bytes).
    Removing st7735.o(i.ST7735_PlotNext), (32 bytes).
    Removing st7735.o(i.ST7735_PlotNextErase), (64 bytes).
    Removing st7735.o(i.ST7735_PlotPoint), (152 bytes).
    Removing st7735.o(i.ST7735_PlotPoints), (172 bytes).
    Removing st7735.o(i.ST7735_PlotdBfs), (60 bytes).
    Removing st7735.o(i.ST7735_SetRotation), (212 bytes).
    Removing st7735.o(i.ST7735_SetTextColor), (12 bytes).
    Removing st7735.o(i.ST7735_SwapColor), (18 bytes).
    Removing st7735.o(i.ferror), (8 bytes).
    Removing st7735.o(i.fgetc), (6 bytes).
    Removing st7735.o(i.fputc), (16 bytes).
    Removing switch.o(i.Switch_Input), (16 bytes).
    Removing uart.o(i.UART_InUHex), (108 bytes).
    Removing uart.o(i.UART_OutUHex), (52 bytes).

39 unused section(s) (total 3052 bytes) removed from the image.

==============================================================================

Image Symbol Table

    Local Symbols

    Symbol Name                              Value     Ov Type        Size  Object(Section)

    RESET                                    0x00000000   Section      644  startup.o(RESET)
    ../clib/angel/boardlib.s                 0x00000000   Number         0  boardinit2.o ABSOLUTE
    ../clib/angel/boardlib.s                 0x00000000   Number         0  boardinit3.o ABSOLUTE
    ../clib/angel/boardlib.s                 0x00000000   Number         0  boardshut.o ABSOLUTE
    ../clib/angel/boardlib.s                 0x00000000   Number         0  boardinit1.o ABSOLUTE
    ../clib/angel/dczerorl.s                 0x00000000   Number         0  __dczerorl.o ABSOLUTE
    ../clib/angel/handlers.s                 0x00000000   Number         0  __scatter_zi.o ABSOLUTE
    ../clib/angel/kernel.s                   0x00000000   Number         0  rtexit2.o ABSOLUTE
    ../clib/angel/kernel.s                   0x00000000   Number         0  rtentry4.o ABSOLUTE
    ../clib/angel/kernel.s                   0x00000000   Number         0  rtentry.o ABSOLUTE
    ../clib/angel/kernel.s                   0x00000000   Number         0  rtentry2.o ABSOLUTE
    ../clib/angel/kernel.s                   0x00000000   Number         0  rtexit.o ABSOLUTE
    ../clib/angel/rt.s                       0x00000000   Number         0  rt_raise.o ABSOLUTE
    ../clib/angel/scatter.s                  0x00000000   Number         0  __scatter.o ABSOLUTE
    ../clib/angel/startup.s                  0x00000000   Number         0  __main.o ABSOLUTE
    ../clib/angel/sys.s                      0x00000000   Number         0  use_no_semi.o ABSOLUTE
    ../clib/angel/sys.s                      0x00000000   Number         0  sys_stackheap_outer.o ABSOLUTE
    ../clib/angel/sys.s                      0x00000000   Number         0  libspace.o ABSOLUTE
    ../clib/angel/sys.s                      0x00000000   Number         0  indicate_semi.o ABSOLUTE
    ../clib/angel/sysapp.c                   0x00000000   Number         0  sys_command.o ABSOLUTE
    ../clib/angel/sysapp.c                   0x00000000   Number         0  sys_wrch.o ABSOLUTE
    ../clib/angel/sysapp.c                   0x00000000   Number         0  sys_exit.o ABSOLUTE
    ../clib/armsys.c                         0x00000000   Number         0  argv_veneer.o ABSOLUTE
    ../clib/armsys.c                         0x00000000   Number         0  no_argv.o ABSOLUTE
    ../clib/armsys.c                         0x00000000   Number         0  argv_veneer.o ABSOLUTE
    ../clib/armsys.c                         0x00000000   Number         0  _get_argv_nomalloc.o ABSOLUTE
    ../clib/heapalloc.c                      0x00000000   Number         0  hrguard.o ABSOLUTE
    ../clib/heapaux.c                        0x00000000   Number         0  heapauxi.o ABSOLUTE
    ../clib/libinit.s                        0x00000000   Number         0  libshutdown2.o ABSOLUTE
    ../clib/libinit.s                        0x00000000   Number         0  libshutdown.o ABSOLUTE
    ../clib/libinit.s                        0x00000000   Number         0  libinit2.o ABSOLUTE
    ../clib/libinit.s                        0x00000000   Number         0  libinit.o ABSOLUTE
    ../clib/memcpset.s                       0x00000000   Number         0  rt_memclr_w.o ABSOLUTE
    ../clib/signal.c                         0x00000000   Number         0  defsig_rtmem_formal.o ABSOLUTE
    ../clib/signal.c                         0x00000000   Number         0  defsig_rtmem_outer.o ABSOLUTE
    ../clib/signal.c                         0x00000000   Number         0  defsig_pvfn_inner.o ABSOLUTE
    ../clib/signal.c                         0x00000000   Number         0  defsig_stak_inner.o ABSOLUTE
    ../clib/signal.c                         0x00000000   Number         0  defsig_rtred_inner.o ABSOLUTE
    ../clib/signal.c                         0x00000000   Number         0  defsig_segv_inner.o ABSOLUTE
    ../clib/signal.c                         0x00000000   Number         0  defsig_general.o ABSOLUTE
    ../clib/signal.c                         0x00000000   Number         0  __raise.o ABSOLUTE
    ../clib/signal.c                         0x00000000   Number         0  defsig_rtmem_inner.o ABSOLUTE
    ../clib/signal.c                         0x00000000   Number         0  defsig_cppl_inner.o ABSOLUTE
    ../clib/signal.c                         0x00000000   Number         0  defsig_fpe_inner.o ABSOLUTE
    ../clib/signal.c                         0x00000000   Number         0  defsig_abrt_inner.o ABSOLUTE
    ../clib/signal.c                         0x00000000   Number         0  defsig_other.o ABSOLUTE
    ../clib/signal.c                         0x00000000   Number         0  defsig_exit.o ABSOLUTE
    ../clib/signal.s                         0x00000000   Number         0  defsig.o ABSOLUTE
    ../clib/stdlib.c                         0x00000000   Number         0  exit.o ABSOLUTE
    ../clib/string.c                         0x00000000   Number         0  strlen.o ABSOLUTE
    ../fplib/fpinit.s                        0x00000000   Number         0  fpinit.o ABSOLUTE
    ADC.c                                    0x00000000   Number         0  adc.o ABSOLUTE
    Lab2.c                                   0x00000000   Number         0  lab2.o ABSOLUTE
    OS.c                                     0x00000000   Number         0  os.o ABSOLUTE
    OSasm.s                                  0x00000000   Number         0  osasm.o ABSOLUTE
    PID_stm32.s                              0x00000000   Number         0  pid_stm32.o ABSOLUTE
    PLL.c                                    0x00000000   Number         0  pll.o ABSOLUTE
    ST7735.c                                 0x00000000   Number         0  st7735.o ABSOLUTE
    Switch.c                                 0x00000000   Number         0  switch.o ABSOLUTE
    UART.c                                   0x00000000   Number         0  uart.o ABSOLUTE
    cr4_fft_64_stm32.s                       0x00000000   Number         0  cr4_fft_64_stm32.o ABSOLUTE
    dc.s                                     0x00000000   Number         0  dc.o ABSOLUTE
    startup.s                                0x00000000   Number         0  startup.o ABSOLUTE
    !!!main                                  0x00000284   Section        8  __main.o(!!!main)
    !!!scatter                               0x0000028c   Section       52  __scatter.o(!!!scatter)
    !!dczerorl                               0x000002c0   Section       58  __dczerorl.o(!!dczerorl)
    !!handler_zi                             0x000002fc   Section       28  __scatter_zi.o(!!handler_zi)
    .ARM.Collect$$libinit$$00000000          0x00000318   Section        2  libinit.o(.ARM.Collect$$libinit$$00000000)
    .ARM.Collect$$libinit$$00000002          0x0000031a   Section        0  libinit2.o(.ARM.Collect$$libinit$$00000002)
    .ARM.Collect$$libinit$$00000008          0x0000031a   Section        0  libinit2.o(.ARM.Collect$$libinit$$00000008)
    .ARM.Collect$$libinit$$0000000A          0x0000031a   Section        0  libinit2.o(.ARM.Collect$$libinit$$0000000A)
    .ARM.Collect$$libinit$$0000000C          0x0000031a   Section        0  libinit2.o(.ARM.Collect$$libinit$$0000000C)
    .ARM.Collect$$libinit$$0000000F          0x0000031a   Section        0  libinit2.o(.ARM.Collect$$libinit$$0000000F)
    .ARM.Collect$$libinit$$00000011          0x0000031a   Section        0  libinit2.o(.ARM.Collect$$libinit$$00000011)
    .ARM.Collect$$libinit$$00000013          0x0000031a   Section        0  libinit2.o(.ARM.Collect$$libinit$$00000013)
    .ARM.Collect$$libinit$$00000015          0x0000031a   Section        0  libinit2.o(.ARM.Collect$$libinit$$00000015)
    .ARM.Collect$$libinit$$00000017          0x0000031a   Section        0  libinit2.o(.ARM.Collect$$libinit$$00000017)
    .ARM.Collect$$libinit$$00000019          0x0000031a   Section        0  libinit2.o(.ARM.Collect$$libinit$$00000019)
    .ARM.Collect$$libinit$$0000001B          0x0000031a   Section        0  libinit2.o(.ARM.Collect$$libinit$$0000001B)
    .ARM.Collect$$libinit$$0000001D          0x0000031a   Section        0  libinit2.o(.ARM.Collect$$libinit$$0000001D)
    .ARM.Collect$$libinit$$0000001F          0x0000031a   Section        0  libinit2.o(.ARM.Collect$$libinit$$0000001F)
    .ARM.Collect$$libinit$$00000021          0x0000031a   Section        0  libinit2.o(.ARM.Collect$$libinit$$00000021)
    .ARM.Collect$$libinit$$00000023          0x0000031a   Section        0  libinit2.o(.ARM.Collect$$libinit$$00000023)
    .ARM.Collect$$libinit$$0000002A          0x0000031a   Section        0  libinit2.o(.ARM.Collect$$libinit$$0000002A)
    .ARM.Collect$$libinit$$0000002C          0x0000031a   Section        0  libinit2.o(.ARM.Collect$$libinit$$0000002C)
    .ARM.Collect$$libinit$$0000002E          0x0000031a   Section        0  libinit2.o(.ARM.Collect$$libinit$$0000002E)
    .ARM.Collect$$libinit$$00000030          0x0000031a   Section        0  libinit2.o(.ARM.Collect$$libinit$$00000030)
    .ARM.Collect$$libinit$$00000031          0x0000031a   Section        2  libinit2.o(.ARM.Collect$$libinit$$00000031)
    .ARM.Collect$$libshutdown$$00000000      0x0000031c   Section        2  libshutdown.o(.ARM.Collect$$libshutdown$$00000000)
    .ARM.Collect$$libshutdown$$00000003      0x0000031e   Section        0  libshutdown2.o(.ARM.Collect$$libshutdown$$00000003)
    .ARM.Collect$$libshutdown$$00000006      0x0000031e   Section        0  libshutdown2.o(.ARM.Collect$$libshutdown$$00000006)
    .ARM.Collect$$libshutdown$$00000009      0x0000031e   Section        0  libshutdown2.o(.ARM.Collect$$libshutdown$$00000009)
    .ARM.Collect$$libshutdown$$0000000B      0x0000031e   Section        0  libshutdown2.o(.ARM.Collect$$libshutdown$$0000000B)
    .ARM.Collect$$libshutdown$$0000000E      0x0000031e   Section        0  libshutdown2.o(.ARM.Collect$$libshutdown$$0000000E)
    .ARM.Collect$$libshutdown$$0000000F      0x0000031e   Section        2  libshutdown2.o(.ARM.Collect$$libshutdown$$0000000F)
    .ARM.Collect$$rtentry$$00000000          0x00000320   Section        0  rtentry.o(.ARM.Collect$$rtentry$$00000000)
    .ARM.Collect$$rtentry$$00000002          0x00000320   Section        0  rtentry2.o(.ARM.Collect$$rtentry$$00000002)
    .ARM.Collect$$rtentry$$00000004          0x00000320   Section        6  rtentry4.o(.ARM.Collect$$rtentry$$00000004)
    .ARM.Collect$$rtentry$$00000009          0x00000326   Section        0  rtentry2.o(.ARM.Collect$$rtentry$$00000009)
    .ARM.Collect$$rtentry$$0000000A          0x00000326   Section        4  rtentry2.o(.ARM.Collect$$rtentry$$0000000A)
    .ARM.Collect$$rtentry$$0000000C          0x0000032a   Section        0  rtentry2.o(.ARM.Collect$$rtentry$$0000000C)
    .ARM.Collect$$rtentry$$0000000D          0x0000032a   Section        8  rtentry2.o(.ARM.Collect$$rtentry$$0000000D)
    .ARM.Collect$$rtexit$$00000000           0x00000332   Section        2  rtexit.o(.ARM.Collect$$rtexit$$00000000)
    .ARM.Collect$$rtexit$$00000002           0x00000334   Section        0  rtexit2.o(.ARM.Collect$$rtexit$$00000002)
    .ARM.Collect$$rtexit$$00000003           0x00000334   Section        4  rtexit2.o(.ARM.Collect$$rtexit$$00000003)
    .ARM.Collect$$rtexit$$00000004           0x00000338   Section        6  rtexit2.o(.ARM.Collect$$rtexit$$00000004)
    .text                                    0x00000340   Section       48  startup.o(.text)
    .text                                    0x00000370   Section      160  osasm.o(.text)
    .text                                    0x00000410   Section      718  cr4_fft_64_stm32.o(.text)
    .text                                    0x000006e0   Section       72  pid_stm32.o(.text)
    .text                                    0x00000728   Section        0  strlen.o(.text)
    .text                                    0x00000766   Section       78  rt_memclr_w.o(.text)
    .text                                    0x000007b4   Section        0  heapauxi.o(.text)
    .text                                    0x000007ba   Section       74  sys_stackheap_outer.o(.text)
    .text                                    0x00000804   Section        0  exit.o(.text)
    .text                                    0x00000810   Section        8  libspace.o(.text)
    .text                                    0x00000818   Section        0  sys_exit.o(.text)
    .text                                    0x00000824   Section        2  use_no_semi.o(.text)
    .text                                    0x00000826   Section        0  indicate_semi.o(.text)
    i.ADC0Seq3_Handler                       0x00000828   Section        0  adc.o(i.ADC0Seq3_Handler)
    i.ADC_Collect                            0x0000086c   Section        0  adc.o(i.ADC_Collect)
    i.ADC_In                                 0x000008b8   Section        0  adc.o(i.ADC_In)
    i.ADC_Init                               0x000008c4   Section        0  adc.o(i.ADC_Init)
    i.ADC_Open                               0x000009ac   Section        0  adc.o(i.ADC_Open)
    i.ButtonWork                             0x00000d18   Section        0  lab2.o(i.ButtonWork)
    i.Consumer                               0x00000ddc   Section        0  lab2.o(i.Consumer)
    i.DAS                                    0x00000e70   Section        0  lab2.o(i.DAS)
    i.DebounceTask                           0x00000f38   Section        0  switch.o(i.DebounceTask)
    i.Delay1ms                               0x00000f84   Section        0  st7735.o(i.Delay1ms)
    i.Display                                0x00000fa4   Section        0  lab2.o(i.Display)
    i.Filter                                 0x00001018   Section        0  lab2.o(i.Filter)
    i.GPIOArm                                0x000010e0   Section        0  switch.o(i.GPIOArm)
    GPIOArm                                  0x000010e1   Thumb Code    44  switch.o(i.GPIOArm)
    i.GPIOPortF_Handler                      0x00001118   Section        0  switch.o(i.GPIOPortF_Handler)
    i.Interpreter                            0x00001188   Section        0  lab2.o(i.Interpreter)
    i.LCD_test                               0x00001418   Section        0  lab2.o(i.LCD_test)
    i.OS_AddPeriodicThread                   0x00001434   Section        0  os.o(i.OS_AddPeriodicThread)
    i.OS_AddSW1Task                          0x00001480   Section        0  os.o(i.OS_AddSW1Task)
    i.OS_AddSW2Task                          0x00001494   Section        0  os.o(i.OS_AddSW2Task)
    i.OS_AddThread                           0x000014a8   Section        0  os.o(i.OS_AddThread)
    i.OS_Block                               0x00001548   Section        0  os.o(i.OS_Block)
    i.OS_ClearMsTime                         0x00001560   Section        0  os.o(i.OS_ClearMsTime)
    i.OS_Fifo_Get                            0x0000156c   Section        0  os.o(i.OS_Fifo_Get)
    i.OS_Fifo_Init                           0x000015bc   Section        0  os.o(i.OS_Fifo_Init)
    i.OS_Fifo_Put                            0x000015ec   Section        0  os.o(i.OS_Fifo_Put)
    i.OS_Id                                  0x00001638   Section        0  os.o(i.OS_Id)
    i.OS_Init                                0x00001648   Section        0  os.o(i.OS_Init)
    i.OS_InitSemaphore                       0x00001734   Section        0  os.o(i.OS_InitSemaphore)
    i.OS_Kill                                0x0000173c   Section        0  os.o(i.OS_Kill)
    i.OS_Launch                              0x00001770   Section        0  os.o(i.OS_Launch)
    i.OS_MailBox_Init                        0x000017a4   Section        0  os.o(i.OS_MailBox_Init)
    i.OS_MailBox_Recv                        0x000017c4   Section        0  os.o(i.OS_MailBox_Recv)
    i.OS_MailBox_Send                        0x000017e8   Section        0  os.o(i.OS_MailBox_Send)
    i.OS_MsTime                              0x0000180c   Section        0  os.o(i.OS_MsTime)
    i.OS_ReadPeriodicTime                    0x0000181c   Section        0  os.o(i.OS_ReadPeriodicTime)
    i.OS_Signal                              0x00001828   Section        0  os.o(i.OS_Signal)
    i.OS_Sleep                               0x0000185c   Section        0  os.o(i.OS_Sleep)
    i.OS_Suspend                             0x00001894   Section        0  os.o(i.OS_Suspend)
    i.OS_Time                                0x000018f0   Section        0  os.o(i.OS_Time)
    i.OS_TimeDifference                      0x00001900   Section        0  os.o(i.OS_TimeDifference)
    i.OS_Wait                                0x00001906   Section        0  os.o(i.OS_Wait)
    i.OS_bSignal                             0x00001936   Section        0  os.o(i.OS_bSignal)
    i.OS_bWait                               0x00001964   Section        0  os.o(i.OS_bWait)
    i.OutCRLF                                0x00001994   Section        0  lab2.o(i.OutCRLF)
    i.PID                                    0x000019a4   Section        0  lab2.o(i.PID)
    i.PLL_Init                               0x00001a20   Section        0  pll.o(i.PLL_Init)
    i.PortB_Init                             0x00001a9c   Section        0  lab2.o(i.PortB_Init)
    i.Producer                               0x00001b10   Section        0  lab2.o(i.Producer)
    i.RxFifo_Get                             0x00001b44   Section        0  uart.o(i.RxFifo_Get)
    i.RxFifo_Init                            0x00001b80   Section        0  uart.o(i.RxFifo_Init)
    i.RxFifo_Put                             0x00001ba4   Section        0  uart.o(i.RxFifo_Put)
    i.RxFifo_Size                            0x00001be0   Section        0  uart.o(i.RxFifo_Size)
    i.ST7735_DrawCharS                       0x00001bf8   Section        0  st7735.o(i.ST7735_DrawCharS)
    i.ST7735_DrawPixel                       0x00001cec   Section        0  st7735.o(i.ST7735_DrawPixel)
    i.ST7735_DrawString                      0x00001d34   Section        0  st7735.o(i.ST7735_DrawString)
    i.ST7735_FillRect                        0x00001d8c   Section        0  st7735.o(i.ST7735_FillRect)
    i.ST7735_FillScreen                      0x00001e38   Section        0  st7735.o(i.ST7735_FillScreen)
    i.ST7735_InitR                           0x00001e5c   Section        0  st7735.o(i.ST7735_InitR)
    i.ST7735_Message                         0x00001ee4   Section        0  st7735.o(i.ST7735_Message)
    i.ST7735_OutUDec                         0x00001f6c   Section        0  st7735.o(i.ST7735_OutUDec)
    i.ST7735_SetCursor                       0x00001ff8   Section        0  st7735.o(i.ST7735_SetCursor)
    i.SW1Push                                0x00002018   Section        0  lab2.o(i.SW1Push)
    i.SW2Push                                0x00002048   Section        0  lab2.o(i.SW2Push)
    i.SetInitialStack                        0x00002078   Section        0  os.o(i.SetInitialStack)
    i.Switch_Init                            0x00002120   Section        0  switch.o(i.Switch_Init)
    i.Timer1A_Handler                        0x00002238   Section        0  os.o(i.Timer1A_Handler)
    i.Timer1A_Init                           0x000022e4   Section        0  os.o(i.Timer1A_Init)
    Timer1A_Init                             0x000022e5   Thumb Code   102  os.o(i.Timer1A_Init)
    i.Timer2A_Handler                        0x00002360   Section        0  os.o(i.Timer2A_Handler)
    i.Timer2_Init                            0x00002388   Section        0  os.o(i.Timer2_Init)
    i.TxFifo_Get                             0x000023e0   Section        0  uart.o(i.TxFifo_Get)
    i.TxFifo_Init                            0x0000241c   Section        0  uart.o(i.TxFifo_Init)
    i.TxFifo_Put                             0x00002440   Section        0  uart.o(i.TxFifo_Put)
    i.TxFifo_Size                            0x0000247c   Section        0  uart.o(i.TxFifo_Size)
    i.UART0_Handler                          0x00002494   Section        0  uart.o(i.UART0_Handler)
    i.UART_InChar                            0x000024ec   Section        0  uart.o(i.UART_InChar)
    i.UART_InString                          0x00002514   Section        0  uart.o(i.UART_InString)
    i.UART_InUDec                            0x0000255a   Section        0  uart.o(i.UART_InUDec)
    i.UART_Init                              0x000025a8   Section        0  uart.o(i.UART_Init)
    i.UART_OutChar                           0x000026a0   Section        0  uart.o(i.UART_OutChar)
    i.UART_OutString                         0x000026e0   Section        0  uart.o(i.UART_OutString)
    i.UART_OutUDec                           0x000026f8   Section        0  uart.o(i.UART_OutUDec)
    i.addDeadToScheduler                     0x00002724   Section        0  os.o(i.addDeadToScheduler)
    addDeadToScheduler                       0x00002725   Thumb Code   176  os.o(i.addDeadToScheduler)
    i.addSleepToScheduler                    0x000027e4   Section        0  os.o(i.addSleepToScheduler)
    addSleepToScheduler                      0x000027e5   Thumb Code   340  os.o(i.addSleepToScheduler)
    i.addThreadToBlocked                     0x0000294c   Section        0  os.o(i.addThreadToBlocked)
    i.commandList                            0x00002a44   Section        0  st7735.o(i.commandList)
    commandList                              0x00002a45   Thumb Code    86  st7735.o(i.commandList)
    i.commonInit                             0x00002a9c   Section        0  st7735.o(i.commonInit)
    commonInit                               0x00002a9d   Thumb Code   340  st7735.o(i.commonInit)
    i.copyHardwareToSoftware                 0x00002c20   Section        0  uart.o(i.copyHardwareToSoftware)
    copyHardwareToSoftware                   0x00002c21   Thumb Code    48  uart.o(i.copyHardwareToSoftware)
    i.copySoftwareToHardware                 0x00002c5c   Section        0  uart.o(i.copySoftwareToHardware)
    copySoftwareToHardware                   0x00002c5d   Thumb Code    50  uart.o(i.copySoftwareToHardware)
    i.dummy                                  0x00002c9c   Section        0  lab2.o(i.dummy)
    i.fillmessage                            0x00002ca0   Section        0  st7735.o(i.fillmessage)
    i.main                                   0x00002ce8   Section        0  lab2.o(i.main)
    i.pushColor                              0x00002dac   Section        0  st7735.o(i.pushColor)
    pushColor                                0x00002dad   Thumb Code    18  st7735.o(i.pushColor)
    i.removeAndAddToSingleList               0x00002dc0   Section        0  os.o(i.removeAndAddToSingleList)
    i.setAddrWindow                          0x00002e8c   Section        0  st7735.o(i.setAddrWindow)
    setAddrWindow                            0x00002e8d   Thumb Code   106  st7735.o(i.setAddrWindow)
    i.threadRemover                          0x00002f00   Section        0  os.o(i.threadRemover)
    threadRemover                            0x00002f01   Thumb Code   204  os.o(i.threadRemover)
    i.traverseSleep                          0x00002fe0   Section        0  os.o(i.traverseSleep)
    i.writecommand                           0x0000302c   Section        0  st7735.o(i.writecommand)
    writecommand                             0x0000302d   Thumb Code    40  st7735.o(i.writecommand)
    i.writedata                              0x0000305c   Section        0  st7735.o(i.writedata)
    writedata                                0x0000305d   Thumb Code    24  st7735.o(i.writedata)
    .constdata                               0x0000307c   Section     2018  st7735.o(.constdata)
    Font                                     0x0000307c   Data        1275  st7735.o(.constdata)
    Bcmd                                     0x00003577   Data         103  st7735.o(.constdata)
    Rcmd1                                    0x000035de   Data          59  st7735.o(.constdata)
    Rcmd2green                               0x00003619   Data          13  st7735.o(.constdata)
    Rcmd2red                                 0x00003626   Data          13  st7735.o(.constdata)
    Rcmd3                                    0x00003633   Data          43  st7735.o(.constdata)
    .data                                    0x20000000   Section      152  os.o(.data)
    LastTime                                 0x2000001c   Data           4  os.o(.data)
    LastTime                                 0x20000020   Data           4  os.o(.data)
    .data                                    0x20000098   Section       52  lab2.o(.data)
    n                                        0x2000009c   Data           4  lab2.o(.data)
    LastTime                                 0x200000a0   Data           4  lab2.o(.data)
    .data                                    0x200000cc   Section       20  adc.o(.data)
    currentChannel                           0x200000cc   Data           4  adc.o(.data)
    .data                                    0x200000e0   Section       52  st7735.o(.data)
    _width                                   0x200000ea   Data           2  st7735.o(.data)
    _height                                  0x200000ec   Data           2  st7735.o(.data)
    ColStart                                 0x200000f4   Data           1  st7735.o(.data)
    RowStart                                 0x200000f5   Data           1  st7735.o(.data)
    Rotation                                 0x200000f6   Data           1  st7735.o(.data)
    TabColor                                 0x200000f7   Data           1  st7735.o(.data)
    .data                                    0x20000114   Section       33  switch.o(.data)
    TouchPF4                                 0x20000114   Data           4  switch.o(.data)
    ReleasePF4                               0x20000118   Data           4  switch.o(.data)
    TouchPF0                                 0x2000011c   Data           4  switch.o(.data)
    ReleasePF0                               0x20000120   Data           4  switch.o(.data)
    LastPF4                                  0x20000124   Data           4  switch.o(.data)
    LastPF0                                  0x20000128   Data           4  switch.o(.data)
    taskPriority                             0x20000134   Data           1  switch.o(.data)
    .data                                    0x20000138   Section       48  uart.o(.data)
    .bss                                     0x20000168   Section    22952  os.o(.bss)
    .bss                                     0x20005b10   Section      816  lab2.o(.bss)
    x                                        0x20005c10   Data          24  lab2.o(.bss)
    y                                        0x20005c28   Data          24  lab2.o(.bss)
    .bss                                     0x20005e40   Section       12  st7735.o(.bss)
    .bss                                     0x20005e4c   Section       32  uart.o(.bss)
    RxFifo                                   0x20005e4c   Data          16  uart.o(.bss)
    TxFifo                                   0x20005e5c   Data          16  uart.o(.bss)
    .bss                                     0x20005e6c   Section       96  libspace.o(.bss)
    HEAP                                     0x20005ed0   Section        0  startup.o(HEAP)
    STACK                                    0x20005ed0   Section     1024  startup.o(STACK)
    HeapMem                                  0x20005ed0   Data           0  startup.o(HEAP)
    StackMem                                 0x20005ed0   Data           0  startup.o(STACK)

    Global Symbols

    Symbol Name                              Value     Ov Type        Size  Object(Section)

    BuildAttributes$$THM_ISAv4$E$P$D$K$B$S$7EM$PE$A:L22UL41UL21$X:L11$S22US41US21$IEEE1$IW$USESV6$~STKCKD$USESV7$~SHL$OSPACE$ROPI$EBA8$UX$STANDARDLIB$REQ8$PRES8$EABIv2 0x00000000   Number         0  anon$$obj.o ABSOLUTE
    __ARM_use_no_argv                        0x00000000   Number         0  lab2.o ABSOLUTE
    __Vectors                                0x00000000   Data           0  startup.o(RESET)
    __ARM_exceptions_init                     - Undefined Weak Reference
    __alloca_initialize                       - Undefined Weak Reference
    __cpp_initialize__aeabi_                  - Undefined Weak Reference
    __cxa_finalize                            - Undefined Weak Reference
    __rt_locale                               - Undefined Weak Reference
    __sigvec_lookup                           - Undefined Weak Reference
    _atexit_init                              - Undefined Weak Reference
    _call_atexit_fns                          - Undefined Weak Reference
    _clock_init                               - Undefined Weak Reference
    _fp_trap_init                             - Undefined Weak Reference
    _fp_trap_shutdown                         - Undefined Weak Reference
    _get_lc_collate                           - Undefined Weak Reference
    _get_lc_ctype                             - Undefined Weak Reference
    _get_lc_monetary                          - Undefined Weak Reference
    _get_lc_numeric                           - Undefined Weak Reference
    _get_lc_time                              - Undefined Weak Reference
    _getenv_init                              - Undefined Weak Reference
    _handle_redirection                       - Undefined Weak Reference
    _init_alloc                               - Undefined Weak Reference
    _init_user_alloc                          - Undefined Weak Reference
    _initio                                   - Undefined Weak Reference
    _rand_init                                - Undefined Weak Reference
    _signal_finish                            - Undefined Weak Reference
    _signal_init                              - Undefined Weak Reference
    _terminate_alloc                          - Undefined Weak Reference
    _terminate_user_alloc                     - Undefined Weak Reference
    _terminateio                              - Undefined Weak Reference
    Reset_Handler                            0x0000026d   Thumb Code     0  startup.o(RESET)
    NMI_Handler                              0x00000271   Thumb Code     2  startup.o(RESET)
    HardFault_Handler                        0x00000273   Thumb Code     2  startup.o(RESET)
    MemManage_Handler                        0x00000275   Thumb Code     2  startup.o(RESET)
    BusFault_Handler                         0x00000277   Thumb Code     2  startup.o(RESET)
    UsageFault_Handler                       0x00000279   Thumb Code     2  startup.o(RESET)
    SVC_Handler                              0x0000027b   Thumb Code     2  startup.o(RESET)
    DebugMon_Handler                         0x0000027d   Thumb Code     2  startup.o(RESET)
    ADC0Seq0_Handler                         0x00000283   Thumb Code     0  startup.o(RESET)
    ADC0Seq1_Handler                         0x00000283   Thumb Code     0  startup.o(RESET)
    ADC0Seq2_Handler                         0x00000283   Thumb Code     0  startup.o(RESET)
    ADC1Seq0_Handler                         0x00000283   Thumb Code     0  startup.o(RESET)
    ADC1Seq1_Handler                         0x00000283   Thumb Code     0  startup.o(RESET)
    ADC1Seq2_Handler                         0x00000283   Thumb Code     0  startup.o(RESET)
    ADC1Seq3_Handler                         0x00000283   Thumb Code     0  startup.o(RESET)
    CAN0_Handler                             0x00000283   Thumb Code     0  startup.o(RESET)
    CAN1_Handler                             0x00000283   Thumb Code     0  startup.o(RESET)
    CAN2_Handler                             0x00000283   Thumb Code     0  startup.o(RESET)
    Comp0_Handler                            0x00000283   Thumb Code     0  startup.o(RESET)
    Comp1_Handler                            0x00000283   Thumb Code     0  startup.o(RESET)
    Comp2_Handler                            0x00000283   Thumb Code     0  startup.o(RESET)
    Ethernet_Handler                         0x00000283   Thumb Code     0  startup.o(RESET)
    ExtBus_Handler                           0x00000283   Thumb Code     0  startup.o(RESET)
    FPU_Handler                              0x00000283   Thumb Code     0  startup.o(RESET)
    Fan0_Handler                             0x00000283   Thumb Code     0  startup.o(RESET)
    FlashCtl_Handler                         0x00000283   Thumb Code     0  startup.o(RESET)
    GPIOPortA_Handler                        0x00000283   Thumb Code     0  startup.o(RESET)
    GPIOPortB_Handler                        0x00000283   Thumb Code     0  startup.o(RESET)
    GPIOPortC_Handler                        0x00000283   Thumb Code     0  startup.o(RESET)
    GPIOPortD_Handler                        0x00000283   Thumb Code     0  startup.o(RESET)
    GPIOPortE_Handler                        0x00000283   Thumb Code     0  startup.o(RESET)
    GPIOPortG_Handler                        0x00000283   Thumb Code     0  startup.o(RESET)
    GPIOPortH_Handler                        0x00000283   Thumb Code     0  startup.o(RESET)
    GPIOPortJ_Handler                        0x00000283   Thumb Code     0  startup.o(RESET)
    GPIOPortK_Handler                        0x00000283   Thumb Code     0  startup.o(RESET)
    GPIOPortL_Handler                        0x00000283   Thumb Code     0  startup.o(RESET)
    GPIOPortM_Handler                        0x00000283   Thumb Code     0  startup.o(RESET)
    GPIOPortN_Handler                        0x00000283   Thumb Code     0  startup.o(RESET)
    GPIOPortP1_Handler                       0x00000283   Thumb Code     0  startup.o(RESET)
    GPIOPortP2_Handler                       0x00000283   Thumb Code     0  startup.o(RESET)
    GPIOPortP3_Handler                       0x00000283   Thumb Code     0  startup.o(RESET)
    GPIOPortP4_Handler                       0x00000283   Thumb Code     0  startup.o(RESET)
    GPIOPortP5_Handler                       0x00000283   Thumb Code     0  startup.o(RESET)
    GPIOPortP6_Handler                       0x00000283   Thumb Code     0  startup.o(RESET)
    GPIOPortP7_Handler                       0x00000283   Thumb Code     0  startup.o(RESET)
    GPIOPortP_Handler                        0x00000283   Thumb Code     0  startup.o(RESET)
    GPIOPortQ1_Handler                       0x00000283   Thumb Code     0  startup.o(RESET)
    GPIOPortQ2_Handler                       0x00000283   Thumb Code     0  startup.o(RESET)
    GPIOPortQ3_Handler                       0x00000283   Thumb Code     0  startup.o(RESET)
    GPIOPortQ4_Handler                       0x00000283   Thumb Code     0  startup.o(RESET)
    GPIOPortQ5_Handler                       0x00000283   Thumb Code     0  startup.o(RESET)
    GPIOPortQ6_Handler                       0x00000283   Thumb Code     0  startup.o(RESET)
    GPIOPortQ7_Handler                       0x00000283   Thumb Code     0  startup.o(RESET)
    GPIOPortQ_Handler                        0x00000283   Thumb Code     0  startup.o(RESET)
    GPIOPortR_Handler                        0x00000283   Thumb Code     0  startup.o(RESET)
    GPIOPortS_Handler                        0x00000283   Thumb Code     0  startup.o(RESET)
    Hibernate_Handler                        0x00000283   Thumb Code     0  startup.o(RESET)
    I2C0_Handler                             0x00000283   Thumb Code     0  startup.o(RESET)
    I2C1_Handler                             0x00000283   Thumb Code     0  startup.o(RESET)
    I2C2_Handler                             0x00000283   Thumb Code     0  startup.o(RESET)
    I2C3_Handler                             0x00000283   Thumb Code     0  startup.o(RESET)
    I2C4_Handler                             0x00000283   Thumb Code     0  startup.o(RESET)
    I2C5_Handler                             0x00000283   Thumb Code     0  startup.o(RESET)
    I2S0_Handler                             0x00000283   Thumb Code     0  startup.o(RESET)
    LPC0_Handler                             0x00000283   Thumb Code     0  startup.o(RESET)
    PECI0_Handler                            0x00000283   Thumb Code     0  startup.o(RESET)
    PWM0Fault_Handler                        0x00000283   Thumb Code     0  startup.o(RESET)
    PWM0Generator0_Handler                   0x00000283   Thumb Code     0  startup.o(RESET)
    PWM0Generator1_Handler                   0x00000283   Thumb Code     0  startup.o(RESET)
    PWM0Generator2_Handler                   0x00000283   Thumb Code     0  startup.o(RESET)
    PWM0Generator3_Handler                   0x00000283   Thumb Code     0  startup.o(RESET)
    PWM1Fault_Handler                        0x00000283   Thumb Code     0  startup.o(RESET)
    PWM1Generator0_Handler                   0x00000283   Thumb Code     0  startup.o(RESET)
    PWM1Generator1_Handler                   0x00000283   Thumb Code     0  startup.o(RESET)
    PWM1Generator2_Handler                   0x00000283   Thumb Code     0  startup.o(RESET)
    PWM1Generator3_Handler                   0x00000283   Thumb Code     0  startup.o(RESET)
    Quadrature0_Handler                      0x00000283   Thumb Code     0  startup.o(RESET)
    Quadrature1_Handler                      0x00000283   Thumb Code     0  startup.o(RESET)
    Quadrature2_Handler                      0x00000283   Thumb Code     0  startup.o(RESET)
    SSI0_Handler                             0x00000283   Thumb Code     0  startup.o(RESET)
    SSI1_Handler                             0x00000283   Thumb Code     0  startup.o(RESET)
    SSI2_Handler                             0x00000283   Thumb Code     0  startup.o(RESET)
    SSI3_Handler                             0x00000283   Thumb Code     0  startup.o(RESET)
    SysCtl_Handler                           0x00000283   Thumb Code     0  startup.o(RESET)
    Timer0A_Handler                          0x00000283   Thumb Code     0  startup.o(RESET)
    Timer0B_Handler                          0x00000283   Thumb Code     0  startup.o(RESET)
    Timer1B_Handler                          0x00000283   Thumb Code     0  startup.o(RESET)
    Timer2B_Handler                          0x00000283   Thumb Code     0  startup.o(RESET)
    Timer3A_Handler                          0x00000283   Thumb Code     0  startup.o(RESET)
    Timer3B_Handler                          0x00000283   Thumb Code     0  startup.o(RESET)
    Timer4A_Handler                          0x00000283   Thumb Code     0  startup.o(RESET)
    Timer4B_Handler                          0x00000283   Thumb Code     0  startup.o(RESET)
    Timer5A_Handler                          0x00000283   Thumb Code     0  startup.o(RESET)
    Timer5B_Handler                          0x00000283   Thumb Code     0  startup.o(RESET)
    UART1_Handler                            0x00000283   Thumb Code     0  startup.o(RESET)
    UART2_Handler                            0x00000283   Thumb Code     0  startup.o(RESET)
    UART3_Handler                            0x00000283   Thumb Code     0  startup.o(RESET)
    UART4_Handler                            0x00000283   Thumb Code     0  startup.o(RESET)
    UART5_Handler                            0x00000283   Thumb Code     0  startup.o(RESET)
    UART6_Handler                            0x00000283   Thumb Code     0  startup.o(RESET)
    UART7_Handler                            0x00000283   Thumb Code     0  startup.o(RESET)
    USB0_Handler                             0x00000283   Thumb Code     0  startup.o(RESET)
    WDT_Handler                              0x00000283   Thumb Code     0  startup.o(RESET)
    WideTimer0A_Handler                      0x00000283   Thumb Code     0  startup.o(RESET)
    WideTimer0B_Handler                      0x00000283   Thumb Code     0  startup.o(RESET)
    WideTimer1A_Handler                      0x00000283   Thumb Code     0  startup.o(RESET)
    WideTimer1B_Handler                      0x00000283   Thumb Code     0  startup.o(RESET)
    WideTimer2A_Handler                      0x00000283   Thumb Code     0  startup.o(RESET)
    WideTimer2B_Handler                      0x00000283   Thumb Code     0  startup.o(RESET)
    WideTimer3A_Handler                      0x00000283   Thumb Code     0  startup.o(RESET)
    WideTimer3B_Handler                      0x00000283   Thumb Code     0  startup.o(RESET)
    WideTimer4A_Handler                      0x00000283   Thumb Code     0  startup.o(RESET)
    WideTimer4B_Handler                      0x00000283   Thumb Code     0  startup.o(RESET)
    WideTimer5A_Handler                      0x00000283   Thumb Code     0  startup.o(RESET)
    WideTimer5B_Handler                      0x00000283   Thumb Code     0  startup.o(RESET)
    uDMA_Error                               0x00000283   Thumb Code     0  startup.o(RESET)
    uDMA_Handler                             0x00000283   Thumb Code     0  startup.o(RESET)
    __main                                   0x00000285   Thumb Code     8  __main.o(!!!main)
    __scatterload                            0x0000028d   Thumb Code     0  __scatter.o(!!!scatter)
    __scatterload_rt2                        0x0000028d   Thumb Code    44  __scatter.o(!!!scatter)
    __scatterload_rt2_thumb_only             0x0000028d   Thumb Code     0  __scatter.o(!!!scatter)
    __scatterload_null                       0x0000029b   Thumb Code     0  __scatter.o(!!!scatter)
    __decompress                             0x000002c1   Thumb Code    58  __dczerorl.o(!!dczerorl)
    __decompress0                            0x000002c1   Thumb Code     0  __dczerorl.o(!!dczerorl)
    __scatterload_zeroinit                   0x000002fd   Thumb Code    28  __scatter_zi.o(!!handler_zi)
    __rt_lib_init                            0x00000319   Thumb Code     0  libinit.o(.ARM.Collect$$libinit$$00000000)
    __rt_lib_init_alloca_1                   0x0000031b   Thumb Code     0  libinit2.o(.ARM.Collect$$libinit$$0000002C)
    __rt_lib_init_argv_1                     0x0000031b   Thumb Code     0  libinit2.o(.ARM.Collect$$libinit$$0000002A)
    __rt_lib_init_atexit_1                   0x0000031b   Thumb Code     0  libinit2.o(.ARM.Collect$$libinit$$00000019)
    __rt_lib_init_clock_1                    0x0000031b   Thumb Code     0  libinit2.o(.ARM.Collect$$libinit$$0000001F)
    __rt_lib_init_cpp_1                      0x0000031b   Thumb Code     0  libinit2.o(.ARM.Collect$$libinit$$00000030)
    __rt_lib_init_exceptions_1               0x0000031b   Thumb Code     0  libinit2.o(.ARM.Collect$$libinit$$0000002E)
    __rt_lib_init_fp_1                       0x0000031b   Thumb Code     0  libinit2.o(.ARM.Collect$$libinit$$00000002)
    __rt_lib_init_fp_trap_1                  0x0000031b   Thumb Code     0  libinit2.o(.ARM.Collect$$libinit$$0000001D)
    __rt_lib_init_getenv_1                   0x0000031b   Thumb Code     0  libinit2.o(.ARM.Collect$$libinit$$00000021)
    __rt_lib_init_heap_1                     0x0000031b   Thumb Code     0  libinit2.o(.ARM.Collect$$libinit$$00000008)
    __rt_lib_init_lc_collate_1               0x0000031b   Thumb Code     0  libinit2.o(.ARM.Collect$$libinit$$0000000F)
    __rt_lib_init_lc_ctype_1                 0x0000031b   Thumb Code     0  libinit2.o(.ARM.Collect$$libinit$$00000011)
    __rt_lib_init_lc_monetary_1              0x0000031b   Thumb Code     0  libinit2.o(.ARM.Collect$$libinit$$00000013)
    __rt_lib_init_lc_numeric_1               0x0000031b   Thumb Code     0  libinit2.o(.ARM.Collect$$libinit$$00000015)
    __rt_lib_init_lc_time_1                  0x0000031b   Thumb Code     0  libinit2.o(.ARM.Collect$$libinit$$00000017)
    __rt_lib_init_rand_1                     0x0000031b   Thumb Code     0  libinit2.o(.ARM.Collect$$libinit$$0000000C)
    __rt_lib_init_return                     0x0000031b   Thumb Code     0  libinit2.o(.ARM.Collect$$libinit$$00000031)
    __rt_lib_init_signal_1                   0x0000031b   Thumb Code     0  libinit2.o(.ARM.Collect$$libinit$$0000001B)
    __rt_lib_init_stdio_1                    0x0000031b   Thumb Code     0  libinit2.o(.ARM.Collect$$libinit$$00000023)
    __rt_lib_init_user_alloc_1               0x0000031b   Thumb Code     0  libinit2.o(.ARM.Collect$$libinit$$0000000A)
    __rt_lib_shutdown                        0x0000031d   Thumb Code     0  libshutdown.o(.ARM.Collect$$libshutdown$$00000000)
    __rt_lib_shutdown_fp_trap_1              0x0000031f   Thumb Code     0  libshutdown2.o(.ARM.Collect$$libshutdown$$00000006)
    __rt_lib_shutdown_heap_1                 0x0000031f   Thumb Code     0  libshutdown2.o(.ARM.Collect$$libshutdown$$0000000E)
    __rt_lib_shutdown_return                 0x0000031f   Thumb Code     0  libshutdown2.o(.ARM.Collect$$libshutdown$$0000000F)
    __rt_lib_shutdown_signal_1               0x0000031f   Thumb Code     0  libshutdown2.o(.ARM.Collect$$libshutdown$$00000009)
    __rt_lib_shutdown_stdio_1                0x0000031f   Thumb Code     0  libshutdown2.o(.ARM.Collect$$libshutdown$$00000003)
    __rt_lib_shutdown_user_alloc_1           0x0000031f   Thumb Code     0  libshutdown2.o(.ARM.Collect$$libshutdown$$0000000B)
    __rt_entry                               0x00000321   Thumb Code     0  rtentry.o(.ARM.Collect$$rtentry$$00000000)
    __rt_entry_presh_1                       0x00000321   Thumb Code     0  rtentry2.o(.ARM.Collect$$rtentry$$00000002)
    __rt_entry_sh                            0x00000321   Thumb Code     0  rtentry4.o(.ARM.Collect$$rtentry$$00000004)
    __rt_entry_li                            0x00000327   Thumb Code     0  rtentry2.o(.ARM.Collect$$rtentry$$0000000A)
    __rt_entry_postsh_1                      0x00000327   Thumb Code     0  rtentry2.o(.ARM.Collect$$rtentry$$00000009)
    __rt_entry_main                          0x0000032b   Thumb Code     0  rtentry2.o(.ARM.Collect$$rtentry$$0000000D)
    __rt_entry_postli_1                      0x0000032b   Thumb Code     0  rtentry2.o(.ARM.Collect$$rtentry$$0000000C)
    __rt_exit                                0x00000333   Thumb Code     0  rtexit.o(.ARM.Collect$$rtexit$$00000000)
    __rt_exit_ls                             0x00000335   Thumb Code     0  rtexit2.o(.ARM.Collect$$rtexit$$00000003)
    __rt_exit_prels_1                        0x00000335   Thumb Code     0  rtexit2.o(.ARM.Collect$$rtexit$$00000002)
    __rt_exit_exit                           0x00000339   Thumb Code     0  rtexit2.o(.ARM.Collect$$rtexit$$00000004)
    DisableInterrupts                        0x00000341   Thumb Code     0  startup.o(.text)
    EnableInterrupts                         0x00000345   Thumb Code     0  startup.o(.text)
    StartCritical                            0x00000349   Thumb Code     0  startup.o(.text)
    EndCritical                              0x00000351   Thumb Code     0  startup.o(.text)
    WaitForInterrupt                         0x00000357   Thumb Code     0  startup.o(.text)
    __user_initial_stackheap                 0x0000035b   Thumb Code     0  startup.o(.text)
    OS_DisableInterrupts                     0x00000371   Thumb Code     0  osasm.o(.text)
    OS_EnableInterrupts                      0x00000375   Thumb Code     0  osasm.o(.text)
    StartOS                                  0x00000379   Thumb Code     0  osasm.o(.text)
    PendSV_Handler                           0x00000399   Thumb Code     0  osasm.o(.text)
    SysTick_Handler                          0x000003ed   Thumb Code     0  osasm.o(.text)
    cr4_fft_64_stm32                         0x00000411   Thumb Code     0  cr4_fft_64_stm32.o(.text)
    PID_stm32                                0x000006e1   Thumb Code     0  pid_stm32.o(.text)
    strlen                                   0x00000729   Thumb Code    62  strlen.o(.text)
    __aeabi_memclr4                          0x00000767   Thumb Code     0  rt_memclr_w.o(.text)
    __aeabi_memclr8                          0x00000767   Thumb Code     0  rt_memclr_w.o(.text)
    __rt_memclr_w                            0x00000767   Thumb Code    78  rt_memclr_w.o(.text)
    _memset_w                                0x0000076b   Thumb Code     0  rt_memclr_w.o(.text)
    __use_two_region_memory                  0x000007b5   Thumb Code     2  heapauxi.o(.text)
    __rt_heap_escrow$2region                 0x000007b7   Thumb Code     2  heapauxi.o(.text)
    __rt_heap_expand$2region                 0x000007b9   Thumb Code     2  heapauxi.o(.text)
    __user_setup_stackheap                   0x000007bb   Thumb Code    74  sys_stackheap_outer.o(.text)
    exit                                     0x00000805   Thumb Code    12  exit.o(.text)
    __user_libspace                          0x00000811   Thumb Code     8  libspace.o(.text)
    __user_perproc_libspace                  0x00000811   Thumb Code     0  libspace.o(.text)
    __user_perthread_libspace                0x00000811   Thumb Code     0  libspace.o(.text)
    _sys_exit                                0x00000819   Thumb Code     8  sys_exit.o(.text)
    __I$use$semihosting                      0x00000825   Thumb Code     0  use_no_semi.o(.text)
    __use_no_semihosting_swi                 0x00000825   Thumb Code     2  use_no_semi.o(.text)
    __semihosting_library_function           0x00000827   Thumb Code     0  indicate_semi.o(.text)
    ADC0Seq3_Handler                         0x00000829   Thumb Code    42  adc.o(i.ADC0Seq3_Handler)
    ADC_Collect                              0x0000086d   Thumb Code    64  adc.o(i.ADC_Collect)
    ADC_In                                   0x000008b9   Thumb Code     8  adc.o(i.ADC_In)
    ADC_Init                                 0x000008c5   Thumb Code   194  adc.o(i.ADC_Init)
    ADC_Open                                 0x000009ad   Thumb Code   840  adc.o(i.ADC_Open)
    ButtonWork                               0x00000d19   Thumb Code   112  lab2.o(i.ButtonWork)
    Consumer                                 0x00000ddd   Thumb Code   118  lab2.o(i.Consumer)
    DAS                                      0x00000e71   Thumb Code   172  lab2.o(i.DAS)
    DebounceTask                             0x00000f39   Thumb Code    58  switch.o(i.DebounceTask)
    Delay1ms                                 0x00000f85   Thumb Code    32  st7735.o(i.Delay1ms)
    Display                                  0x00000fa5   Thumb Code    84  lab2.o(i.Display)
    Filter                                   0x00001019   Thumb Code   186  lab2.o(i.Filter)
    GPIOPortF_Handler                        0x00001119   Thumb Code    74  switch.o(i.GPIOPortF_Handler)
    Interpreter                              0x00001189   Thumb Code   414  lab2.o(i.Interpreter)
    LCD_test                                 0x00001419   Thumb Code    28  lab2.o(i.LCD_test)
    OS_AddPeriodicThread                     0x00001435   Thumb Code    66  os.o(i.OS_AddPeriodicThread)
    OS_AddSW1Task                            0x00001481   Thumb Code    20  os.o(i.OS_AddSW1Task)
    OS_AddSW2Task                            0x00001495   Thumb Code    20  os.o(i.OS_AddSW2Task)
    OS_AddThread                             0x000014a9   Thumb Code   146  os.o(i.OS_AddThread)
    OS_Block                                 0x00001549   Thumb Code    18  os.o(i.OS_Block)
    OS_ClearMsTime                           0x00001561   Thumb Code     8  os.o(i.OS_ClearMsTime)
    OS_Fifo_Get                              0x0000156d   Thumb Code    58  os.o(i.OS_Fifo_Get)
    OS_Fifo_Init                             0x000015bd   Thumb Code    32  os.o(i.OS_Fifo_Init)
    OS_Fifo_Put                              0x000015ed   Thumb Code    58  os.o(i.OS_Fifo_Put)
    OS_Id                                    0x00001639   Thumb Code    10  os.o(i.OS_Id)
    OS_Init                                  0x00001649   Thumb Code   188  os.o(i.OS_Init)
    OS_InitSemaphore                         0x00001735   Thumb Code     8  os.o(i.OS_InitSemaphore)
    OS_Kill                                  0x0000173d   Thumb Code    40  os.o(i.OS_Kill)
    OS_Launch                                0x00001771   Thumb Code    44  os.o(i.OS_Launch)
    OS_MailBox_Init                          0x000017a5   Thumb Code    24  os.o(i.OS_MailBox_Init)
    OS_MailBox_Recv                          0x000017c5   Thumb Code    22  os.o(i.OS_MailBox_Recv)
    OS_MailBox_Send                          0x000017e9   Thumb Code    22  os.o(i.OS_MailBox_Send)
    OS_MsTime                                0x0000180d   Thumb Code    12  os.o(i.OS_MsTime)
    OS_ReadPeriodicTime                      0x0000181d   Thumb Code     6  os.o(i.OS_ReadPeriodicTime)
    OS_Signal                                0x00001829   Thumb Code    50  os.o(i.OS_Signal)
    OS_Sleep                                 0x0000185d   Thumb Code    42  os.o(i.OS_Sleep)
    OS_Suspend                               0x00001895   Thumb Code    70  os.o(i.OS_Suspend)
    OS_Time                                  0x000018f1   Thumb Code    12  os.o(i.OS_Time)
    OS_TimeDifference                        0x00001901   Thumb Code     6  os.o(i.OS_TimeDifference)
    OS_Wait                                  0x00001907   Thumb Code    48  os.o(i.OS_Wait)
    OS_bSignal                               0x00001937   Thumb Code    46  os.o(i.OS_bSignal)
    OS_bWait                                 0x00001965   Thumb Code    48  os.o(i.OS_bWait)
    OutCRLF                                  0x00001995   Thumb Code    16  lab2.o(i.OutCRLF)
    PID                                      0x000019a5   Thumb Code    96  lab2.o(i.PID)
    PLL_Init                                 0x00001a21   Thumb Code   118  pll.o(i.PLL_Init)
    PortB_Init                               0x00001a9d   Thumb Code    88  lab2.o(i.PortB_Init)
    Producer                                 0x00001b11   Thumb Code    44  lab2.o(i.Producer)
    RxFifo_Get                               0x00001b45   Thumb Code    46  uart.o(i.RxFifo_Get)
    RxFifo_Init                              0x00001b81   Thumb Code    26  uart.o(i.RxFifo_Init)
    RxFifo_Put                               0x00001ba5   Thumb Code    48  uart.o(i.RxFifo_Put)
    RxFifo_Size                              0x00001be1   Thumb Code    14  uart.o(i.RxFifo_Size)
    ST7735_DrawCharS                         0x00001bf9   Thumb Code   232  st7735.o(i.ST7735_DrawCharS)
    ST7735_DrawPixel                         0x00001ced   Thumb Code    64  st7735.o(i.ST7735_DrawPixel)
    ST7735_DrawString                        0x00001d35   Thumb Code    86  st7735.o(i.ST7735_DrawString)
    ST7735_FillRect                          0x00001d8d   Thumb Code   164  st7735.o(i.ST7735_FillRect)
    ST7735_FillScreen                        0x00001e39   Thumb Code    28  st7735.o(i.ST7735_FillScreen)
    ST7735_InitR                             0x00001e5d   Thumb Code    98  st7735.o(i.ST7735_InitR)
    ST7735_Message                           0x00001ee5   Thumb Code   132  st7735.o(i.ST7735_Message)
    ST7735_OutUDec                           0x00001f6d   Thumb Code   118  st7735.o(i.ST7735_OutUDec)
    ST7735_SetCursor                         0x00001ff9   Thumb Code    22  st7735.o(i.ST7735_SetCursor)
    SW1Push                                  0x00002019   Thumb Code    38  lab2.o(i.SW1Push)
    SW2Push                                  0x00002049   Thumb Code    38  lab2.o(i.SW2Push)
    SetInitialStack                          0x00002079   Thumb Code   166  os.o(i.SetInitialStack)
    Switch_Init                              0x00002121   Thumb Code   220  switch.o(i.Switch_Init)
    Timer1A_Handler                          0x00002239   Thumb Code   150  os.o(i.Timer1A_Handler)
    Timer2A_Handler                          0x00002361   Thumb Code    28  os.o(i.Timer2A_Handler)
    Timer2_Init                              0x00002389   Thumb Code    72  os.o(i.Timer2_Init)
    TxFifo_Get                               0x000023e1   Thumb Code    46  uart.o(i.TxFifo_Get)
    TxFifo_Init                              0x0000241d   Thumb Code    26  uart.o(i.TxFifo_Init)
    TxFifo_Put                               0x00002441   Thumb Code    48  uart.o(i.TxFifo_Put)
    TxFifo_Size                              0x0000247d   Thumb Code    14  uart.o(i.TxFifo_Size)
    UART0_Handler                            0x00002495   Thumb Code    82  uart.o(i.UART0_Handler)
    UART_InChar                              0x000024ed   Thumb Code    30  uart.o(i.UART_InChar)
    UART_InString                            0x00002515   Thumb Code    70  uart.o(i.UART_InString)
    UART_InUDec                              0x0000255b   Thumb Code    76  uart.o(i.UART_InUDec)
    UART_Init                                0x000025a9   Thumb Code   206  uart.o(i.UART_Init)
    UART_OutChar                             0x000026a1   Thumb Code    52  uart.o(i.UART_OutChar)
    UART_OutString                           0x000026e1   Thumb Code    24  uart.o(i.UART_OutString)
    UART_OutUDec                             0x000026f9   Thumb Code    42  uart.o(i.UART_OutUDec)
    addThreadToBlocked                       0x0000294d   Thumb Code   230  os.o(i.addThreadToBlocked)
    dummy                                    0x00002c9d   Thumb Code     2  lab2.o(i.dummy)
    fillmessage                              0x00002ca1   Thumb Code    64  st7735.o(i.fillmessage)
    main                                     0x00002ce9   Thumb Code   152  lab2.o(i.main)
    removeAndAddToSingleList                 0x00002dc1   Thumb Code   192  os.o(i.removeAndAddToSingleList)
    traverseSleep                            0x00002fe1   Thumb Code    68  os.o(i.traverseSleep)
    dBfs                                     0x0000365e   Data         512  st7735.o(.constdata)
    Region$$Table$$Base                      0x00003860   Number         0  anon$$obj.o(Region$$Table)
    Region$$Table$$Limit                     0x00003880   Number         0  anon$$obj.o(Region$$Table)
    timerCounter                             0x20000000   Data           4  os.o(.data)
    timerMsCounter                           0x20000004   Data           4  os.o(.data)
    eventLoggerElement                       0x20000008   Data           4  os.o(.data)
    DeadPeriodicPt                           0x2000000c   Data           4  os.o(.data)
    uniqueId                                 0x20000010   Data           1  os.o(.data)
    switched                                 0x20000011   Data           1  os.o(.data)
    howManyTimes                             0x20000014   Data           4  os.o(.data)
    higherPriorityAdded                      0x20000018   Data           1  os.o(.data)
    PeriodicTask                             0x20000024   Data           4  os.o(.data)
    RunPt                                    0x20000028   Data           4  os.o(.data)
    DeadPt                                   0x2000002c   Data           4  os.o(.data)
    SleepPt                                  0x20000030   Data           4  os.o(.data)
    SchedulerPt                              0x20000034   Data           4  os.o(.data)
    PeriodPt                                 0x20000038   Data           4  os.o(.data)
    schedulerCount                           0x2000003c   Data           4  os.o(.data)
    periodicCount                            0x20000040   Data           4  os.o(.data)
    deadCount                                0x20000044   Data           4  os.o(.data)
    deadPeriodicCount                        0x20000048   Data           4  os.o(.data)
    sleepCount                               0x2000004c   Data           4  os.o(.data)
    nextBeforeSwitch                         0x20000050   Data           4  os.o(.data)
    OS_TxPutI                                0x20000054   Data           4  os.o(.data)
    OS_TxGetI                                0x20000058   Data           4  os.o(.data)
    mutex                                    0x2000005c   Data           8  os.o(.data)
    roomLeft                                 0x20000064   Data           8  os.o(.data)
    dataAvailable                            0x2000006c   Data           8  os.o(.data)
    samplesConsumed                          0x20000074   Data           4  os.o(.data)
    dataInMailBox                            0x20000078   Data           4  os.o(.data)
    flagMailBox                              0x2000007c   Data           1  os.o(.data)
    mailBoxFree                              0x20000080   Data           8  os.o(.data)
    dataValid                                0x20000088   Data           8  os.o(.data)
    SW1MaxJitter                             0x20000090   Data           4  os.o(.data)
    SW2MaxJitter                             0x20000094   Data           4  os.o(.data)
    PF3Address                               0x20000098   Data           4  lab2.o(.data)
    NumCreated                               0x200000a4   Data           4  lab2.o(.data)
    PIDWork                                  0x200000a8   Data           4  lab2.o(.data)
    FilterWork                               0x200000ac   Data           4  lab2.o(.data)
    NumSamples                               0x200000b0   Data           4  lab2.o(.data)
    DataLost                                 0x200000b4   Data           4  lab2.o(.data)
    MaxJitter                                0x200000b8   Data           4  lab2.o(.data)
    DASoutput                                0x200000bc   Data           4  lab2.o(.data)
    IntTerm                                  0x200000c0   Data           2  lab2.o(.data)
    PrevError                                0x200000c2   Data           2  lab2.o(.data)
    Coeff                                    0x200000c4   Data           6  lab2.o(.data)
    Actuator                                 0x200000ca   Data           2  lab2.o(.data)
    producerFunction                         0x200000d0   Data           4  adc.o(.data)
    done                                     0x200000d4   Data           4  adc.o(.data)
    ADCvalue                                 0x200000d8   Data           4  adc.o(.data)
    counterSeqCalled                         0x200000dc   Data           4  adc.o(.data)
    StX                                      0x200000e0   Data           4  st7735.o(.data)
    StY                                      0x200000e4   Data           4  st7735.o(.data)
    StTextColor                              0x200000e8   Data           2  st7735.o(.data)
    lastj                                    0x200000f0   Data           4  st7735.o(.data)
    canIPrint                                0x200000f8   Data           8  st7735.o(.data)
    Messageindex                             0x20000100   Data           4  st7735.o(.data)
    Ymax                                     0x20000104   Data           4  st7735.o(.data)
    Ymin                                     0x20000108   Data           4  st7735.o(.data)
    X                                        0x2000010c   Data           4  st7735.o(.data)
    Yrange                                   0x20000110   Data           4  st7735.o(.data)
    TouchTaskPF4                             0x2000012c   Data           4  switch.o(.data)
    TouchTaskPF0                             0x20000130   Data           4  switch.o(.data)
    RxPutI                                   0x20000138   Data           4  uart.o(.data)
    RxGetI                                   0x2000013c   Data           4  uart.o(.data)
    TxPutI                                   0x20000140   Data           4  uart.o(.data)
    TxGetI                                   0x20000144   Data           4  uart.o(.data)
    RxDataAvailable                          0x20000148   Data           8  uart.o(.data)
    RxRoomLeft                               0x20000150   Data           8  uart.o(.data)
    TxDataAvailable                          0x20000158   Data           8  uart.o(.data)
    TxRoomLeft                               0x20000160   Data           8  uart.o(.data)
    SW1JitterHistogram                       0x20000168   Data         256  os.o(.bss)
    SW2JitterHistogram                       0x20000268   Data         256  os.o(.bss)
    eventLogger                              0x20000368   Data         800  os.o(.bss)
    periodicPool                             0x20000688   Data          72  os.o(.bss)
    threadPool                               0x200006d0   Data       21440  os.o(.bss)
    TxFifo                                   0x20005a90   Data         128  os.o(.bss)
    JitterHistogram                          0x20005b10   Data         256  lab2.o(.bss)
    x                                        0x20005c40   Data         256  lab2.o(.bss)
    y                                        0x20005d40   Data         256  lab2.o(.bss)
    Message                                  0x20005e40   Data          12  st7735.o(.bss)
    __libspace_start                         0x20005e6c   Data          96  libspace.o(.bss)
    __temporary_stack_top$libspace           0x20005ecc   Data           0  libspace.o(.bss)



==============================================================================

Memory Map of the image

  Image Entry point : 0x0000026d

  Load Region LR_1 (Base: 0x00000000, Size: 0x000039e8, Max: 0xffffffff, ABSOLUTE, COMPRESSED[0x00003890])

    Execution Region ER_RO (Base: 0x00000000, Size: 0x00003880, Max: 0xffffffff, ABSOLUTE)

    Base Addr    Size         Type   Attr      Idx    E Section Name        Object

    0x00000000   0x00000284   Code   RO          414  * RESET               startup.o
    0x00000284   0x00000008   Code   RO          926  * !!!main             c_w.l(__main.o)
    0x0000028c   0x00000034   Code   RO         1082    !!!scatter          c_w.l(__scatter.o)
    0x000002c0   0x0000003a   Code   RO         1080    !!dczerorl          c_w.l(__dczerorl.o)
    0x000002fa   0x00000002   PAD
    0x000002fc   0x0000001c   Code   RO         1084    !!handler_zi        c_w.l(__scatter_zi.o)
    0x00000318   0x00000002   Code   RO          953    .ARM.Collect$$libinit$$00000000  c_w.l(libinit.o)
    0x0000031a   0x00000000   Code   RO          960    .ARM.Collect$$libinit$$00000002  c_w.l(libinit2.o)
    0x0000031a   0x00000000   Code   RO          963    .ARM.Collect$$libinit$$00000008  c_w.l(libinit2.o)
    0x0000031a   0x00000000   Code   RO          965    .ARM.Collect$$libinit$$0000000A  c_w.l(libinit2.o)
    0x0000031a   0x00000000   Code   RO          967    .ARM.Collect$$libinit$$0000000C  c_w.l(libinit2.o)
    0x0000031a   0x00000000   Code   RO          970    .ARM.Collect$$libinit$$0000000F  c_w.l(libinit2.o)
    0x0000031a   0x00000000   Code   RO          972    .ARM.Collect$$libinit$$00000011  c_w.l(libinit2.o)
    0x0000031a   0x00000000   Code   RO          974    .ARM.Collect$$libinit$$00000013  c_w.l(libinit2.o)
    0x0000031a   0x00000000   Code   RO          976    .ARM.Collect$$libinit$$00000015  c_w.l(libinit2.o)
    0x0000031a   0x00000000   Code   RO          978    .ARM.Collect$$libinit$$00000017  c_w.l(libinit2.o)
    0x0000031a   0x00000000   Code   RO          980    .ARM.Collect$$libinit$$00000019  c_w.l(libinit2.o)
    0x0000031a   0x00000000   Code   RO          982    .ARM.Collect$$libinit$$0000001B  c_w.l(libinit2.o)
    0x0000031a   0x00000000   Code   RO          984    .ARM.Collect$$libinit$$0000001D  c_w.l(libinit2.o)
    0x0000031a   0x00000000   Code   RO          986    .ARM.Collect$$libinit$$0000001F  c_w.l(libinit2.o)
    0x0000031a   0x00000000   Code   RO          988    .ARM.Collect$$libinit$$00000021  c_w.l(libinit2.o)
    0x0000031a   0x00000000   Code   RO          990    .ARM.Collect$$libinit$$00000023  c_w.l(libinit2.o)
    0x0000031a   0x00000000   Code   RO          994    .ARM.Collect$$libinit$$0000002A  c_w.l(libinit2.o)
    0x0000031a   0x00000000   Code   RO          996    .ARM.Collect$$libinit$$0000002C  c_w.l(libinit2.o)
    0x0000031a   0x00000000   Code   RO          998    .ARM.Collect$$libinit$$0000002E  c_w.l(libinit2.o)
    0x0000031a   0x00000000   Code   RO         1000    .ARM.Collect$$libinit$$00000030  c_w.l(libinit2.o)
    0x0000031a   0x00000002   Code   RO         1001    .ARM.Collect$$libinit$$00000031  c_w.l(libinit2.o)
    0x0000031c   0x00000002   Code   RO         1021    .ARM.Collect$$libshutdown$$00000000  c_w.l(libshutdown.o)
    0x0000031e   0x00000000   Code   RO         1035    .ARM.Collect$$libshutdown$$00000003  c_w.l(libshutdown2.o)
    0x0000031e   0x00000000   Code   RO         1038    .ARM.Collect$$libshutdown$$00000006  c_w.l(libshutdown2.o)
    0x0000031e   0x00000000   Code   RO         1041    .ARM.Collect$$libshutdown$$00000009  c_w.l(libshutdown2.o)
    0x0000031e   0x00000000   Code   RO         1043    .ARM.Collect$$libshutdown$$0000000B  c_w.l(libshutdown2.o)
    0x0000031e   0x00000000   Code   RO         1046    .ARM.Collect$$libshutdown$$0000000E  c_w.l(libshutdown2.o)
    0x0000031e   0x00000002   Code   RO         1047    .ARM.Collect$$libshutdown$$0000000F  c_w.l(libshutdown2.o)
    0x00000320   0x00000000   Code   RO          928    .ARM.Collect$$rtentry$$00000000  c_w.l(rtentry.o)
    0x00000320   0x00000000   Code   RO          930    .ARM.Collect$$rtentry$$00000002  c_w.l(rtentry2.o)
    0x00000320   0x00000006   Code   RO          942    .ARM.Collect$$rtentry$$00000004  c_w.l(rtentry4.o)
    0x00000326   0x00000000   Code   RO          932    .ARM.Collect$$rtentry$$00000009  c_w.l(rtentry2.o)
    0x00000326   0x00000004   Code   RO          933    .ARM.Collect$$rtentry$$0000000A  c_w.l(rtentry2.o)
    0x0000032a   0x00000000   Code   RO          935    .ARM.Collect$$rtentry$$0000000C  c_w.l(rtentry2.o)
    0x0000032a   0x00000008   Code   RO          936    .ARM.Collect$$rtentry$$0000000D  c_w.l(rtentry2.o)
    0x00000332   0x00000002   Code   RO          957    .ARM.Collect$$rtexit$$00000000  c_w.l(rtexit.o)
    0x00000334   0x00000000   Code   RO         1003    .ARM.Collect$$rtexit$$00000002  c_w.l(rtexit2.o)
    0x00000334   0x00000004   Code   RO         1004    .ARM.Collect$$rtexit$$00000003  c_w.l(rtexit2.o)
    0x00000338   0x00000006   Code   RO         1005    .ARM.Collect$$rtexit$$00000004  c_w.l(rtexit2.o)
    0x0000033e   0x00000002   PAD
    0x00000340   0x00000030   Code   RO          415    .text               startup.o
    0x00000370   0x000000a0   Code   RO          422    .text               osasm.o
    0x00000410   0x000002ce   Code   RO          912    .text               cr4_fft_64_stm32.o
    0x000006de   0x00000002   PAD
    0x000006e0   0x00000048   Code   RO          915    .text               pid_stm32.o
    0x00000728   0x0000003e   Code   RO          920    .text               c_w.l(strlen.o)
    0x00000766   0x0000004e   Code   RO          922    .text               c_w.l(rt_memclr_w.o)
    0x000007b4   0x00000006   Code   RO          924    .text               c_w.l(heapauxi.o)
    0x000007ba   0x0000004a   Code   RO          944    .text               c_w.l(sys_stackheap_outer.o)
    0x00000804   0x0000000c   Code   RO          946    .text               c_w.l(exit.o)
    0x00000810   0x00000008   Code   RO          954    .text               c_w.l(libspace.o)
    0x00000818   0x0000000c   Code   RO         1013    .text               c_w.l(sys_exit.o)
    0x00000824   0x00000002   Code   RO         1024    .text               c_w.l(use_no_semi.o)
    0x00000826   0x00000000   Code   RO         1026    .text               c_w.l(indicate_semi.o)
    0x00000826   0x00000002   PAD
    0x00000828   0x00000044   Code   RO          425    i.ADC0Seq3_Handler  adc.o
    0x0000086c   0x0000004c   Code   RO          426    i.ADC_Collect       adc.o
    0x000008b8   0x0000000c   Code   RO          427    i.ADC_In            adc.o
    0x000008c4   0x000000e8   Code   RO          428    i.ADC_Init          adc.o
    0x000009ac   0x0000036c   Code   RO          429    i.ADC_Open          adc.o
    0x00000d18   0x000000c4   Code   RO          292    i.ButtonWork        lab2.o
    0x00000ddc   0x00000094   Code   RO          293    i.Consumer          lab2.o
    0x00000e70   0x000000c8   Code   RO          294    i.DAS               lab2.o
    0x00000f38   0x0000004c   Code   RO          743    i.DebounceTask      switch.o
    0x00000f84   0x00000020   Code   RO          464    i.Delay1ms          st7735.o
    0x00000fa4   0x00000074   Code   RO          295    i.Display           lab2.o
    0x00001018   0x000000c8   Code   RO          296    i.Filter            lab2.o
    0x000010e0   0x00000038   Code   RO          744    i.GPIOArm           switch.o
    0x00001118   0x00000070   Code   RO          745    i.GPIOPortF_Handler  switch.o
    0x00001188   0x00000290   Code   RO          297    i.Interpreter       lab2.o
    0x00001418   0x0000001c   Code   RO          298    i.LCD_test          lab2.o
    0x00001434   0x0000004c   Code   RO           24    i.OS_AddPeriodicThread  os.o
    0x00001480   0x00000014   Code   RO           25    i.OS_AddSW1Task     os.o
    0x00001494   0x00000014   Code   RO           26    i.OS_AddSW2Task     os.o
    0x000014a8   0x000000a0   Code   RO           27    i.OS_AddThread      os.o
    0x00001548   0x00000018   Code   RO           28    i.OS_Block          os.o
    0x00001560   0x0000000c   Code   RO           29    i.OS_ClearMsTime    os.o
    0x0000156c   0x00000050   Code   RO           30    i.OS_Fifo_Get       os.o
    0x000015bc   0x00000030   Code   RO           31    i.OS_Fifo_Init      os.o
    0x000015ec   0x0000004c   Code   RO           32    i.OS_Fifo_Put       os.o
    0x00001638   0x00000010   Code   RO           34    i.OS_Id             os.o
    0x00001648   0x000000ec   Code   RO           35    i.OS_Init           os.o
    0x00001734   0x00000008   Code   RO           36    i.OS_InitSemaphore  os.o
    0x0000173c   0x00000034   Code   RO           37    i.OS_Kill           os.o
    0x00001770   0x00000034   Code   RO           38    i.OS_Launch         os.o
    0x000017a4   0x00000020   Code   RO           39    i.OS_MailBox_Init   os.o
    0x000017c4   0x00000024   Code   RO           40    i.OS_MailBox_Recv   os.o
    0x000017e8   0x00000024   Code   RO           41    i.OS_MailBox_Send   os.o
    0x0000180c   0x00000010   Code   RO           42    i.OS_MsTime         os.o
    0x0000181c   0x0000000c   Code   RO           43    i.OS_ReadPeriodicTime  os.o
    0x00001828   0x00000032   Code   RO           46    i.OS_Signal         os.o
    0x0000185a   0x00000002   PAD
    0x0000185c   0x00000038   Code   RO           47    i.OS_Sleep          os.o
    0x00001894   0x0000005c   Code   RO           48    i.OS_Suspend        os.o
    0x000018f0   0x00000010   Code   RO           49    i.OS_Time           os.o
    0x00001900   0x00000006   Code   RO           50    i.OS_TimeDifference  os.o
    0x00001906   0x00000030   Code   RO           51    i.OS_Wait           os.o
    0x00001936   0x0000002e   Code   RO           52    i.OS_bSignal        os.o
    0x00001964   0x00000030   Code   RO           53    i.OS_bWait          os.o
    0x00001994   0x00000010   Code   RO          299    i.OutCRLF           lab2.o
    0x000019a4   0x0000007c   Code   RO          300    i.PID               lab2.o
    0x00001a20   0x0000007c   Code   RO            1    i.PLL_Init          pll.o
    0x00001a9c   0x00000074   Code   RO          301    i.PortB_Init        lab2.o
    0x00001b10   0x00000034   Code   RO          304    i.Producer          lab2.o
    0x00001b44   0x0000003c   Code   RO          781    i.RxFifo_Get        uart.o
    0x00001b80   0x00000024   Code   RO          782    i.RxFifo_Init       uart.o
    0x00001ba4   0x0000003c   Code   RO          783    i.RxFifo_Put        uart.o
    0x00001be0   0x00000018   Code   RO          784    i.RxFifo_Size       uart.o
    0x00001bf8   0x000000f4   Code   RO          473    i.ST7735_DrawCharS  st7735.o
    0x00001cec   0x00000048   Code   RO          476    i.ST7735_DrawPixel  st7735.o
    0x00001d34   0x00000056   Code   RO          477    i.ST7735_DrawString  st7735.o
    0x00001d8a   0x00000002   PAD
    0x00001d8c   0x000000ac   Code   RO          478    i.ST7735_FillRect   st7735.o
    0x00001e38   0x00000024   Code   RO          479    i.ST7735_FillScreen  st7735.o
    0x00001e5c   0x00000088   Code   RO          481    i.ST7735_InitR      st7735.o
    0x00001ee4   0x00000088   Code   RO          483    i.ST7735_Message    st7735.o
    0x00001f6c   0x0000008c   Code   RO          486    i.ST7735_OutUDec    st7735.o
    0x00001ff8   0x00000020   Code   RO          495    i.ST7735_SetCursor  st7735.o
    0x00002018   0x00000030   Code   RO          305    i.SW1Push           lab2.o
    0x00002048   0x00000030   Code   RO          306    i.SW2Push           lab2.o
    0x00002078   0x000000a6   Code   RO           54    i.SetInitialStack   os.o
    0x0000211e   0x00000002   PAD
    0x00002120   0x00000118   Code   RO          746    i.Switch_Init       switch.o
    0x00002238   0x000000ac   Code   RO           55    i.Timer1A_Handler   os.o
    0x000022e4   0x0000007c   Code   RO           56    i.Timer1A_Init      os.o
    0x00002360   0x00000028   Code   RO           57    i.Timer2A_Handler   os.o
    0x00002388   0x00000058   Code   RO           58    i.Timer2_Init       os.o
    0x000023e0   0x0000003c   Code   RO          785    i.TxFifo_Get        uart.o
    0x0000241c   0x00000024   Code   RO          786    i.TxFifo_Init       uart.o
    0x00002440   0x0000003c   Code   RO          787    i.TxFifo_Put        uart.o
    0x0000247c   0x00000018   Code   RO          788    i.TxFifo_Size       uart.o
    0x00002494   0x00000058   Code   RO          789    i.UART0_Handler     uart.o
    0x000024ec   0x00000028   Code   RO          790    i.UART_InChar       uart.o
    0x00002514   0x00000046   Code   RO          791    i.UART_InString     uart.o
    0x0000255a   0x0000004c   Code   RO          792    i.UART_InUDec       uart.o
    0x000025a6   0x00000002   PAD
    0x000025a8   0x000000f8   Code   RO          794    i.UART_Init         uart.o
    0x000026a0   0x00000040   Code   RO          795    i.UART_OutChar      uart.o
    0x000026e0   0x00000018   Code   RO          796    i.UART_OutString    uart.o
    0x000026f8   0x0000002a   Code   RO          797    i.UART_OutUDec      uart.o
    0x00002722   0x00000002   PAD
    0x00002724   0x000000c0   Code   RO           59    i.addDeadToScheduler  os.o
    0x000027e4   0x00000168   Code   RO           60    i.addSleepToScheduler  os.o
    0x0000294c   0x000000f8   Code   RO           61    i.addThreadToBlocked  os.o
    0x00002a44   0x00000056   Code   RO          499    i.commandList       st7735.o
    0x00002a9a   0x00000002   PAD
    0x00002a9c   0x00000184   Code   RO          500    i.commonInit        st7735.o
    0x00002c20   0x0000003c   Code   RO          799    i.copyHardwareToSoftware  uart.o
    0x00002c5c   0x00000040   Code   RO          800    i.copySoftwareToHardware  uart.o
    0x00002c9c   0x00000002   Code   RO          307    i.dummy             lab2.o
    0x00002c9e   0x00000002   PAD
    0x00002ca0   0x00000048   Code   RO          503    i.fillmessage       st7735.o
    0x00002ce8   0x000000c4   Code   RO          308    i.main              lab2.o
    0x00002dac   0x00000012   Code   RO          505    i.pushColor         st7735.o
    0x00002dbe   0x00000002   PAD
    0x00002dc0   0x000000cc   Code   RO           63    i.removeAndAddToSingleList  os.o
    0x00002e8c   0x00000074   Code   RO          506    i.setAddrWindow     st7735.o
    0x00002f00   0x000000e0   Code   RO           64    i.threadRemover     os.o
    0x00002fe0   0x0000004c   Code   RO           65    i.traverseSleep     os.o
    0x0000302c   0x00000030   Code   RO          507    i.writecommand      st7735.o
    0x0000305c   0x00000020   Code   RO          508    i.writedata         st7735.o
    0x0000307c   0x000007e2   Data   RO          510    .constdata          st7735.o
    0x0000385e   0x00000002   PAD
    0x00003860   0x00000020   Data   RO         1078    Region$$Table       anon$$obj.o


    Execution Region ER_RW (Base: 0x20000000, Size: 0x00000168, Max: 0xffffffff, ABSOLUTE, COMPRESSED[0x00000010])

    Base Addr    Size         Type   Attr      Idx    E Section Name        Object

    0x20000000   0x00000098   Data   RW           68    .data               os.o
    0x20000098   0x00000034   Data   RW          311    .data               lab2.o
    0x200000cc   0x00000014   Data   RW          430    .data               adc.o
    0x200000e0   0x00000034   Data   RW          511    .data               st7735.o
    0x20000114   0x00000021   Data   RW          748    .data               switch.o
    0x20000135   0x00000003   PAD
    0x20000138   0x00000030   Data   RW          802    .data               uart.o


    Execution Region ER_ZI (Base: 0x20000168, Size: 0x00006168, Max: 0xffffffff, ABSOLUTE)

    Base Addr    Size         Type   Attr      Idx    E Section Name        Object

    0x20000168   0x000059a8   Zero   RW           66    .bss                os.o
    0x20005b10   0x00000330   Zero   RW          309    .bss                lab2.o
    0x20005e40   0x0000000c   Zero   RW          509    .bss                st7735.o
    0x20005e4c   0x00000020   Zero   RW          801    .bss                uart.o
    0x20005e6c   0x00000060   Zero   RW          955    .bss                c_w.l(libspace.o)
    0x20005ecc   0x00000004   PAD
    0x20005ed0   0x00000000   Zero   RW          413    HEAP                startup.o
    0x20005ed0   0x00000400   Zero   RW          412    STACK               startup.o


==============================================================================

Image component sizes


      Code (inc. data)   RO Data    RW Data    ZI Data      Debug   Object Name

      1264        140          0         20          0       3862   adc.o
       718        240          0          0          0        200   cr4_fft_64_stm32.o
      2146        568          0         52        816       8262   lab2.o
      3268        416          0        152      22952      21605   os.o
       160         20          0          0          0        196   osasm.o
        72          8          0          0          0        164   pid_stm32.o
       124          6          0          0          0       4587   pll.o
      1846        192       2018         52         12      11696   st7735.o
       692        632          0          0       1024        828   startup.o
       524        128          0         33          0       2349   switch.o
      1136        188          0         48         32       8395   uart.o

    ----------------------------------------------------------------------
     11968       2540       2052        360      24836      62144   Object Totals
         0          0         32          0          0          0   (incl. Generated)
        18          2          2          3          0          0   (incl. Padding)

    ----------------------------------------------------------------------

      Code (inc. data)   RO Data    RW Data    ZI Data      Debug   Library Member Name

        58          0          0          0          0          0   __dczerorl.o
         8          0          0          0          0         68   __main.o
        52          8          0          0          0          0   __scatter.o
        28          0          0          0          0          0   __scatter_zi.o
        12          0          0          0          0         72   exit.o
         6          0          0          0          0        152   heapauxi.o
         0          0          0          0          0          0   indicate_semi.o
         2          0          0          0          0          0   libinit.o
         2          0          0          0          0          0   libinit2.o
         2          0          0          0          0          0   libshutdown.o
         2          0          0          0          0          0   libshutdown2.o
         8          4          0          0         96         68   libspace.o
        78          0          0          0          0         80   rt_memclr_w.o
         0          0          0          0          0          0   rtentry.o
        12          0          0          0          0          0   rtentry2.o
         6          0          0          0          0          0   rtentry4.o
         2          0          0          0          0          0   rtexit.o
        10          0          0          0          0          0   rtexit2.o
        62          0          0          0          0         76   strlen.o
        12          4          0          0          0         68   sys_exit.o
        74          0          0          0          0         80   sys_stackheap_outer.o
         2          0          0          0          0         68   use_no_semi.o

    ----------------------------------------------------------------------
       444         16          0          0        100        732   Library Totals
         6          0          0          0          4          0   (incl. Padding)

    ----------------------------------------------------------------------

      Code (inc. data)   RO Data    RW Data    ZI Data      Debug   Library Name

       438         16          0          0         96        732   c_w.l

    ----------------------------------------------------------------------
       444         16          0          0        100        732   Library Totals

    ----------------------------------------------------------------------

==============================================================================


      Code (inc. data)   RO Data    RW Data    ZI Data      Debug   

     12412       2556       2052        360      24936      57624   Grand Totals
     12412       2556       2052         16      24936      57624   ELF Image Totals (compressed)
     12412       2556       2052         16          0          0   ROM Totals

==============================================================================

    Total RO  Size (Code + RO Data)                14464 (  14.13kB)
    Total RW  Size (RW Data + ZI Data)             25296 (  24.70kB)
    Total ROM Size (Code + RO Data + RW Data)      14480 (  14.14kB)

==============================================================================

