<html>
<body>
<pre>
<h1>µVision Build Log</h1>
<h2>Project:</h2>
C:\EE445M\Lab1Correct\UARTInts.uvproj
Project File Date:  02/05/2016

<h2>Output:</h2>
Rebuild target 'UARTInts'
assembling startup.s...
compiling PLL.c...
compiling UARTIntsTestMain.c...
compiling UART.c...
compiling OS.c...
OS.c(80): warning:  #1-D: last line of file ends without a newline
        
OS.c: 1 warning, 0 errors
compiling ST7735.c...
compiling ADC.c...
linking...
Program Size: Code=5812 RO-data=2052 RW-data=80 ZI-data=1152  
".\UARTInts.axf" - 0 Error(s), 1 Warning(s).
</pre>
</body>
</html>
ect\\UARTInts.axf" 
Connecting: Mode=JTAG, Speed=1000000Hz
Erase Done.
Programming Done.
Verify OK.
compiling OS.c...
OS.c(79): warning:  #1-D: last line of file ends without a newline
        
OS.c: 1 warning, 0 errors
"OS.c" - 0 Error(s), 1 Warning(s).
