<html>
<body>
<pre>
<h1>µVision Build Log</h1>
<h2>Project:</h2>
C:\RTOS-from-bottom-up\Lab1Correct\UARTInts.uvproj
Project File Date:  02/03/2016

<h2>Output:</h2>
Rebuild target 'UARTInts'
assembling startup.s...
compiling PLL.c...
compiling UARTIntsTestMain.c...
compiling UART.c...
compiling OS.c...
compiling ST7735.c...
compiling ADC.c...
linking...
Program Size: Code=1716 RO-data=32 RW-data=36 ZI-data=1156  
".\UARTInts.axf" - 0 Error(s), 0 Warning(s).
</pre>
</body>
</html>
cTime - give arg types
  unsigned long OS_ReadPeriodicTime();
OS.h(25): warning:  #1295-D: Deprecated declaration Timer1A_Handler - give arg types
  void Timer1A_Handler();
OS.c: 3 warnings, 0 errors
compiling ST7735.c...
compiling ADC.c...
linking...
Program Size: Code=2616 RO-data=32 RW-data=36 ZI-data=1156  
".\UARTInts.axf" - 0 Error(s), 3 Warning(s).
