<html>
<body>
<pre>
<h1>µVision Build Log</h1>
<h2>Project:</h2>
C:\EE445M\UARTInts_4C123\UARTInts.uvproj
Project File Date:  02/05/2016

<h2>Output:</h2>
Rebuild target 'UARTInts'
assembling startup.s...
compiling PLL.c...
compiling UARTIntsTestMain.c...
compiling UART.c...
linking...
Program Size: Code=2536 RO-data=32 RW-data=16 ZI-data=1152  
".\UARTInts.axf" - 0 Error(s), 0 Warning(s).
Load "C:\\EE445M\\UARTInts_4C123\\UARTInts.axf" 
Connecting: Mode=JTAG, Speed=1000000Hz
Erase Done.
Programming Done.
Verify OK.
</pre>
</body>
</html>
