<html>
<body>
<pre>
<h1>µVision Build Log</h1>
<h2>Project:</h2>
C:\445M\SDCFile_4C123\SDCFile.uvproj
Project File Date:  02/22/2016

<h2>Output:</h2>
Rebuild target 'SDCFile'
assembling startup.s...
compiling diskio.c...
compiling ff.c...
compiling PLL.c...
compiling SDCFile.c...
compiling ST7735.c...
linking...
Program Size: Code=13252 RO-data=2068 RW-data=68 ZI-data=3308  
".\SDCFile.axf" - 0 Error(s), 0 Warning(s).
Load "C:\\445M\\SDCFile_4C123\\SDCFile.axf" 
Connecting: Mode=JTAG, Speed=1000000Hz
Erase Done.
Programming Done.
Verify OK.
</pre>
</body>
</html>
