<html>
<body>
<pre>
<h1>µVision Build Log</h1>
<h2>Project:</h2>
C:\RTOS-from-bottom-up\Lab1\UARTInts.uvproj
Project File Date:  02/03/2016

<h2>Output:</h2>
Rebuild target 'UARTInts'
assembling startup.s...
compiling PLL.c...
compiling UARTIntsTestMain.c...
compiling UART.c...
compiling ADC.c...
compiling ST7735.c...
linking...
Program Size: Code=2576 RO-data=32 RW-data=28 ZI-data=1156  
".\UARTInts.axf" - 0 Error(s), 0 Warning(s).
</pre>
</body>
</html>
00E: Symbol TxGetI multiply defined (by fifo.o and uart.o).
.\UARTInts.axf: Error: L6200E: Symbol RxFifo_Get multiply defined (by fifo.o and uart.o).
.\UARTInts.axf: Error: L6200E: Symbol RxFifo_Init multiply defined (by fifo.o and uart.o).
.\UARTInts.axf: Error: L6200E: Symbol RxFifo_Put multiply defined (by fifo.o and uart.o).
.\UARTInts.axf: Error: L6200E: Symbol RxFifo_Size multiply defined (by fifo.o and uart.o).
.\UARTInts.axf: Error: L6200E: Symbol TxFifo_Get multiply defined (by fifo.o and uart.o).
.\UARTInts.axf: Error: L6200E: Symbol TxFifo_Init multiply defined (by fifo.o and uart.o).
.\UARTInts.axf: Error: L6200E: Symbol TxFifo_Put multiply defined (by fifo.o and uart.o).
.\UARTInts.axf: Error: L6200E: Symbol TxFifo_Size multiply defined (by fifo.o and uart.o).
Not enough information to list image symbols.
Not enough information to list the image map.
Finished: 2 information, 0 warning and 10 error messages.
".\UARTInts.axf" - 10 Error(s), 0 Warning(s).
Target not created
