ARM Linker, 5.03 [Build 76] [MDK-ARM Professional]

==============================================================================

Section Cross References

    os.o(i.OS_AddPeriodicThread) refers to startup.o(.text) for StartCritical
    os.o(i.OS_AddPeriodicThread) refers to osasm.o(.text) for OS_DisableInterrupts
    os.o(i.OS_AddPeriodicThread) refers to os.o(i.removeAndAddToSingleList) for removeAndAddToSingleList
    os.o(i.OS_AddPeriodicThread) refers to os.o(.data) for DeadPeriodicPt
    os.o(i.OS_AddSW1Task) refers to switch.o(i.Switch_Init) for Switch_Init
    os.o(i.OS_AddSW2Task) refers to switch.o(i.Switch_Init) for Switch_Init
    os.o(i.OS_AddThread) refers to startup.o(.text) for StartCritical
    os.o(i.OS_AddThread) refers to osasm.o(.text) for OS_DisableInterrupts
    os.o(i.OS_AddThread) refers to os.o(i.SetInitialStack) for SetInitialStack
    os.o(i.OS_AddThread) refers to os.o(i.addDeadToScheduler) for addDeadToScheduler
    os.o(i.OS_AddThread) refers to os.o(i.OS_Suspend) for OS_Suspend
    os.o(i.OS_AddThread) refers to os.o(.data) for DeadPt
    os.o(i.OS_Block) refers to os.o(i.addThreadToBlocked) for addThreadToBlocked
    os.o(i.OS_Block) refers to os.o(.data) for switched
    os.o(i.OS_ClearMsTime) refers to os.o(.data) for timerMsCounter
    os.o(i.OS_Fifo_Get) refers to os.o(i.OS_Wait) for OS_Wait
    os.o(i.OS_Fifo_Get) refers to os.o(i.OS_bWait) for OS_bWait
    os.o(i.OS_Fifo_Get) refers to os.o(i.OS_bSignal) for OS_bSignal
    os.o(i.OS_Fifo_Get) refers to os.o(.data) for dataAvailable
    os.o(i.OS_Fifo_Get) refers to os.o(.bss) for TxFifo
    os.o(i.OS_Fifo_Init) refers to os.o(i.OS_InitSemaphore) for OS_InitSemaphore
    os.o(i.OS_Fifo_Init) refers to os.o(.data) for OS_TxGetI
    os.o(i.OS_Fifo_Put) refers to os.o(i.OS_Signal) for OS_Signal
    os.o(i.OS_Fifo_Put) refers to os.o(.data) for OS_TxPutI
    os.o(i.OS_Fifo_Put) refers to os.o(.bss) for TxFifo
    os.o(i.OS_Fifo_Size) refers to os.o(i.OS_bWait) for OS_bWait
    os.o(i.OS_Fifo_Size) refers to os.o(i.OS_bSignal) for OS_bSignal
    os.o(i.OS_Fifo_Size) refers to os.o(.data) for mutex
    os.o(i.OS_Id) refers to os.o(.data) for RunPt
    os.o(i.OS_Init) refers to osasm.o(.text) for OS_DisableInterrupts
    os.o(i.OS_Init) refers to pll.o(i.PLL_Init) for PLL_Init
    os.o(i.OS_Init) refers to uart.o(i.UART_Init) for UART_Init
    os.o(i.OS_Init) refers to os.o(.bss) for threadPool
    os.o(i.OS_Init) refers to os.o(.data) for DeadPt
    os.o(i.OS_Kill) refers to osasm.o(.text) for OS_DisableInterrupts
    os.o(i.OS_Kill) refers to os.o(i.threadRemover) for threadRemover
    os.o(i.OS_Kill) refers to os.o(i.OS_Suspend) for OS_Suspend
    os.o(i.OS_Kill) refers to os.o(.data) for DeadPt
    os.o(i.OS_Launch) refers to os.o(i.Timer2_Init) for Timer2_Init
    os.o(i.OS_Launch) refers to os.o(i.Timer1A_Init) for Timer1A_Init
    os.o(i.OS_Launch) refers to osasm.o(.text) for StartOS
    os.o(i.OS_Launch) refers to os.o(.data) for SchedulerPt
    os.o(i.OS_MailBox_Init) refers to os.o(i.OS_InitSemaphore) for OS_InitSemaphore
    os.o(i.OS_MailBox_Init) refers to os.o(.data) for mailBoxFree
    os.o(i.OS_MailBox_Recv) refers to os.o(i.OS_bWait) for OS_bWait
    os.o(i.OS_MailBox_Recv) refers to os.o(i.OS_bSignal) for OS_bSignal
    os.o(i.OS_MailBox_Recv) refers to os.o(.data) for dataValid
    os.o(i.OS_MailBox_Send) refers to os.o(i.OS_bWait) for OS_bWait
    os.o(i.OS_MailBox_Send) refers to os.o(i.OS_bSignal) for OS_bSignal
    os.o(i.OS_MailBox_Send) refers to os.o(.data) for mailBoxFree
    os.o(i.OS_MsTime) refers to os.o(.data) for timerMsCounter
    os.o(i.OS_ReadPeriodicTime) refers to os.o(.data) for timerCounter
    os.o(i.OS_SW1Jitter) refers to os.o(i.OS_Time) for OS_Time
    os.o(i.OS_SW1Jitter) refers to os.o(i.OS_TimeDifference) for OS_TimeDifference
    os.o(i.OS_SW1Jitter) refers to os.o(.data) for LastTime
    os.o(i.OS_SW1Jitter) refers to os.o(.bss) for SW1JitterHistogram
    os.o(i.OS_SW2Jitter) refers to os.o(i.OS_Time) for OS_Time
    os.o(i.OS_SW2Jitter) refers to os.o(i.OS_TimeDifference) for OS_TimeDifference
    os.o(i.OS_SW2Jitter) refers to os.o(.data) for LastTime
    os.o(i.OS_SW2Jitter) refers to os.o(.bss) for SW2JitterHistogram
    os.o(i.OS_Signal) refers to startup.o(.text) for StartCritical
    os.o(i.OS_Signal) refers to os.o(i.addDeadToScheduler) for addDeadToScheduler
    os.o(i.OS_Sleep) refers to osasm.o(.text) for OS_DisableInterrupts
    os.o(i.OS_Sleep) refers to os.o(i.threadRemover) for threadRemover
    os.o(i.OS_Sleep) refers to os.o(i.OS_Suspend) for OS_Suspend
    os.o(i.OS_Sleep) refers to os.o(.data) for SleepPt
    os.o(i.OS_Time) refers to os.o(.data) for timerCounter
    os.o(i.OS_Wait) refers to startup.o(.text) for StartCritical
    os.o(i.OS_Wait) refers to os.o(i.OS_Block) for OS_Block
    os.o(i.OS_Wait) refers to os.o(i.OS_Suspend) for OS_Suspend
    os.o(i.OS_Wait) refers to osasm.o(.text) for OS_EnableInterrupts
[...]
    rtentry2.o(.ARM.exidx) refers to rtentry2.o(.ARM.Collect$$rtentry$$00000001) for .ARM.Collect$$rtentry$$00000001
    rtentry2.o(.ARM.exidx) refers to rtentry2.o(.ARM.Collect$$rtentry$$00000008) for .ARM.Collect$$rtentry$$00000008
    rtentry2.o(.ARM.exidx) refers to rtentry2.o(.ARM.Collect$$rtentry$$0000000A) for .ARM.Collect$$rtentry$$0000000A
    rtentry2.o(.ARM.exidx) refers to rtentry2.o(.ARM.Collect$$rtentry$$0000000B) for .ARM.Collect$$rtentry$$0000000B
    rtentry2.o(.ARM.exidx) refers to rtentry2.o(.ARM.Collect$$rtentry$$0000000D) for .ARM.Collect$$rtentry$$0000000D
    rtentry4.o(.ARM.Collect$$rtentry$$00000004) refers to sys_stackheap_outer.o(.text) for __user_setup_stackheap
    rtentry4.o(.ARM.exidx) refers to rtentry4.o(.ARM.Collect$$rtentry$$00000004) for .ARM.Collect$$rtentry$$00000004
    sys_stackheap_outer.o(.text) refers to libspace.o(.text) for __user_perproc_libspace
    sys_stackheap_outer.o(.text) refers to startup.o(.text) for __user_initial_stackheap
    exit.o(.text) refers to rtexit.o(.ARM.Collect$$rtexit$$00000000) for __rt_exit
    libinit.o(.ARM.Collect$$libinit$$00000000) refers (Special) to libinit2.o(.ARM.Collect$$libinit$$0000002C) for __rt_lib_init_alloca_1
    libinit.o(.ARM.Collect$$libinit$$00000000) refers (Special) to libinit2.o(.ARM.Collect$$libinit$$0000002A) for __rt_lib_init_argv_1
    libinit.o(.ARM.Collect$$libinit$$00000000) refers (Special) to libinit2.o(.ARM.Collect$$libinit$$00000019) for __rt_lib_init_atexit_1
    libinit.o(.ARM.Collect$$libinit$$00000000) refers (Special) to libinit2.o(.ARM.Collect$$libinit$$0000001F) for __rt_lib_init_clock_1
    libinit.o(.ARM.Collect$$libinit$$00000000) refers (Special) to libinit2.o(.ARM.Collect$$libinit$$00000030) for __rt_lib_init_cpp_1
    libinit.o(.ARM.Collect$$libinit$$00000000) refers (Special) to libinit2.o(.ARM.Collect$$libinit$$0000002E) for __rt_lib_init_exceptions_1
    libinit.o(.ARM.Collect$$libinit$$00000000) refers (Special) to libinit2.o(.ARM.Collect$$libinit$$00000002) for __rt_lib_init_fp_1
    libinit.o(.ARM.Collect$$libinit$$00000000) refers (Special) to libinit2.o(.ARM.Collect$$libinit$$0000001D) for __rt_lib_init_fp_trap_1
    libinit.o(.ARM.Collect$$libinit$$00000000) refers (Special) to libinit2.o(.ARM.Collect$$libinit$$00000021) for __rt_lib_init_getenv_1
    libinit.o(.ARM.Collect$$libinit$$00000000) refers (Special) to libinit2.o(.ARM.Collect$$libinit$$00000008) for __rt_lib_init_heap_1
    libinit.o(.ARM.Collect$$libinit$$00000000) refers (Special) to libinit2.o(.ARM.Collect$$libinit$$0000000F) for __rt_lib_init_lc_collate_1
    libinit.o(.ARM.Collect$$libinit$$00000000) refers (Special) to libinit2.o(.ARM.Collect$$libinit$$00000011) for __rt_lib_init_lc_ctype_1
    libinit.o(.ARM.Collect$$libinit$$00000000) refers (Special) to libinit2.o(.ARM.Collect$$libinit$$00000013) for __rt_lib_init_lc_monetary_1
    libinit.o(.ARM.Collect$$libinit$$00000000) refers (Special) to libinit2.o(.ARM.Collect$$libinit$$00000015) for __rt_lib_init_lc_numeric_1
    libinit.o(.ARM.Collect$$libinit$$00000000) refers (Special) to libinit2.o(.ARM.Collect$$libinit$$00000017) for __rt_lib_init_lc_time_1
    libinit.o(.ARM.Collect$$libinit$$00000000) refers (Special) to libinit2.o(.ARM.Collect$$libinit$$0000000C) for __rt_lib_init_rand_1
    libinit.o(.ARM.Collect$$libinit$$00000000) refers (Special) to libinit2.o(.ARM.Collect$$libinit$$00000031) for __rt_lib_init_return
    libinit.o(.ARM.Collect$$libinit$$00000000) refers (Special) to libinit2.o(.ARM.Collect$$libinit$$0000001B) for __rt_lib_init_signal_1
    libinit.o(.ARM.Collect$$libinit$$00000000) refers (Special) to libinit2.o(.ARM.Collect$$libinit$$00000023) for __rt_lib_init_stdio_1
    libinit.o(.ARM.Collect$$libinit$$00000000) refers (Special) to libinit2.o(.ARM.Collect$$libinit$$0000000A) for __rt_lib_init_user_alloc_1
    libspace.o(.text) refers to libspace.o(.bss) for __libspace_start
    rtexit.o(.ARM.Collect$$rtexit$$00000000) refers (Special) to rtexit2.o(.ARM.Collect$$rtexit$$00000004) for __rt_exit_exit
    rtexit.o(.ARM.Collect$$rtexit$$00000000) refers (Special) to rtexit2.o(.ARM.Collect$$rtexit$$00000003) for __rt_exit_ls
    rtexit.o(.ARM.Collect$$rtexit$$00000000) refers (Special) to rtexit2.o(.ARM.Collect$$rtexit$$00000002) for __rt_exit_prels_1
    rtexit.o(.ARM.exidx) refers (Special) to rtexit2.o(.ARM.Collect$$rtexit$$00000004) for __rt_exit_exit
    rtexit.o(.ARM.exidx) refers (Special) to rtexit2.o(.ARM.Collect$$rtexit$$00000003) for __rt_exit_ls
    rtexit.o(.ARM.exidx) refers (Special) to rtexit2.o(.ARM.Collect$$rtexit$$00000002) for __rt_exit_prels_1
    rtexit.o(.ARM.exidx) refers to rtexit.o(.ARM.Collect$$rtexit$$00000000) for .ARM.Collect$$rtexit$$00000000
    libinit2.o(.ARM.Collect$$libinit$$0000000E) refers to libinit2.o(.ARM.Collect$$libinit$$0000000D) for .ARM.Collect$$libinit$$0000000D
    libinit2.o(.ARM.Collect$$libinit$$00000010) refers to libinit2.o(.ARM.Collect$$libinit$$0000000D) for .ARM.Collect$$libinit$$0000000D
    libinit2.o(.ARM.Collect$$libinit$$00000012) refers to libinit2.o(.ARM.Collect$$libinit$$0000000D) for .ARM.Collect$$libinit$$0000000D
    libinit2.o(.ARM.Collect$$libinit$$00000014) refers to libinit2.o(.ARM.Collect$$libinit$$0000000D) for .ARM.Collect$$libinit$$0000000D
    libinit2.o(.ARM.Collect$$libinit$$00000016) refers to libinit2.o(.ARM.Collect$$libinit$$0000000D) for .ARM.Collect$$libinit$$0000000D
    libinit2.o(.ARM.Collect$$libinit$$00000024) refers to argv_veneer.o(.emb_text) for __ARM_argv_veneer
    libinit2.o(.ARM.Collect$$libinit$$00000025) refers to argv_veneer.o(.emb_text) for __ARM_argv_veneer
    rtexit2.o(.ARM.Collect$$rtexit$$00000003) refers to libshutdown.o(.ARM.Collect$$libshutdown$$00000000) for __rt_lib_shutdown
    rtexit2.o(.ARM.Collect$$rtexit$$00000004) refers to sys_exit.o(.text) for _sys_exit
    rtexit2.o(.ARM.exidx) refers to rtexit2.o(.ARM.Collect$$rtexit$$00000001) for .ARM.Collect$$rtexit$$00000001
    rtexit2.o(.ARM.exidx) refers to rtexit2.o(.ARM.Collect$$rtexit$$00000003) for .ARM.Collect$$rtexit$$00000003
    rtexit2.o(.ARM.exidx) refers to rtexit2.o(.ARM.Collect$$rtexit$$00000004) for .ARM.Collect$$rtexit$$00000004
    argv_veneer.o(.emb_text) refers to no_argv.o(.text) for __ARM_get_argv
    sys_exit.o(.text) refers (Special) to use_no_semi.o(.text) for __I$use$semihosting
    sys_exit.o(.text) refers (Special) to indicate_semi.o(.text) for __semihosting_library_function
    _get_argv_nomalloc.o(.text) refers (Special) to hrguard.o(.text) for __heap_region$guard
    _get_argv_nomalloc.o(.text) refers to defsig_rtmem_outer.o(.text) for __rt_SIGRTMEM
    _get_argv_nomalloc.o(.text) refers to sys_command.o(.text) for _sys_command_string
    libshutdown.o(.ARM.Collect$$libshutdown$$00000000) refers (Special) to libshutdown2.o(.ARM.Collect$$libshutdown$$00000006) for __rt_lib_shutdown_fp_trap_1
    libshutdown.o(.ARM.Collect$$libshutdown$$00000000) refers (Special) to libshutdown2.o(.ARM.Collect$$libshutdown$$0000000E) for __rt_lib_shutdown_heap_1
    libshutdown.o(.ARM.Collect$$libshutdown$$00000000) refers (Special) to libshutdown2.o(.ARM.Collect$$libshutdown$$0000000F) for __rt_lib_shutdown_return
    libshutdown.o(.ARM.Collect$$libshutdown$$00000000) refers (Special) to libshutdown2.o(.ARM.Collect$$libshutdown$$00000009) for __rt_lib_shutdown_signal_1
    libshutdown.o(.ARM.Collect$$libshutdown$$00000000) refers (Special) to libshutdown2.o(.ARM.Collect$$libshutdown$$00000003) for __rt_lib_shutdown_stdio_1
    libshutdown.o(.ARM.Collect$$libshutdown$$00000000) refers (Special) to libshutdown2.o(.ARM.Collect$$libshutdown$$0000000B) for __rt_lib_shutdown_user_alloc_1
    sys_command.o(.text) refers (Special) to use_no_semi.o(.text) for __I$use$semihosting
    sys_command.o(.text) refers (Special) to indicate_semi.o(.text) for __semihosting_library_function
    defsig_rtmem_outer.o(.text) refers to defsig_rtmem_inner.o(.text) for __rt_SIGRTMEM_inner
    defsig_rtmem_outer.o(.text) refers to defsig_exit.o(.text) for __sig_exit
    defsig_rtmem_formal.o(.text) refers to rt_raise.o(.text) for __rt_raise
    rt_raise.o(.text) refers to __raise.o(.text) for __raise
    rt_raise.o(.text) refers to sys_exit.o(.text) for _sys_exit
    defsig_exit.o(.text) refers to sys_exit.o(.text) for _sys_exit
    defsig_rtmem_inner.o(.text) refers to defsig_general.o(.text) for __default_signal_display
    __raise.o(.text) refers to defsig.o(CL$$defsig) for __default_signal_handler
    defsig_general.o(.text) refers to sys_wrch.o(.text) for _ttywrch
    sys_wrch.o(.text) refers (Special) to use_no_semi.o(.text) for __I$use$semihosting
    sys_wrch.o(.text) refers (Special) to indicate_semi.o(.text) for __semihosting_library_function
    defsig.o(CL$$defsig) refers to defsig_rtmem_inner.o(.text) for __rt_SIGRTMEM_inner
    defsig_abrt_inner.o(.text) refers to defsig_general.o(.text) for __default_signal_display
    defsig_fpe_inner.o(.text) refers to defsig_general.o(.text) for __default_signal_display
    defsig_rtred_inner.o(.text) refers to defsig_general.o(.text) for __default_signal_display
    defsig_stak_inner.o(.text) refers to defsig_general.o(.text) for __default_signal_display
    defsig_pvfn_inner.o(.text) refers to defsig_general.o(.text) for __default_signal_display
    defsig_cppl_inner.o(.text) refers to defsig_general.o(.text) for __default_signal_display
    defsig_segv_inner.o(.text) refers to defsig_general.o(.text) for __default_signal_display
    defsig_other.o(.text) refers to defsig_general.o(.text) for __default_signal_display


==============================================================================

Removing Unused input sections from the image.

    Removing os.o(i.OS_AddSW1Task), (20 bytes).
    Removing os.o(i.OS_AddSW2Task), (20 bytes).
    Removing os.o(i.OS_ClearMsTime), (12 bytes).
    Removing os.o(i.OS_Fifo_Get), (80 bytes).
    Removing os.o(i.OS_Fifo_Init), (48 bytes).
    Removing os.o(i.OS_Fifo_Size), (40 bytes).
    Removing os.o(i.OS_Id), (16 bytes).
    Removing os.o(i.OS_MailBox_Init), (32 bytes).
    Removing os.o(i.OS_MailBox_Recv), (36 bytes).
    Removing os.o(i.OS_MailBox_Send), (36 bytes).
    Removing os.o(i.OS_MsTime), (16 bytes).
    Removing os.o(i.OS_ReadPeriodicTime), (12 bytes).
    Removing os.o(i.OS_SW1Jitter), (100 bytes).
    Removing os.o(i.OS_SW2Jitter), (100 bytes).
    Removing os.o(i.OS_Time), (16 bytes).
    Removing os.o(i.OS_TimeDifference), (6 bytes).
    Removing os.o(i.OS_bSignal), (50 bytes).
    Removing os.o(i.OS_bWait), (48 bytes).
    Removing os.o(i.millisecondsToCount), (12 bytes).
    Removing os.o(.constdata), (8 bytes).
    Removing switch.o(i.GPIOArm), (56 bytes).
    Removing switch.o(i.Switch_Init), (280 bytes).
    Removing switch.o(i.Switch_Input), (16 bytes).
    Removing uart.o(i.UART_InUDec), (76 bytes).
    Removing uart.o(i.UART_InUHex), (108 bytes).
    Removing uart.o(i.UART_OutUHex), (52 bytes).
    Removing lab4.o(i.ButtonPush), (48 bytes).
    Removing lab4.o(i.DownPush), (2 bytes).
    Removing lab4.o(i.Robot), (88 bytes).
    Removing lab4.o(i.RunTest), (32 bytes).
    Removing lab4.o(i.TestDisk), (252 bytes).
    Removing lab4.o(i.TestFile), (868 bytes).
    Removing lab4.o(i.main1), (104 bytes).
    Removing lab4.o(i.realmain), (172 bytes).
    Removing edisk.o(i.chk_power), (12 bytes).
    Removing edisk.o(i.disk_ioctl), (424 bytes).
    Removing edisk.o(i.get_fattime), (8 bytes).
    Removing adc.o(i.ADC_Collect), (76 bytes).
    Removing adc.o(i.ADC_In), (12 bytes).
    Removing adc.o(i.ADC_Init), (232 bytes).
    Removing adc.o(i.ADC_Open), (876 bytes).
    Removing efile.o(i.eFile_EndRedirectToFile), (28 bytes).
    Removing efile.o(i.eFile_RClose), (108 bytes).
    Removing efile.o(i.eFile_ROpen), (192 bytes).
    Removing efile.o(i.eFile_ReadNext), (160 bytes).
    Removing efile.o(i.eFile_RedirectToFile), (36 bytes).
    Removing efile.o(i.eFile_WClose), (76 bytes).
    Removing efile.o(i.eFile_WOpen), (140 bytes).
    Removing efile.o(i.eFile_Write), (136 bytes).
    Removing efile.o(i.getBufferDataSize), (14 bytes).

50 unused section(s) (total 5392 bytes) removed from the image.

==============================================================================

Image Symbol Table

    Local Symbols

    Symbol Name                              Value     Ov Type        Size  Object(Section)

    RESET                                    0x00000000   Section      644  startup.o(RESET)
    ../clib/angel/boardlib.s                 0x00000000   Number         0  boardinit3.o ABSOLUTE
    ../clib/angel/boardlib.s                 0x00000000   Number         0  boardinit2.o ABSOLUTE
    ../clib/angel/boardlib.s                 0x00000000   Number         0  boardshut.o ABSOLUTE
    ../clib/angel/boardlib.s                 0x00000000   Number         0  boardinit1.o ABSOLUTE
    ../clib/angel/dczerorl.s                 0x00000000   Number         0  __dczerorl.o ABSOLUTE
    ../clib/angel/handlers.s                 0x00000000   Number         0  __scatter_zi.o ABSOLUTE
    ../clib/angel/kernel.s                   0x00000000   Number         0  rtexit.o ABSOLUTE
    ../clib/angel/kernel.s                   0x00000000   Number         0  rtentry4.o ABSOLUTE
    ../clib/angel/kernel.s                   0x00000000   Number         0  rtentry2.o ABSOLUTE
    ../clib/angel/kernel.s                   0x00000000   Number         0  rtentry.o ABSOLUTE
    ../clib/angel/kernel.s                   0x00000000   Number         0  rtexit2.o ABSOLUTE
    ../clib/angel/rt.s                       0x00000000   Number         0  rt_raise.o ABSOLUTE
    ../clib/angel/scatter.s                  0x00000000   Number         0  __scatter.o ABSOLUTE
    ../clib/angel/startup.s                  0x00000000   Number         0  __main.o ABSOLUTE
    ../clib/angel/sys.s                      0x00000000   Number         0  indicate_semi.o ABSOLUTE
    ../clib/angel/sys.s                      0x00000000   Number         0  libspace.o ABSOLUTE
    ../clib/angel/sys.s                      0x00000000   Number         0  sys_stackheap_outer.o ABSOLUTE
    ../clib/angel/sys.s                      0x00000000   Number         0  use_no_semi.o ABSOLUTE
    ../clib/angel/sysapp.c                   0x00000000   Number         0  sys_exit.o ABSOLUTE
    ../clib/angel/sysapp.c                   0x00000000   Number         0  sys_wrch.o ABSOLUTE
    ../clib/angel/sysapp.c                   0x00000000   Number         0  sys_command.o ABSOLUTE
    ../clib/armsys.c                         0x00000000   Number         0  _get_argv_nomalloc.o ABSOLUTE
    ../clib/armsys.c                         0x00000000   Number         0  no_argv.o ABSOLUTE
    ../clib/armsys.c                         0x00000000   Number         0  argv_veneer.o ABSOLUTE
    ../clib/armsys.c                         0x00000000   Number         0  argv_veneer.o ABSOLUTE
    ../clib/heapalloc.c                      0x00000000   Number         0  hrguard.o ABSOLUTE
    ../clib/heapaux.c                        0x00000000   Number         0  heapauxi.o ABSOLUTE
    ../clib/libinit.s                        0x00000000   Number         0  libinit2.o ABSOLUTE
    ../clib/libinit.s                        0x00000000   Number         0  libinit.o ABSOLUTE
    ../clib/libinit.s                        0x00000000   Number         0  libshutdown.o ABSOLUTE
    ../clib/libinit.s                        0x00000000   Number         0  libshutdown2.o ABSOLUTE
    ../clib/memcpset.s                       0x00000000   Number         0  strcmpv7m.o ABSOLUTE
    ../clib/signal.c                         0x00000000   Number         0  defsig_rtred_inner.o ABSOLUTE
    ../clib/signal.c                         0x00000000   Number         0  defsig_stak_inner.o ABSOLUTE
    ../clib/signal.c                         0x00000000   Number         0  defsig_general.o ABSOLUTE
    ../clib/signal.c                         0x00000000   Number         0  defsig_other.o ABSOLUTE
    ../clib/signal.c                         0x00000000   Number         0  defsig_segv_inner.o ABSOLUTE
    ../clib/signal.c                         0x00000000   Number         0  defsig_cppl_inner.o ABSOLUTE
    ../clib/signal.c                         0x00000000   Number         0  defsig_pvfn_inner.o ABSOLUTE
    ../clib/signal.c                         0x00000000   Number         0  defsig_exit.o ABSOLUTE
    ../clib/signal.c                         0x00000000   Number         0  __raise.o ABSOLUTE
    ../clib/signal.c                         0x00000000   Number         0  defsig_rtmem_inner.o ABSOLUTE
    ../clib/signal.c                         0x00000000   Number         0  defsig_rtmem_outer.o ABSOLUTE
    ../clib/signal.c                         0x00000000   Number         0  defsig_rtmem_formal.o ABSOLUTE
    ../clib/signal.c                         0x00000000   Number         0  defsig_abrt_inner.o ABSOLUTE
    ../clib/signal.c                         0x00000000   Number         0  defsig_fpe_inner.o ABSOLUTE
    ../clib/signal.s                         0x00000000   Number         0  defsig.o ABSOLUTE
    ../clib/stdlib.c                         0x00000000   Number         0  exit.o ABSOLUTE
    ../clib/string.c                         0x00000000   Number         0  strcpy.o ABSOLUTE
    ../fplib/fpinit.s                        0x00000000   Number         0  fpinit.o ABSOLUTE
    ADC.c                                    0x00000000   Number         0  adc.o ABSOLUTE
    Lab4.c                                   0x00000000   Number         0  lab4.o ABSOLUTE
    OS.c                                     0x00000000   Number         0  os.o ABSOLUTE
    OSasm.s                                  0x00000000   Number         0  osasm.o ABSOLUTE
    PLL.c                                    0x00000000   Number         0  pll.o ABSOLUTE
    Switch.c                                 0x00000000   Number         0  switch.o ABSOLUTE
    UART.c                                   0x00000000   Number         0  uart.o ABSOLUTE
    dc.s                                     0x00000000   Number         0  dc.o ABSOLUTE
    edisk.c                                  0x00000000   Number         0  edisk.o ABSOLUTE
    efile.c                                  0x00000000   Number         0  efile.o ABSOLUTE
    startup.s                                0x00000000   Number         0  startup.o ABSOLUTE
    !!!main                                  0x00000284   Section        8  __main.o(!!!main)
    !!!scatter                               0x0000028c   Section       52  __scatter.o(!!!scatter)
    !!dczerorl                               0x000002c0   Section       58  __dczerorl.o(!!dczerorl)
    !!handler_zi                             0x000002fc   Section       28  __scatter_zi.o(!!handler_zi)
    .ARM.Collect$$libinit$$00000000          0x00000318   Section        2  libinit.o(.ARM.Collect$$libinit$$00000000)
    .ARM.Collect$$libinit$$00000002          0x0000031a   Section        0  libinit2.o(.ARM.Collect$$libinit$$00000002)
    .ARM.Collect$$libinit$$00000008          0x0000031a   Section        0  libinit2.o(.ARM.Collect$$libinit$$00000008)
    .ARM.Collect$$libinit$$0000000A          0x0000031a   Section        0  libinit2.o(.ARM.Collect$$libinit$$0000000A)
    .ARM.Collect$$libinit$$0000000C          0x0000031a   Section        0  libinit2.o(.ARM.Collect$$libinit$$0000000C)
    .ARM.Collect$$libinit$$0000000F          0x0000031a   Section        0  libinit2.o(.ARM.Collect$$libinit$$0000000F)
    .ARM.Collect$$libinit$$00000011          0x0000031a   Section        0  libinit2.o(.ARM.Collect$$libinit$$00000011)
    .ARM.Collect$$libinit$$00000013          0x0000031a   Section        0  libinit2.o(.ARM.Collect$$libinit$$00000013)
    .ARM.Collect$$libinit$$00000015          0x0000031a   Section        0  libinit2.o(.ARM.Collect$$libinit$$00000015)
    .ARM.Collect$$libinit$$00000017          0x0000031a   Section        0  libinit2.o(.ARM.Collect$$libinit$$00000017)
    .ARM.Collect$$libinit$$00000019          0x0000031a   Section        0  libinit2.o(.ARM.Collect$$libinit$$00000019)
    .ARM.Collect$$libinit$$0000001B          0x0000031a   Section        0  libinit2.o(.ARM.Collect$$libinit$$0000001B)
    .ARM.Collect$$libinit$$0000001D          0x0000031a   Section        0  libinit2.o(.ARM.Collect$$libinit$$0000001D)
    .ARM.Collect$$libinit$$0000001F          0x0000031a   Section        0  libinit2.o(.ARM.Collect$$libinit$$0000001F)
    .ARM.Collect$$libinit$$00000021          0x0000031a   Section        0  libinit2.o(.ARM.Collect$$libinit$$00000021)
    .ARM.Collect$$libinit$$00000023          0x0000031a   Section        0  libinit2.o(.ARM.Collect$$libinit$$00000023)
    .ARM.Collect$$libinit$$0000002A          0x0000031a   Section        0  libinit2.o(.ARM.Collect$$libinit$$0000002A)
    .ARM.Collect$$libinit$$0000002C          0x0000031a   Section        0  libinit2.o(.ARM.Collect$$libinit$$0000002C)
    .ARM.Collect$$libinit$$0000002E          0x0000031a   Section        0  libinit2.o(.ARM.Collect$$libinit$$0000002E)
    .ARM.Collect$$libinit$$00000030          0x0000031a   Section        0  libinit2.o(.ARM.Collect$$libinit$$00000030)
    .ARM.Collect$$libinit$$00000031          0x0000031a   Section        2  libinit2.o(.ARM.Collect$$libinit$$00000031)
    .ARM.Collect$$libshutdown$$00000000      0x0000031c   Section        2  libshutdown.o(.ARM.Collect$$libshutdown$$00000000)
    .ARM.Collect$$libshutdown$$00000003      0x0000031e   Section        0  libshutdown2.o(.ARM.Collect$$libshutdown$$00000003)
    .ARM.Collect$$libshutdown$$00000006      0x0000031e   Section        0  libshutdown2.o(.ARM.Collect$$libshutdown$$00000006)
    .ARM.Collect$$libshutdown$$00000009      0x0000031e   Section        0  libshutdown2.o(.ARM.Collect$$libshutdown$$00000009)
    .ARM.Collect$$libshutdown$$0000000B      0x0000031e   Section        0  libshutdown2.o(.ARM.Collect$$libshutdown$$0000000B)
    .ARM.Collect$$libshutdown$$0000000E      0x0000031e   Section        0  libshutdown2.o(.ARM.Collect$$libshutdown$$0000000E)
    .ARM.Collect$$libshutdown$$0000000F      0x0000031e   Section        2  libshutdown2.o(.ARM.Collect$$libshutdown$$0000000F)
    .ARM.Collect$$rtentry$$00000000          0x00000320   Section        0  rtentry.o(.ARM.Collect$$rtentry$$00000000)
    .ARM.Collect$$rtentry$$00000002          0x00000320   Section        0  rtentry2.o(.ARM.Collect$$rtentry$$00000002)
    .ARM.Collect$$rtentry$$00000004          0x00000320   Section        6  rtentry4.o(.ARM.Collect$$rtentry$$00000004)
    .ARM.Collect$$rtentry$$00000009          0x00000326   Section        0  rtentry2.o(.ARM.Collect$$rtentry$$00000009)
    .ARM.Collect$$rtentry$$0000000A          0x00000326   Section        4  rtentry2.o(.ARM.Collect$$rtentry$$0000000A)
    .ARM.Collect$$rtentry$$0000000C          0x0000032a   Section        0  rtentry2.o(.ARM.Collect$$rtentry$$0000000C)
    .ARM.Collect$$rtentry$$0000000D          0x0000032a   Section        8  rtentry2.o(.ARM.Collect$$rtentry$$0000000D)
    .ARM.Collect$$rtexit$$00000000           0x00000332   Section        2  rtexit.o(.ARM.Collect$$rtexit$$00000000)
    .ARM.Collect$$rtexit$$00000002           0x00000334   Section        0  rtexit2.o(.ARM.Collect$$rtexit$$00000002)
    .ARM.Collect$$rtexit$$00000003           0x00000334   Section        4  rtexit2.o(.ARM.Collect$$rtexit$$00000003)
    .ARM.Collect$$rtexit$$00000004           0x00000338   Section        6  rtexit2.o(.ARM.Collect$$rtexit$$00000004)
    .text                                    0x00000340   Section       48  startup.o(.text)
    .text                                    0x00000370   Section      160  osasm.o(.text)
    .text                                    0x00000410   Section        0  strcpy.o(.text)
    .text                                    0x00000458   Section      128  strcmpv7m.o(.text)
    .text                                    0x000004d8   Section        0  heapauxi.o(.text)
    .text                                    0x000004de   Section       74  sys_stackheap_outer.o(.text)
    .text                                    0x00000528   Section        0  exit.o(.text)
    .text                                    0x00000534   Section        8  libspace.o(.text)
    .text                                    0x0000053c   Section        0  sys_exit.o(.text)
    .text                                    0x00000548   Section        2  use_no_semi.o(.text)
    .text                                    0x0000054a   Section        0  indicate_semi.o(.text)
    i.ADC0Seq3_Handler                       0x0000054c   Section        0  adc.o(i.ADC0Seq3_Handler)
    i.CS_Init                                0x00000590   Section        0  edisk.o(i.CS_Init)
    i.DESELECT                               0x00000618   Section        0  edisk.o(i.DESELECT)
    DESELECT                                 0x00000619   Thumb Code     8  edisk.o(i.DESELECT)
    i.DebounceTask                           0x00000624   Section        0  switch.o(i.DebounceTask)
    i.GPIOPortF_Handler                      0x00000670   Section        0  switch.o(i.GPIOPortF_Handler)
    i.IdleTask                               0x000006e0   Section        0  lab4.o(i.IdleTask)
    i.Interpreter                            0x000006f4   Section        0  lab4.o(i.Interpreter)
    i.MakeTxSSI                              0x00000844   Section        0  edisk.o(i.MakeTxSSI)
    i.MakeTxhigh                             0x0000086c   Section        0  edisk.o(i.MakeTxhigh)
    i.OS_AddPeriodicThread                   0x000008a4   Section        0  os.o(i.OS_AddPeriodicThread)
    i.OS_AddThread                           0x000008e0   Section        0  os.o(i.OS_AddThread)
    i.OS_Block                               0x00000980   Section        0  os.o(i.OS_Block)
    i.OS_Fifo_Put                            0x00000998   Section        0  os.o(i.OS_Fifo_Put)
    i.OS_Init                                0x000009e4   Section        0  os.o(i.OS_Init)
    i.OS_InitSemaphore                       0x00000ad0   Section        0  os.o(i.OS_InitSemaphore)
    i.OS_Kill                                0x00000ad8   Section        0  os.o(i.OS_Kill)
    i.OS_Launch                              0x00000b0c   Section        0  os.o(i.OS_Launch)
    i.OS_Signal                              0x00000b40   Section        0  os.o(i.OS_Signal)
    i.OS_Sleep                               0x00000b74   Section        0  os.o(i.OS_Sleep)
    i.OS_Suspend                             0x00000bac   Section        0  os.o(i.OS_Suspend)
    i.OS_Wait                                0x00000bbc   Section        0  os.o(i.OS_Wait)
    i.OutCRLF                                0x00000bec   Section        0  lab4.o(i.OutCRLF)
    i.PLL_Init                               0x00000bfc   Section        0  pll.o(i.PLL_Init)
    i.Producer                               0x00000c78   Section        0  lab4.o(i.Producer)
    i.RxFifo_Get                             0x00000cb0   Section        0  uart.o(i.RxFifo_Get)
    i.RxFifo_Init                            0x00000cec   Section        0  uart.o(i.RxFifo_Init)
    i.RxFifo_Put                             0x00000d10   Section        0  uart.o(i.RxFifo_Put)
    i.RxFifo_Size                            0x00000d4c   Section        0  uart.o(i.RxFifo_Size)
    i.SELECT                                 0x00000d64   Section        0  edisk.o(i.SELECT)
    SELECT                                   0x00000d65   Thumb Code     8  edisk.o(i.SELECT)
    i.SSI0_Init                              0x00000d70   Section        0  edisk.o(i.SSI0_Init)
    i.SSI0_Out                               0x00000e80   Section        0  edisk.o(i.SSI0_Out)
    i.SetInitialStack                        0x00000eac   Section        0  os.o(i.SetInitialStack)
    i.Timer1A_Handler                        0x00000f54   Section        0  os.o(i.Timer1A_Handler)
    i.Timer1A_Init                           0x00000f94   Section        0  os.o(i.Timer1A_Init)
    Timer1A_Init                             0x00000f95   Thumb Code   102  os.o(i.Timer1A_Init)
    i.Timer2A_Handler                        0x00001010   Section        0  os.o(i.Timer2A_Handler)
    i.Timer2_Init                            0x00001038   Section        0  os.o(i.Timer2_Init)
    i.Timer5A_Handler                        0x00001090   Section        0  edisk.o(i.Timer5A_Handler)
    i.Timer5_Init                            0x000010a4   Section        0  edisk.o(i.Timer5_Init)
    i.TxFifo_Get                             0x00001118   Section        0  uart.o(i.TxFifo_Get)
    i.TxFifo_Init                            0x00001154   Section        0  uart.o(i.TxFifo_Init)
    i.TxFifo_Put                             0x00001178   Section        0  uart.o(i.TxFifo_Put)
    i.TxFifo_Size                            0x000011b4   Section        0  uart.o(i.TxFifo_Size)
    i.UART0_Handler                          0x000011cc   Section        0  uart.o(i.UART0_Handler)
    i.UART_InChar                            0x00001224   Section        0  uart.o(i.UART_InChar)
    i.UART_InString                          0x0000124c   Section        0  uart.o(i.UART_InString)
    i.UART_Init                              0x00001294   Section        0  uart.o(i.UART_Init)
    i.UART_OutChar                           0x0000138c   Section        0  uart.o(i.UART_OutChar)
    i.UART_OutString                         0x000013cc   Section        0  uart.o(i.UART_OutString)
    i.UART_OutUDec                           0x000013e4   Section        0  uart.o(i.UART_OutUDec)
    i.addDeadToScheduler                     0x00001410   Section        0  os.o(i.addDeadToScheduler)
    addDeadToScheduler                       0x00001411   Thumb Code   176  os.o(i.addDeadToScheduler)
    i.addSleepToScheduler                    0x000014d0   Section        0  os.o(i.addSleepToScheduler)
    addSleepToScheduler                      0x000014d1   Thumb Code   340  os.o(i.addSleepToScheduler)
    i.addThreadToBlocked                     0x00001638   Section        0  os.o(i.addThreadToBlocked)
    i.appendBlock                            0x00001730   Section        0  efile.o(i.appendBlock)
    i.appendFirstBlockOfFileToBlock          0x0000175c   Section        0  efile.o(i.appendFirstBlockOfFileToBlock)
    i.copyHardwareToSoftware                 0x000017c4   Section        0  uart.o(i.copyHardwareToSoftware)
    copyHardwareToSoftware                   0x000017c5   Thumb Code    48  uart.o(i.copyHardwareToSoftware)
    i.copySoftwareToHardware                 0x00001800   Section        0  uart.o(i.copySoftwareToHardware)
    copySoftwareToHardware                   0x00001801   Thumb Code    50  uart.o(i.copySoftwareToHardware)
    i.diskError                              0x00001840   Section        0  lab4.o(i.diskError)
    i.disk_timerproc                         0x00001858   Section        0  edisk.o(i.disk_timerproc)
    i.eDisk_Init                             0x00001884   Section        0  edisk.o(i.eDisk_Init)
    i.eDisk_Read                             0x000019f0   Section        0  edisk.o(i.eDisk_Read)
    i.eDisk_ReadBlock                        0x00001a8c   Section        0  edisk.o(i.eDisk_ReadBlock)
    i.eDisk_Status                           0x00001aa0   Section        0  edisk.o(i.eDisk_Status)
    i.eDisk_Write                            0x00001ab4   Section        0  edisk.o(i.eDisk_Write)
    i.eDisk_WriteBlock                       0x00001b78   Section        0  edisk.o(i.eDisk_WriteBlock)
    i.eFile_Create                           0x00001b8c   Section        0  efile.o(i.eFile_Create)
    i.eFile_Delete                           0x00001c34   Section        0  efile.o(i.eFile_Delete)
    i.eFile_Directory                        0x00001c94   Section        0  efile.o(i.eFile_Directory)
    i.eFile_Format                           0x00001d58   Section        0  efile.o(i.eFile_Format)
    i.eFile_Init                             0x00001de8   Section        0  efile.o(i.eFile_Init)
    i.findDuplicateIndex                     0x00001e98   Section        0  efile.o(i.findDuplicateIndex)
    i.getBufferNextBlockNumber               0x00001ed8   Section        0  efile.o(i.getBufferNextBlockNumber)
    i.getFreeBlock                           0x00001ef8   Section        0  efile.o(i.getFreeBlock)
    i.getNextBlockNumber                     0x00001f34   Section        0  efile.o(i.getNextBlockNumber)
    i.main                                   0x00001f64   Section        0  lab4.o(i.main)
    i.power_off                              0x00002010   Section        0  edisk.o(i.power_off)
    power_off                                0x00002011   Thumb Code     8  edisk.o(i.power_off)
    i.power_on                               0x0000201c   Section        0  edisk.o(i.power_on)
    power_on                                 0x0000201d   Thumb Code    20  edisk.o(i.power_on)
    i.rcvr_datablock                         0x00002034   Section        0  edisk.o(i.rcvr_datablock)
    rcvr_datablock                           0x00002035   Thumb Code    76  edisk.o(i.rcvr_datablock)
    i.rcvr_spi                               0x00002084   Section        0  edisk.o(i.rcvr_spi)
    rcvr_spi                                 0x00002085   Thumb Code    38  edisk.o(i.rcvr_spi)
    i.rcvr_spi_m                             0x000020b0   Section        0  edisk.o(i.rcvr_spi_m)
    rcvr_spi_m                               0x000020b1   Thumb Code    12  edisk.o(i.rcvr_spi_m)
    i.readDirectoryFromDisk                  0x000020bc   Section        0  efile.o(i.readDirectoryFromDisk)
    i.removeAndAddToSingleList               0x00002190   Section        0  os.o(i.removeAndAddToSingleList)
    i.send_cmd                               0x0000224c   Section        0  edisk.o(i.send_cmd)
    send_cmd                                 0x0000224d   Thumb Code   112  edisk.o(i.send_cmd)
    i.send_initial_clock_train               0x000022bc   Section        0  edisk.o(i.send_initial_clock_train)
    send_initial_clock_train                 0x000022bd   Thumb Code    32  edisk.o(i.send_initial_clock_train)
    i.setBufferDataSize                      0x000022dc   Section        0  efile.o(i.setBufferDataSize)
    i.set_max_speed                          0x000022e8   Section        0  edisk.o(i.set_max_speed)
    set_max_speed                            0x000022e9   Thumb Code    10  edisk.o(i.set_max_speed)
    i.threadRemover                          0x000022f4   Section        0  os.o(i.threadRemover)
    threadRemover                            0x000022f5   Thumb Code   204  os.o(i.threadRemover)
    i.traverseSleep                          0x000023d4   Section        0  os.o(i.traverseSleep)
    i.traverseUntilTheEnd                    0x00002420   Section        0  efile.o(i.traverseUntilTheEnd)
    i.updateDirectoryToDisk                  0x00002458   Section        0  efile.o(i.updateDirectoryToDisk)
    i.wait_ready                             0x00002598   Section        0  edisk.o(i.wait_ready)
    wait_ready                               0x00002599   Thumb Code    36  edisk.o(i.wait_ready)
    i.xmit_datablock                         0x000025c0   Section        0  edisk.o(i.xmit_datablock)
    xmit_datablock                           0x000025c1   Thumb Code    94  edisk.o(i.xmit_datablock)
    i.xmit_spi                               0x00002620   Section        0  edisk.o(i.xmit_spi)
    xmit_spi                                 0x00002621   Thumb Code    38  edisk.o(i.xmit_spi)
    .data                                    0x20000000   Section      148  os.o(.data)
    LastTime                                 0x20000018   Data           4  os.o(.data)
    LastTime                                 0x2000001c   Data           4  os.o(.data)
    .data                                    0x20000094   Section       33  switch.o(.data)
    TouchPF4                                 0x20000094   Data           4  switch.o(.data)
    ReleasePF4                               0x20000098   Data           4  switch.o(.data)
    TouchPF0                                 0x2000009c   Data           4  switch.o(.data)
    ReleasePF0                               0x200000a0   Data           4  switch.o(.data)
    LastPF4                                  0x200000a4   Data           4  switch.o(.data)
    LastPF0                                  0x200000a8   Data           4  switch.o(.data)
    taskPriority                             0x200000b4   Data           1  switch.o(.data)
    .data                                    0x200000b8   Section       48  uart.o(.data)
    .data                                    0x200000e8   Section       20  lab4.o(.data)
    .data                                    0x200000fc   Section        5  edisk.o(.data)
    Stat                                     0x200000fc   Data           1  edisk.o(.data)
    PowerFlag                                0x200000fd   Data           1  edisk.o(.data)
    Timer1                                   0x200000fe   Data           1  edisk.o(.data)
    Timer2                                   0x200000ff   Data           1  edisk.o(.data)
    CardType                                 0x20000100   Data           1  edisk.o(.data)
    .data                                    0x20000104   Section       20  adc.o(.data)
    currentChannel                           0x20000104   Data           4  adc.o(.data)
    .data                                    0x20000118   Section       68  efile.o(.data)
    .bss                                     0x2000015c   Section    22140  os.o(.bss)
    .bss                                     0x200057d8   Section       64  uart.o(.bss)
    RxFifo                                   0x200057d8   Data          32  uart.o(.bss)
    TxFifo                                   0x200057f8   Data          32  uart.o(.bss)
    .bss                                     0x20005818   Section      532  lab4.o(.bss)
    .bss                                     0x20005a2c   Section     4352  efile.o(.bss)
    .bss                                     0x20006b2c   Section       96  libspace.o(.bss)
    HEAP                                     0x20006b90   Section        0  startup.o(HEAP)
    STACK                                    0x20006b90   Section     1024  startup.o(STACK)
    HeapMem                                  0x20006b90   Data           0  startup.o(HEAP)
    StackMem                                 0x20006b90   Data           0  startup.o(STACK)

    Global Symbols

    Symbol Name                              Value     Ov Type        Size  Object(Section)

    BuildAttributes$$THM_ISAv4$E$P$D$K$B$S$7EM$PE$A:L22UL41UL21$X:L11$S22US41US21$IEEE1$IW$USESV6$~STKCKD$USESV7$~SHL$OSPACE$ROPI$EBA8$UX$STANDARDLIB$REQ8$PRES8$EABIv2 0x00000000   Number         0  anon$$obj.o ABSOLUTE
    __ARM_use_no_argv                        0x00000000   Number         0  lab4.o ABSOLUTE
    __Vectors                                0x00000000   Data           0  startup.o(RESET)
    __ARM_exceptions_init                     - Undefined Weak Reference
    __alloca_initialize                       - Undefined Weak Reference
    __cpp_initialize__aeabi_                  - Undefined Weak Reference
    __cxa_finalize                            - Undefined Weak Reference
    __rt_locale                               - Undefined Weak Reference
    __sigvec_lookup                           - Undefined Weak Reference
    _atexit_init                              - Undefined Weak Reference
    _call_atexit_fns                          - Undefined Weak Reference
    _clock_init                               - Undefined Weak Reference
    _fp_trap_init                             - Undefined Weak Reference
    _fp_trap_shutdown                         - Undefined Weak Reference
    _get_lc_collate                           - Undefined Weak Reference
    _get_lc_ctype                             - Undefined Weak Reference
    _get_lc_monetary                          - Undefined Weak Reference
    _get_lc_numeric                           - Undefined Weak Reference
    _get_lc_time                              - Undefined Weak Reference
    _getenv_init                              - Undefined Weak Reference
    _handle_redirection                       - Undefined Weak Reference
    _init_alloc                               - Undefined Weak Reference
    _init_user_alloc                          - Undefined Weak Reference
    _initio                                   - Undefined Weak Reference
    _rand_init                                - Undefined Weak Reference
    _signal_finish                            - Undefined Weak Reference
    _signal_init                              - Undefined Weak Reference
    _terminate_alloc                          - Undefined Weak Reference
    _terminate_user_alloc                     - Undefined Weak Reference
    _terminateio                              - Undefined Weak Reference
    Reset_Handler                            0x0000026d   Thumb Code     0  startup.o(RESET)
    NMI_Handler                              0x00000271   Thumb Code     2  startup.o(RESET)
    HardFault_Handler                        0x00000273   Thumb Code     2  startup.o(RESET)
    MemManage_Handler                        0x00000275   Thumb Code     2  startup.o(RESET)
    BusFault_Handler                         0x00000277   Thumb Code     2  startup.o(RESET)
    UsageFault_Handler                       0x00000279   Thumb Code     2  startup.o(RESET)
    SVC_Handler                              0x0000027b   Thumb Code     2  startup.o(RESET)
    DebugMon_Handler                         0x0000027d   Thumb Code     2  startup.o(RESET)
    ADC0Seq0_Handler                         0x00000283   Thumb Code     0  startup.o(RESET)
    ADC0Seq1_Handler                         0x00000283   Thumb Code     0  startup.o(RESET)
    ADC0Seq2_Handler                         0x00000283   Thumb Code     0  startup.o(RESET)
    ADC1Seq0_Handler                         0x00000283   Thumb Code     0  startup.o(RESET)
    ADC1Seq1_Handler                         0x00000283   Thumb Code     0  startup.o(RESET)
    ADC1Seq2_Handler                         0x00000283   Thumb Code     0  startup.o(RESET)
    ADC1Seq3_Handler                         0x00000283   Thumb Code     0  startup.o(RESET)
    CAN0_Handler                             0x00000283   Thumb Code     0  startup.o(RESET)
    CAN1_Handler                             0x00000283   Thumb Code     0  startup.o(RESET)
    CAN2_Handler                             0x00000283   Thumb Code     0  startup.o(RESET)
    Comp0_Handler                            0x00000283   Thumb Code     0  startup.o(RESET)
    Comp1_Handler                            0x00000283   Thumb Code     0  startup.o(RESET)
    Comp2_Handler                            0x00000283   Thumb Code     0  startup.o(RESET)
    Ethernet_Handler                         0x00000283   Thumb Code     0  startup.o(RESET)
    ExtBus_Handler                           0x00000283   Thumb Code     0  startup.o(RESET)
    FPU_Handler                              0x00000283   Thumb Code     0  startup.o(RESET)
    Fan0_Handler                             0x00000283   Thumb Code     0  startup.o(RESET)
    FlashCtl_Handler                         0x00000283   Thumb Code     0  startup.o(RESET)
    GPIOPortA_Handler                        0x00000283   Thumb Code     0  startup.o(RESET)
    GPIOPortB_Handler                        0x00000283   Thumb Code     0  startup.o(RESET)
    GPIOPortC_Handler                        0x00000283   Thumb Code     0  startup.o(RESET)
    GPIOPortD_Handler                        0x00000283   Thumb Code     0  startup.o(RESET)
    GPIOPortE_Handler                        0x00000283   Thumb Code     0  startup.o(RESET)
    GPIOPortG_Handler                        0x00000283   Thumb Code     0  startup.o(RESET)
    GPIOPortH_Handler                        0x00000283   Thumb Code     0  startup.o(RESET)
    GPIOPortJ_Handler                        0x00000283   Thumb Code     0  startup.o(RESET)
    GPIOPortK_Handler                        0x00000283   Thumb Code     0  startup.o(RESET)
    GPIOPortL_Handler                        0x00000283   Thumb Code     0  startup.o(RESET)
    GPIOPortM_Handler                        0x00000283   Thumb Code     0  startup.o(RESET)
    GPIOPortN_Handler                        0x00000283   Thumb Code     0  startup.o(RESET)
    GPIOPortP1_Handler                       0x00000283   Thumb Code     0  startup.o(RESET)
    GPIOPortP2_Handler                       0x00000283   Thumb Code     0  startup.o(RESET)
    GPIOPortP3_Handler                       0x00000283   Thumb Code     0  startup.o(RESET)
    GPIOPortP4_Handler                       0x00000283   Thumb Code     0  startup.o(RESET)
    GPIOPortP5_Handler                       0x00000283   Thumb Code     0  startup.o(RESET)
    GPIOPortP6_Handler                       0x00000283   Thumb Code     0  startup.o(RESET)
    GPIOPortP7_Handler                       0x00000283   Thumb Code     0  startup.o(RESET)
    GPIOPortP_Handler                        0x00000283   Thumb Code     0  startup.o(RESET)
    GPIOPortQ1_Handler                       0x00000283   Thumb Code     0  startup.o(RESET)
    GPIOPortQ2_Handler                       0x00000283   Thumb Code     0  startup.o(RESET)
    GPIOPortQ3_Handler                       0x00000283   Thumb Code     0  startup.o(RESET)
    GPIOPortQ4_Handler                       0x00000283   Thumb Code     0  startup.o(RESET)
    GPIOPortQ5_Handler                       0x00000283   Thumb Code     0  startup.o(RESET)
    GPIOPortQ6_Handler                       0x00000283   Thumb Code     0  startup.o(RESET)
    GPIOPortQ7_Handler                       0x00000283   Thumb Code     0  startup.o(RESET)
    GPIOPortQ_Handler                        0x00000283   Thumb Code     0  startup.o(RESET)
    GPIOPortR_Handler                        0x00000283   Thumb Code     0  startup.o(RESET)
    GPIOPortS_Handler                        0x00000283   Thumb Code     0  startup.o(RESET)
    Hibernate_Handler                        0x00000283   Thumb Code     0  startup.o(RESET)
    I2C0_Handler                             0x00000283   Thumb Code     0  startup.o(RESET)
    I2C1_Handler                             0x00000283   Thumb Code     0  startup.o(RESET)
    I2C2_Handler                             0x00000283   Thumb Code     0  startup.o(RESET)
    I2C3_Handler                             0x00000283   Thumb Code     0  startup.o(RESET)
    I2C4_Handler                             0x00000283   Thumb Code     0  startup.o(RESET)
    I2C5_Handler                             0x00000283   Thumb Code     0  startup.o(RESET)
    I2S0_Handler                             0x00000283   Thumb Code     0  startup.o(RESET)
    LPC0_Handler                             0x00000283   Thumb Code     0  startup.o(RESET)
    PECI0_Handler                            0x00000283   Thumb Code     0  startup.o(RESET)
    PWM0Fault_Handler                        0x00000283   Thumb Code     0  startup.o(RESET)
    PWM0Generator0_Handler                   0x00000283   Thumb Code     0  startup.o(RESET)
    PWM0Generator1_Handler                   0x00000283   Thumb Code     0  startup.o(RESET)
    PWM0Generator2_Handler                   0x00000283   Thumb Code     0  startup.o(RESET)
    PWM0Generator3_Handler                   0x00000283   Thumb Code     0  startup.o(RESET)
    PWM1Fault_Handler                        0x00000283   Thumb Code     0  startup.o(RESET)
    PWM1Generator0_Handler                   0x00000283   Thumb Code     0  startup.o(RESET)
    PWM1Generator1_Handler                   0x00000283   Thumb Code     0  startup.o(RESET)
    PWM1Generator2_Handler                   0x00000283   Thumb Code     0  startup.o(RESET)
    PWM1Generator3_Handler                   0x00000283   Thumb Code     0  startup.o(RESET)
    Quadrature0_Handler                      0x00000283   Thumb Code     0  startup.o(RESET)
    Quadrature1_Handler                      0x00000283   Thumb Code     0  startup.o(RESET)
    Quadrature2_Handler                      0x00000283   Thumb Code     0  startup.o(RESET)
    SSI0_Handler                             0x00000283   Thumb Code     0  startup.o(RESET)
    SSI1_Handler                             0x00000283   Thumb Code     0  startup.o(RESET)
    SSI2_Handler                             0x00000283   Thumb Code     0  startup.o(RESET)
    SSI3_Handler                             0x00000283   Thumb Code     0  startup.o(RESET)
    SysCtl_Handler                           0x00000283   Thumb Code     0  startup.o(RESET)
    Timer0A_Handler                          0x00000283   Thumb Code     0  startup.o(RESET)
    Timer0B_Handler                          0x00000283   Thumb Code     0  startup.o(RESET)
    Timer1B_Handler                          0x00000283   Thumb Code     0  startup.o(RESET)
    Timer2B_Handler                          0x00000283   Thumb Code     0  startup.o(RESET)
    Timer3A_Handler                          0x00000283   Thumb Code     0  startup.o(RESET)
    Timer3B_Handler                          0x00000283   Thumb Code     0  startup.o(RESET)
    Timer4A_Handler                          0x00000283   Thumb Code     0  startup.o(RESET)
    Timer4B_Handler                          0x00000283   Thumb Code     0  startup.o(RESET)
    Timer5B_Handler                          0x00000283   Thumb Code     0  startup.o(RESET)
    UART1_Handler                            0x00000283   Thumb Code     0  startup.o(RESET)
    UART2_Handler                            0x00000283   Thumb Code     0  startup.o(RESET)
    UART3_Handler                            0x00000283   Thumb Code     0  startup.o(RESET)
    UART4_Handler                            0x00000283   Thumb Code     0  startup.o(RESET)
    UART5_Handler                            0x00000283   Thumb Code     0  startup.o(RESET)
    UART6_Handler                            0x00000283   Thumb Code     0  startup.o(RESET)
    UART7_Handler                            0x00000283   Thumb Code     0  startup.o(RESET)
    USB0_Handler                             0x00000283   Thumb Code     0  startup.o(RESET)
    WDT_Handler                              0x00000283   Thumb Code     0  startup.o(RESET)
    WideTimer0A_Handler                      0x00000283   Thumb Code     0  startup.o(RESET)
    WideTimer0B_Handler                      0x00000283   Thumb Code     0  startup.o(RESET)
    WideTimer1A_Handler                      0x00000283   Thumb Code     0  startup.o(RESET)
    WideTimer1B_Handler                      0x00000283   Thumb Code     0  startup.o(RESET)
    WideTimer2A_Handler                      0x00000283   Thumb Code     0  startup.o(RESET)
    WideTimer2B_Handler                      0x00000283   Thumb Code     0  startup.o(RESET)
    WideTimer3A_Handler                      0x00000283   Thumb Code     0  startup.o(RESET)
    WideTimer3B_Handler                      0x00000283   Thumb Code     0  startup.o(RESET)
    WideTimer4A_Handler                      0x00000283   Thumb Code     0  startup.o(RESET)
    WideTimer4B_Handler                      0x00000283   Thumb Code     0  startup.o(RESET)
    WideTimer5A_Handler                      0x00000283   Thumb Code     0  startup.o(RESET)
    WideTimer5B_Handler                      0x00000283   Thumb Code     0  startup.o(RESET)
    uDMA_Error                               0x00000283   Thumb Code     0  startup.o(RESET)
    uDMA_Handler                             0x00000283   Thumb Code     0  startup.o(RESET)
    __main                                   0x00000285   Thumb Code     8  __main.o(!!!main)
    __scatterload                            0x0000028d   Thumb Code     0  __scatter.o(!!!scatter)
    __scatterload_rt2                        0x0000028d   Thumb Code    44  __scatter.o(!!!scatter)
    __scatterload_rt2_thumb_only             0x0000028d   Thumb Code     0  __scatter.o(!!!scatter)
    __scatterload_null                       0x0000029b   Thumb Code     0  __scatter.o(!!!scatter)
    __decompress                             0x000002c1   Thumb Code    58  __dczerorl.o(!!dczerorl)
    __decompress0                            0x000002c1   Thumb Code     0  __dczerorl.o(!!dczerorl)
    __scatterload_zeroinit                   0x000002fd   Thumb Code    28  __scatter_zi.o(!!handler_zi)
    __rt_lib_init                            0x00000319   Thumb Code     0  libinit.o(.ARM.Collect$$libinit$$00000000)
    __rt_lib_init_alloca_1                   0x0000031b   Thumb Code     0  libinit2.o(.ARM.Collect$$libinit$$0000002C)
    __rt_lib_init_argv_1                     0x0000031b   Thumb Code     0  libinit2.o(.ARM.Collect$$libinit$$0000002A)
    __rt_lib_init_atexit_1                   0x0000031b   Thumb Code     0  libinit2.o(.ARM.Collect$$libinit$$00000019)
    __rt_lib_init_clock_1                    0x0000031b   Thumb Code     0  libinit2.o(.ARM.Collect$$libinit$$0000001F)
    __rt_lib_init_cpp_1                      0x0000031b   Thumb Code     0  libinit2.o(.ARM.Collect$$libinit$$00000030)
    __rt_lib_init_exceptions_1               0x0000031b   Thumb Code     0  libinit2.o(.ARM.Collect$$libinit$$0000002E)
    __rt_lib_init_fp_1                       0x0000031b   Thumb Code     0  libinit2.o(.ARM.Collect$$libinit$$00000002)
    __rt_lib_init_fp_trap_1                  0x0000031b   Thumb Code     0  libinit2.o(.ARM.Collect$$libinit$$0000001D)
    __rt_lib_init_getenv_1                   0x0000031b   Thumb Code     0  libinit2.o(.ARM.Collect$$libinit$$00000021)
    __rt_lib_init_heap_1                     0x0000031b   Thumb Code     0  libinit2.o(.ARM.Collect$$libinit$$00000008)
    __rt_lib_init_lc_collate_1               0x0000031b   Thumb Code     0  libinit2.o(.ARM.Collect$$libinit$$0000000F)
    __rt_lib_init_lc_ctype_1                 0x0000031b   Thumb Code     0  libinit2.o(.ARM.Collect$$libinit$$00000011)
    __rt_lib_init_lc_monetary_1              0x0000031b   Thumb Code     0  libinit2.o(.ARM.Collect$$libinit$$00000013)
    __rt_lib_init_lc_numeric_1               0x0000031b   Thumb Code     0  libinit2.o(.ARM.Collect$$libinit$$00000015)
    __rt_lib_init_lc_time_1                  0x0000031b   Thumb Code     0  libinit2.o(.ARM.Collect$$libinit$$00000017)
    __rt_lib_init_rand_1                     0x0000031b   Thumb Code     0  libinit2.o(.ARM.Collect$$libinit$$0000000C)
    __rt_lib_init_return                     0x0000031b   Thumb Code     0  libinit2.o(.ARM.Collect$$libinit$$00000031)
    __rt_lib_init_signal_1                   0x0000031b   Thumb Code     0  libinit2.o(.ARM.Collect$$libinit$$0000001B)
    __rt_lib_init_stdio_1                    0x0000031b   Thumb Code     0  libinit2.o(.ARM.Collect$$libinit$$00000023)
    __rt_lib_init_user_alloc_1               0x0000031b   Thumb Code     0  libinit2.o(.ARM.Collect$$libinit$$0000000A)
    __rt_lib_shutdown                        0x0000031d   Thumb Code     0  libshutdown.o(.ARM.Collect$$libshutdown$$00000000)
    __rt_lib_shutdown_fp_trap_1              0x0000031f   Thumb Code     0  libshutdown2.o(.ARM.Collect$$libshutdown$$00000006)
    __rt_lib_shutdown_heap_1                 0x0000031f   Thumb Code     0  libshutdown2.o(.ARM.Collect$$libshutdown$$0000000E)
    __rt_lib_shutdown_return                 0x0000031f   Thumb Code     0  libshutdown2.o(.ARM.Collect$$libshutdown$$0000000F)
    __rt_lib_shutdown_signal_1               0x0000031f   Thumb Code     0  libshutdown2.o(.ARM.Collect$$libshutdown$$00000009)
    __rt_lib_shutdown_stdio_1                0x0000031f   Thumb Code     0  libshutdown2.o(.ARM.Collect$$libshutdown$$00000003)
    __rt_lib_shutdown_user_alloc_1           0x0000031f   Thumb Code     0  libshutdown2.o(.ARM.Collect$$libshutdown$$0000000B)
    __rt_entry                               0x00000321   Thumb Code     0  rtentry.o(.ARM.Collect$$rtentry$$00000000)
    __rt_entry_presh_1                       0x00000321   Thumb Code     0  rtentry2.o(.ARM.Collect$$rtentry$$00000002)
    __rt_entry_sh                            0x00000321   Thumb Code     0  rtentry4.o(.ARM.Collect$$rtentry$$00000004)
    __rt_entry_li                            0x00000327   Thumb Code     0  rtentry2.o(.ARM.Collect$$rtentry$$0000000A)
    __rt_entry_postsh_1                      0x00000327   Thumb Code     0  rtentry2.o(.ARM.Collect$$rtentry$$00000009)
    __rt_entry_main                          0x0000032b   Thumb Code     0  rtentry2.o(.ARM.Collect$$rtentry$$0000000D)
    __rt_entry_postli_1                      0x0000032b   Thumb Code     0  rtentry2.o(.ARM.Collect$$rtentry$$0000000C)
    __rt_exit                                0x00000333   Thumb Code     0  rtexit.o(.ARM.Collect$$rtexit$$00000000)
    __rt_exit_ls                             0x00000335   Thumb Code     0  rtexit2.o(.ARM.Collect$$rtexit$$00000003)
    __rt_exit_prels_1                        0x00000335   Thumb Code     0  rtexit2.o(.ARM.Collect$$rtexit$$00000002)
    __rt_exit_exit                           0x00000339   Thumb Code     0  rtexit2.o(.ARM.Collect$$rtexit$$00000004)
    DisableInterrupts                        0x00000341   Thumb Code     0  startup.o(.text)
    EnableInterrupts                         0x00000345   Thumb Code     0  startup.o(.text)
    StartCritical                            0x00000349   Thumb Code     0  startup.o(.text)
    EndCritical                              0x00000351   Thumb Code     0  startup.o(.text)
    WaitForInterrupt                         0x00000357   Thumb Code     0  startup.o(.text)
    __user_initial_stackheap                 0x0000035b   Thumb Code     0  startup.o(.text)
    OS_DisableInterrupts                     0x00000371   Thumb Code     0  osasm.o(.text)
    OS_EnableInterrupts                      0x00000375   Thumb Code     0  osasm.o(.text)
    StartOS                                  0x00000379   Thumb Code     0  osasm.o(.text)
    PendSV_Handler                           0x00000399   Thumb Code     0  osasm.o(.text)
    SysTick_Handler                          0x000003ed   Thumb Code     0  osasm.o(.text)
    strcpy                                   0x00000411   Thumb Code    72  strcpy.o(.text)
    strcmp                                   0x00000459   Thumb Code   128  strcmpv7m.o(.text)
    __use_two_region_memory                  0x000004d9   Thumb Code     2  heapauxi.o(.text)
    __rt_heap_escrow$2region                 0x000004db   Thumb Code     2  heapauxi.o(.text)
    __rt_heap_expand$2region                 0x000004dd   Thumb Code     2  heapauxi.o(.text)
    __user_setup_stackheap                   0x000004df   Thumb Code    74  sys_stackheap_outer.o(.text)
    exit                                     0x00000529   Thumb Code    12  exit.o(.text)
    __user_libspace                          0x00000535   Thumb Code     8  libspace.o(.text)
    __user_perproc_libspace                  0x00000535   Thumb Code     0  libspace.o(.text)
    __user_perthread_libspace                0x00000535   Thumb Code     0  libspace.o(.text)
    _sys_exit                                0x0000053d   Thumb Code     8  sys_exit.o(.text)
    __I$use$semihosting                      0x00000549   Thumb Code     0  use_no_semi.o(.text)
    __use_no_semihosting_swi                 0x00000549   Thumb Code     2  use_no_semi.o(.text)
    __semihosting_library_function           0x0000054b   Thumb Code     0  indicate_semi.o(.text)
    ADC0Seq3_Handler                         0x0000054d   Thumb Code    42  adc.o(i.ADC0Seq3_Handler)
    CS_Init                                  0x00000591   Thumb Code   118  edisk.o(i.CS_Init)
    DebounceTask                             0x00000625   Thumb Code    58  switch.o(i.DebounceTask)
    GPIOPortF_Handler                        0x00000671   Thumb Code    74  switch.o(i.GPIOPortF_Handler)
    IdleTask                                 0x000006e1   Thumb Code    14  lab4.o(i.IdleTask)
    Interpreter                              0x000006f5   Thumb Code   170  lab4.o(i.Interpreter)
    MakeTxSSI                                0x00000845   Thumb Code    30  edisk.o(i.MakeTxSSI)
    MakeTxhigh                               0x0000086d   Thumb Code    42  edisk.o(i.MakeTxhigh)
    OS_AddPeriodicThread                     0x000008a5   Thumb Code    54  os.o(i.OS_AddPeriodicThread)
    OS_AddThread                             0x000008e1   Thumb Code   146  os.o(i.OS_AddThread)
    OS_Block                                 0x00000981   Thumb Code    18  os.o(i.OS_Block)
    OS_Fifo_Put                              0x00000999   Thumb Code    58  os.o(i.OS_Fifo_Put)
    OS_Init                                  0x000009e5   Thumb Code   188  os.o(i.OS_Init)
    OS_InitSemaphore                         0x00000ad1   Thumb Code     8  os.o(i.OS_InitSemaphore)
    OS_Kill                                  0x00000ad9   Thumb Code    40  os.o(i.OS_Kill)
    OS_Launch                                0x00000b0d   Thumb Code    44  os.o(i.OS_Launch)
    OS_Signal                                0x00000b41   Thumb Code    50  os.o(i.OS_Signal)
    OS_Sleep                                 0x00000b75   Thumb Code    42  os.o(i.OS_Sleep)
    OS_Suspend                               0x00000bad   Thumb Code    10  os.o(i.OS_Suspend)
    OS_Wait                                  0x00000bbd   Thumb Code    48  os.o(i.OS_Wait)
    OutCRLF                                  0x00000bed   Thumb Code    16  lab4.o(i.OutCRLF)
    PLL_Init                                 0x00000bfd   Thumb Code   118  pll.o(i.PLL_Init)
    Producer                                 0x00000c79   Thumb Code    42  lab4.o(i.Producer)
    RxFifo_Get                               0x00000cb1   Thumb Code    46  uart.o(i.RxFifo_Get)
    RxFifo_Init                              0x00000ced   Thumb Code    26  uart.o(i.RxFifo_Init)
    RxFifo_Put                               0x00000d11   Thumb Code    48  uart.o(i.RxFifo_Put)
    RxFifo_Size                              0x00000d4d   Thumb Code    14  uart.o(i.RxFifo_Size)
    SSI0_Init                                0x00000d71   Thumb Code   244  edisk.o(i.SSI0_Init)
    SSI0_Out                                 0x00000e81   Thumb Code    38  edisk.o(i.SSI0_Out)
    SetInitialStack                          0x00000ead   Thumb Code   166  os.o(i.SetInitialStack)
    Timer1A_Handler                          0x00000f55   Thumb Code    56  os.o(i.Timer1A_Handler)
    Timer2A_Handler                          0x00001011   Thumb Code    28  os.o(i.Timer2A_Handler)
    Timer2_Init                              0x00001039   Thumb Code    72  os.o(i.Timer2_Init)
    Timer5A_Handler                          0x00001091   Thumb Code    14  edisk.o(i.Timer5A_Handler)
    Timer5_Init                              0x000010a5   Thumb Code    90  edisk.o(i.Timer5_Init)
    TxFifo_Get                               0x00001119   Thumb Code    46  uart.o(i.TxFifo_Get)
    TxFifo_Init                              0x00001155   Thumb Code    26  uart.o(i.TxFifo_Init)
    TxFifo_Put                               0x00001179   Thumb Code    48  uart.o(i.TxFifo_Put)
    TxFifo_Size                              0x000011b5   Thumb Code    14  uart.o(i.TxFifo_Size)
    UART0_Handler                            0x000011cd   Thumb Code    82  uart.o(i.UART0_Handler)
    UART_InChar                              0x00001225   Thumb Code    30  uart.o(i.UART_InChar)
    UART_InString                            0x0000124d   Thumb Code    70  uart.o(i.UART_InString)
    UART_Init                                0x00001295   Thumb Code   206  uart.o(i.UART_Init)
    UART_OutChar                             0x0000138d   Thumb Code    52  uart.o(i.UART_OutChar)
    UART_OutString                           0x000013cd   Thumb Code    24  uart.o(i.UART_OutString)
    UART_OutUDec                             0x000013e5   Thumb Code    42  uart.o(i.UART_OutUDec)
    addThreadToBlocked                       0x00001639   Thumb Code   230  os.o(i.addThreadToBlocked)
    appendBlock                              0x00001731   Thumb Code    40  efile.o(i.appendBlock)
    appendFirstBlockOfFileToBlock            0x0000175d   Thumb Code    94  efile.o(i.appendFirstBlockOfFileToBlock)
    diskError                                0x00001841   Thumb Code    24  lab4.o(i.diskError)
    disk_timerproc                           0x00001859   Thumb Code    34  edisk.o(i.disk_timerproc)
    eDisk_Init                               0x00001885   Thumb Code   352  edisk.o(i.eDisk_Init)
    eDisk_Read                               0x000019f1   Thumb Code   146  edisk.o(i.eDisk_Read)
    eDisk_ReadBlock                          0x00001a8d   Thumb Code    20  edisk.o(i.eDisk_ReadBlock)
    eDisk_Status                             0x00001aa1   Thumb Code    14  edisk.o(i.eDisk_Status)
    eDisk_Write                              0x00001ab5   Thumb Code   188  edisk.o(i.eDisk_Write)
    eDisk_WriteBlock                         0x00001b79   Thumb Code    20  edisk.o(i.eDisk_WriteBlock)
    eFile_Create                             0x00001b8d   Thumb Code   154  efile.o(i.eFile_Create)
    eFile_Delete                             0x00001c35   Thumb Code    86  efile.o(i.eFile_Delete)
    eFile_Directory                          0x00001c95   Thumb Code   188  efile.o(i.eFile_Directory)
    eFile_Format                             0x00001d59   Thumb Code   130  efile.o(i.eFile_Format)
    eFile_Init                               0x00001de9   Thumb Code   142  efile.o(i.eFile_Init)
    findDuplicateIndex                       0x00001e99   Thumb Code    58  efile.o(i.findDuplicateIndex)
    getBufferNextBlockNumber                 0x00001ed9   Thumb Code    32  efile.o(i.getBufferNextBlockNumber)
    getFreeBlock                             0x00001ef9   Thumb Code    52  efile.o(i.getFreeBlock)
    getNextBlockNumber                       0x00001f35   Thumb Code    42  efile.o(i.getNextBlockNumber)
    main                                     0x00001f65   Thumb Code   106  lab4.o(i.main)
    readDirectoryFromDisk                    0x000020bd   Thumb Code   202  efile.o(i.readDirectoryFromDisk)
    removeAndAddToSingleList                 0x00002191   Thumb Code   176  os.o(i.removeAndAddToSingleList)
    setBufferDataSize                        0x000022dd   Thumb Code    12  efile.o(i.setBufferDataSize)
    traverseSleep                            0x000023d5   Thumb Code    68  os.o(i.traverseSleep)
    traverseUntilTheEnd                      0x00002421   Thumb Code    50  efile.o(i.traverseUntilTheEnd)
    updateDirectoryToDisk                    0x00002459   Thumb Code   312  efile.o(i.updateDirectoryToDisk)
    Region$$Table$$Base                      0x0000264c   Number         0  anon$$obj.o(Region$$Table)
    Region$$Table$$Limit                     0x0000266c   Number         0  anon$$obj.o(Region$$Table)
    timerCounter                             0x20000000   Data           4  os.o(.data)
    timerMsCounter                           0x20000004   Data           4  os.o(.data)
    DeadPeriodicPt                           0x20000008   Data           4  os.o(.data)
    switched                                 0x2000000c   Data           1  os.o(.data)
    howManyTimes                             0x20000010   Data           4  os.o(.data)
    higherPriorityAdded                      0x20000014   Data           1  os.o(.data)
    uniqueId                                 0x20000015   Data           1  os.o(.data)
    PeriodicTask                             0x20000020   Data           4  os.o(.data)
    RunPt                                    0x20000024   Data           4  os.o(.data)
    DeadPt                                   0x20000028   Data           4  os.o(.data)
    SleepPt                                  0x2000002c   Data           4  os.o(.data)
    SchedulerPt                              0x20000030   Data           4  os.o(.data)
    PeriodPt                                 0x20000034   Data           4  os.o(.data)
    schedulerCount                           0x20000038   Data           4  os.o(.data)
    periodicCount                            0x2000003c   Data           4  os.o(.data)
    deadCount                                0x20000040   Data           4  os.o(.data)
    deadPeriodicCount                        0x20000044   Data           4  os.o(.data)
    sleepCount                               0x20000048   Data           4  os.o(.data)
    nextBeforeSwitch                         0x2000004c   Data           4  os.o(.data)
    OS_TxPutI                                0x20000050   Data           4  os.o(.data)
    OS_TxGetI                                0x20000054   Data           4  os.o(.data)
    mutex                                    0x20000058   Data           8  os.o(.data)
    roomLeft                                 0x20000060   Data           8  os.o(.data)
    dataAvailable                            0x20000068   Data           8  os.o(.data)
    samplesConsumed                          0x20000070   Data           4  os.o(.data)
    dataInMailBox                            0x20000074   Data           4  os.o(.data)
    flagMailBox                              0x20000078   Data           1  os.o(.data)
    mailBoxFree                              0x2000007c   Data           8  os.o(.data)
    dataValid                                0x20000084   Data           8  os.o(.data)
    SW1MaxJitter                             0x2000008c   Data           4  os.o(.data)
    SW2MaxJitter                             0x20000090   Data           4  os.o(.data)
    TouchTaskPF4                             0x200000ac   Data           4  switch.o(.data)
    TouchTaskPF0                             0x200000b0   Data           4  switch.o(.data)
    RxPutI                                   0x200000b8   Data           4  uart.o(.data)
    RxGetI                                   0x200000bc   Data           4  uart.o(.data)
    TxPutI                                   0x200000c0   Data           4  uart.o(.data)
    TxGetI                                   0x200000c4   Data           4  uart.o(.data)
    RxDataAvailable                          0x200000c8   Data           8  uart.o(.data)
    RxRoomLeft                               0x200000d0   Data           8  uart.o(.data)
    TxDataAvailable                          0x200000d8   Data           8  uart.o(.data)
    TxRoomLeft                               0x200000e0   Data           8  uart.o(.data)
    Idlecount                                0x200000e8   Data           4  lab4.o(.data)
    NumCreated                               0x200000ec   Data           4  lab4.o(.data)
    NumSamples                               0x200000f0   Data           4  lab4.o(.data)
    DataLost                                 0x200000f4   Data           4  lab4.o(.data)
    Running                                  0x200000f8   Data           4  lab4.o(.data)
    producerFunction                         0x20000108   Data           4  adc.o(.data)
    done                                     0x2000010c   Data           4  adc.o(.data)
    ADCvalue                                 0x20000110   Data           4  adc.o(.data)
    counterSeqCalled                         0x20000114   Data           4  adc.o(.data)
    fileOpenIndex                            0x20000118   Data           4  efile.o(.data)
    nextByteToReadIndex                      0x2000011c   Data           4  efile.o(.data)
    totalBytesRead                           0x20000120   Data           4  efile.o(.data)
    StreamToFile                             0x20000124   Data           4  efile.o(.data)
    printingMutex5                           0x20000128   Data           8  efile.o(.data)
    readingMutex4                            0x20000130   Data           8  efile.o(.data)
    readerMutex3                             0x20000138   Data           8  efile.o(.data)
    directoryMutex2                          0x20000140   Data           8  efile.o(.data)
    fileMutex1                               0x20000148   Data           8  efile.o(.data)
    threadIdOpened                           0x20000150   Data           4  efile.o(.data)
    lastOpenedBlock                          0x20000154   Data           4  efile.o(.data)
    numberOfThreadsReading                   0x20000158   Data           4  efile.o(.data)
    SW1JitterHistogram                       0x2000015c   Data         256  os.o(.bss)
    SW2JitterHistogram                       0x2000025c   Data         256  os.o(.bss)
    periodicPool                             0x2000035c   Data          60  os.o(.bss)
    threadPool                               0x20000398   Data       21440  os.o(.bss)
    TxFifo                                   0x20005758   Data         128  os.o(.bss)
    interpreterInputString                   0x20005818   Data          20  lab4.o(.bss)
    buffer                                   0x2000582c   Data         512  lab4.o(.bss)
    Directory                                0x20005a2c   Data         576  efile.o(.bss)
    semaphorePool                            0x20005c6c   Data         192  efile.o(.bss)
    buff                                     0x20005d2c   Data         512  efile.o(.bss)
    buff1                                    0x20005f2c   Data         512  efile.o(.bss)
    buff2                                    0x2000612c   Data         512  efile.o(.bss)
    buff3                                    0x2000632c   Data         512  efile.o(.bss)
    buff4                                    0x2000652c   Data         512  efile.o(.bss)
    buff5                                    0x2000672c   Data         512  efile.o(.bss)
    openedFileBuffer                         0x2000692c   Data         512  efile.o(.bss)
    __libspace_start                         0x20006b2c   Data          96  libspace.o(.bss)
    __temporary_stack_top$libspace           0x20006b8c   Data           0  libspace.o(.bss)



==============================================================================

Memory Map of the image

  Image Entry point : 0x0000026d

  Load Region LR_1 (Base: 0x00000000, Size: 0x000027c8, Max: 0xffffffff, ABSOLUTE, COMPRESSED[0x00002678])

    Execution Region ER_RO (Base: 0x00000000, Size: 0x0000266c, Max: 0xffffffff, ABSOLUTE)

    Base Addr    Size         Type   Attr      Idx    E Section Name        Object

    0x00000000   0x00000284   Code   RO          291  * RESET               startup.o
    0x00000284   0x00000008   Code   RO          969  * !!!main             c_w.l(__main.o)
    0x0000028c   0x00000034   Code   RO         1125    !!!scatter          c_w.l(__scatter.o)
    0x000002c0   0x0000003a   Code   RO         1123    !!dczerorl          c_w.l(__dczerorl.o)
    0x000002fa   0x00000002   PAD
    0x000002fc   0x0000001c   Code   RO         1127    !!handler_zi        c_w.l(__scatter_zi.o)
    0x00000318   0x00000002   Code   RO          996    .ARM.Collect$$libinit$$00000000  c_w.l(libinit.o)
    0x0000031a   0x00000000   Code   RO         1003    .ARM.Collect$$libinit$$00000002  c_w.l(libinit2.o)
    0x0000031a   0x00000000   Code   RO         1006    .ARM.Collect$$libinit$$00000008  c_w.l(libinit2.o)
    0x0000031a   0x00000000   Code   RO         1008    .ARM.Collect$$libinit$$0000000A  c_w.l(libinit2.o)
    0x0000031a   0x00000000   Code   RO         1010    .ARM.Collect$$libinit$$0000000C  c_w.l(libinit2.o)
    0x0000031a   0x00000000   Code   RO         1013    .ARM.Collect$$libinit$$0000000F  c_w.l(libinit2.o)
    0x0000031a   0x00000000   Code   RO         1015    .ARM.Collect$$libinit$$00000011  c_w.l(libinit2.o)
    0x0000031a   0x00000000   Code   RO         1017    .ARM.Collect$$libinit$$00000013  c_w.l(libinit2.o)
    0x0000031a   0x00000000   Code   RO         1019    .ARM.Collect$$libinit$$00000015  c_w.l(libinit2.o)
    0x0000031a   0x00000000   Code   RO         1021    .ARM.Collect$$libinit$$00000017  c_w.l(libinit2.o)
    0x0000031a   0x00000000   Code   RO         1023    .ARM.Collect$$libinit$$00000019  c_w.l(libinit2.o)
    0x0000031a   0x00000000   Code   RO         1025    .ARM.Collect$$libinit$$0000001B  c_w.l(libinit2.o)
    0x0000031a   0x00000000   Code   RO         1027    .ARM.Collect$$libinit$$0000001D  c_w.l(libinit2.o)
    0x0000031a   0x00000000   Code   RO         1029    .ARM.Collect$$libinit$$0000001F  c_w.l(libinit2.o)
    0x0000031a   0x00000000   Code   RO         1031    .ARM.Collect$$libinit$$00000021  c_w.l(libinit2.o)
    0x0000031a   0x00000000   Code   RO         1033    .ARM.Collect$$libinit$$00000023  c_w.l(libinit2.o)
    0x0000031a   0x00000000   Code   RO         1037    .ARM.Collect$$libinit$$0000002A  c_w.l(libinit2.o)
    0x0000031a   0x00000000   Code   RO         1039    .ARM.Collect$$libinit$$0000002C  c_w.l(libinit2.o)
    0x0000031a   0x00000000   Code   RO         1041    .ARM.Collect$$libinit$$0000002E  c_w.l(libinit2.o)
    0x0000031a   0x00000000   Code   RO         1043    .ARM.Collect$$libinit$$00000030  c_w.l(libinit2.o)
    0x0000031a   0x00000002   Code   RO         1044    .ARM.Collect$$libinit$$00000031  c_w.l(libinit2.o)
    0x0000031c   0x00000002   Code   RO         1064    .ARM.Collect$$libshutdown$$00000000  c_w.l(libshutdown.o)
    0x0000031e   0x00000000   Code   RO         1078    .ARM.Collect$$libshutdown$$00000003  c_w.l(libshutdown2.o)
    0x0000031e   0x00000000   Code   RO         1081    .ARM.Collect$$libshutdown$$00000006  c_w.l(libshutdown2.o)
    0x0000031e   0x00000000   Code   RO         1084    .ARM.Collect$$libshutdown$$00000009  c_w.l(libshutdown2.o)
    0x0000031e   0x00000000   Code   RO         1086    .ARM.Collect$$libshutdown$$0000000B  c_w.l(libshutdown2.o)
    0x0000031e   0x00000000   Code   RO         1089    .ARM.Collect$$libshutdown$$0000000E  c_w.l(libshutdown2.o)
    0x0000031e   0x00000002   Code   RO         1090    .ARM.Collect$$libshutdown$$0000000F  c_w.l(libshutdown2.o)
    0x00000320   0x00000000   Code   RO          971    .ARM.Collect$$rtentry$$00000000  c_w.l(rtentry.o)
    0x00000320   0x00000000   Code   RO          973    .ARM.Collect$$rtentry$$00000002  c_w.l(rtentry2.o)
    0x00000320   0x00000006   Code   RO          985    .ARM.Collect$$rtentry$$00000004  c_w.l(rtentry4.o)
    0x00000326   0x00000000   Code   RO          975    .ARM.Collect$$rtentry$$00000009  c_w.l(rtentry2.o)
    0x00000326   0x00000004   Code   RO          976    .ARM.Collect$$rtentry$$0000000A  c_w.l(rtentry2.o)
    0x0000032a   0x00000000   Code   RO          978    .ARM.Collect$$rtentry$$0000000C  c_w.l(rtentry2.o)
    0x0000032a   0x00000008   Code   RO          979    .ARM.Collect$$rtentry$$0000000D  c_w.l(rtentry2.o)
    0x00000332   0x00000002   Code   RO         1000    .ARM.Collect$$rtexit$$00000000  c_w.l(rtexit.o)
    0x00000334   0x00000000   Code   RO         1046    .ARM.Collect$$rtexit$$00000002  c_w.l(rtexit2.o)
    0x00000334   0x00000004   Code   RO         1047    .ARM.Collect$$rtexit$$00000003  c_w.l(rtexit2.o)
    0x00000338   0x00000006   Code   RO         1048    .ARM.Collect$$rtexit$$00000004  c_w.l(rtexit2.o)
    0x0000033e   0x00000002   PAD
    0x00000340   0x00000030   Code   RO          292    .text               startup.o
    0x00000370   0x000000a0   Code   RO          468    .text               osasm.o
    0x00000410   0x00000048   Code   RO          963    .text               c_w.l(strcpy.o)
    0x00000458   0x00000080   Code   RO          965    .text               c_w.l(strcmpv7m.o)
    0x000004d8   0x00000006   Code   RO          967    .text               c_w.l(heapauxi.o)
    0x000004de   0x0000004a   Code   RO          987    .text               c_w.l(sys_stackheap_outer.o)
    0x00000528   0x0000000c   Code   RO          989    .text               c_w.l(exit.o)
    0x00000534   0x00000008   Code   RO          997    .text               c_w.l(libspace.o)
    0x0000053c   0x0000000c   Code   RO         1056    .text               c_w.l(sys_exit.o)
    0x00000548   0x00000002   Code   RO         1067    .text               c_w.l(use_no_semi.o)
    0x0000054a   0x00000000   Code   RO         1069    .text               c_w.l(indicate_semi.o)
    0x0000054a   0x00000002   PAD
    0x0000054c   0x00000044   Code   RO          764    i.ADC0Seq3_Handler  adc.o
    0x00000590   0x00000088   Code   RO          587    i.CS_Init           edisk.o
    0x00000618   0x0000000c   Code   RO          588    i.DESELECT          edisk.o
    0x00000624   0x0000004c   Code   RO          299    i.DebounceTask      switch.o
    0x00000670   0x00000070   Code   RO          301    i.GPIOPortF_Handler  switch.o
    0x000006e0   0x00000014   Code   RO          473    i.IdleTask          lab4.o
    0x000006f4   0x00000150   Code   RO          474    i.Interpreter       lab4.o
    0x00000844   0x00000028   Code   RO          589    i.MakeTxSSI         edisk.o
    0x0000086c   0x00000038   Code   RO          590    i.MakeTxhigh        edisk.o
    0x000008a4   0x0000003c   Code   RO           24    i.OS_AddPeriodicThread  os.o
    0x000008e0   0x000000a0   Code   RO           27    i.OS_AddThread      os.o
    0x00000980   0x00000018   Code   RO           28    i.OS_Block          os.o
    0x00000998   0x0000004c   Code   RO           32    i.OS_Fifo_Put       os.o
    0x000009e4   0x000000ec   Code   RO           35    i.OS_Init           os.o
    0x00000ad0   0x00000008   Code   RO           36    i.OS_InitSemaphore  os.o
    0x00000ad8   0x00000034   Code   RO           37    i.OS_Kill           os.o
    0x00000b0c   0x00000034   Code   RO           38    i.OS_Launch         os.o
    0x00000b40   0x00000032   Code   RO           46    i.OS_Signal         os.o
    0x00000b72   0x00000002   PAD
    0x00000b74   0x00000038   Code   RO           47    i.OS_Sleep          os.o
    0x00000bac   0x00000010   Code   RO           48    i.OS_Suspend        os.o
    0x00000bbc   0x00000030   Code   RO           51    i.OS_Wait           os.o
    0x00000bec   0x00000010   Code   RO          475    i.OutCRLF           lab4.o
    0x00000bfc   0x0000007c   Code   RO            1    i.PLL_Init          pll.o
    0x00000c78   0x00000038   Code   RO          476    i.Producer          lab4.o
    0x00000cb0   0x0000003c   Code   RO          337    i.RxFifo_Get        uart.o
    0x00000cec   0x00000024   Code   RO          338    i.RxFifo_Init       uart.o
    0x00000d10   0x0000003c   Code   RO          339    i.RxFifo_Put        uart.o
    0x00000d4c   0x00000018   Code   RO          340    i.RxFifo_Size       uart.o
    0x00000d64   0x0000000c   Code   RO          591    i.SELECT            edisk.o
    0x00000d70   0x00000110   Code   RO          592    i.SSI0_Init         edisk.o
    0x00000e80   0x0000002c   Code   RO          593    i.SSI0_Out          edisk.o
    0x00000eac   0x000000a6   Code   RO           54    i.SetInitialStack   os.o
    0x00000f52   0x00000002   PAD
    0x00000f54   0x00000040   Code   RO           55    i.Timer1A_Handler   os.o
    0x00000f94   0x0000007c   Code   RO           56    i.Timer1A_Init      os.o
    0x00001010   0x00000028   Code   RO           57    i.Timer2A_Handler   os.o
    0x00001038   0x00000058   Code   RO           58    i.Timer2_Init       os.o
    0x00001090   0x00000014   Code   RO          594    i.Timer5A_Handler   edisk.o
    0x000010a4   0x00000074   Code   RO          595    i.Timer5_Init       edisk.o
    0x00001118   0x0000003c   Code   RO          341    i.TxFifo_Get        uart.o
    0x00001154   0x00000024   Code   RO          342    i.TxFifo_Init       uart.o
    0x00001178   0x0000003c   Code   RO          343    i.TxFifo_Put        uart.o
    0x000011b4   0x00000018   Code   RO          344    i.TxFifo_Size       uart.o
    0x000011cc   0x00000058   Code   RO          345    i.UART0_Handler     uart.o
    0x00001224   0x00000028   Code   RO          346    i.UART_InChar       uart.o
    0x0000124c   0x00000046   Code   RO          347    i.UART_InString     uart.o
    0x00001292   0x00000002   PAD
    0x00001294   0x000000f8   Code   RO          350    i.UART_Init         uart.o
    0x0000138c   0x00000040   Code   RO          351    i.UART_OutChar      uart.o
    0x000013cc   0x00000018   Code   RO          352    i.UART_OutString    uart.o
    0x000013e4   0x0000002a   Code   RO          353    i.UART_OutUDec      uart.o
    0x0000140e   0x00000002   PAD
    0x00001410   0x000000c0   Code   RO           59    i.addDeadToScheduler  os.o
    0x000014d0   0x00000168   Code   RO           60    i.addSleepToScheduler  os.o
    0x00001638   0x000000f8   Code   RO           61    i.addThreadToBlocked  os.o
    0x00001730   0x0000002c   Code   RO          803    i.appendBlock       efile.o
    0x0000175c   0x00000068   Code   RO          804    i.appendFirstBlockOfFileToBlock  efile.o
    0x000017c4   0x0000003c   Code   RO          355    i.copyHardwareToSoftware  uart.o
    0x00001800   0x00000040   Code   RO          356    i.copySoftwareToHardware  uart.o
    0x00001840   0x00000018   Code   RO          481    i.diskError         lab4.o
    0x00001858   0x0000002c   Code   RO          598    i.disk_timerproc    edisk.o
    0x00001884   0x0000016c   Code   RO          599    i.eDisk_Init        edisk.o
    0x000019f0   0x0000009c   Code   RO          600    i.eDisk_Read        edisk.o
    0x00001a8c   0x00000014   Code   RO          601    i.eDisk_ReadBlock   edisk.o
    0x00001aa0   0x00000014   Code   RO          602    i.eDisk_Status      edisk.o
    0x00001ab4   0x000000c4   Code   RO          603    i.eDisk_Write       edisk.o
    0x00001b78   0x00000014   Code   RO          604    i.eDisk_WriteBlock  edisk.o
    0x00001b8c   0x000000a8   Code   RO          805    i.eFile_Create      efile.o
    0x00001c34   0x00000060   Code   RO          806    i.eFile_Delete      efile.o
    0x00001c94   0x000000c4   Code   RO          807    i.eFile_Directory   efile.o
    0x00001d58   0x00000090   Code   RO          809    i.eFile_Format      efile.o
    0x00001de8   0x000000b0   Code   RO          810    i.eFile_Init        efile.o
    0x00001e98   0x00000040   Code   RO          818    i.findDuplicateIndex  efile.o
    0x00001ed8   0x00000020   Code   RO          820    i.getBufferNextBlockNumber  efile.o
    0x00001ef8   0x0000003c   Code   RO          821    i.getFreeBlock      efile.o
    0x00001f34   0x00000030   Code   RO          822    i.getNextBlockNumber  efile.o
    0x00001f64   0x000000ac   Code   RO          482    i.main              lab4.o
    0x00002010   0x0000000c   Code   RO          606    i.power_off         edisk.o
    0x0000201c   0x00000018   Code   RO          607    i.power_on          edisk.o
    0x00002034   0x00000050   Code   RO          608    i.rcvr_datablock    edisk.o
    0x00002084   0x0000002c   Code   RO          609    i.rcvr_spi          edisk.o
    0x000020b0   0x0000000c   Code   RO          610    i.rcvr_spi_m        edisk.o
    0x000020bc   0x000000d4   Code   RO          823    i.readDirectoryFromDisk  efile.o
    0x00002190   0x000000bc   Code   RO           63    i.removeAndAddToSingleList  os.o
    0x0000224c   0x00000070   Code   RO          611    i.send_cmd          edisk.o
    0x000022bc   0x00000020   Code   RO          612    i.send_initial_clock_train  edisk.o
    0x000022dc   0x0000000c   Code   RO          824    i.setBufferDataSize  efile.o
    0x000022e8   0x0000000a   Code   RO          613    i.set_max_speed     edisk.o
    0x000022f2   0x00000002   PAD
    0x000022f4   0x000000e0   Code   RO           64    i.threadRemover     os.o
    0x000023d4   0x0000004c   Code   RO           65    i.traverseSleep     os.o
    0x00002420   0x00000038   Code   RO          825    i.traverseUntilTheEnd  efile.o
    0x00002458   0x00000140   Code   RO          826    i.updateDirectoryToDisk  efile.o
    0x00002598   0x00000028   Code   RO          614    i.wait_ready        edisk.o
    0x000025c0   0x0000005e   Code   RO          615    i.xmit_datablock    edisk.o
    0x0000261e   0x00000002   PAD
    0x00002620   0x0000002c   Code   RO          616    i.xmit_spi          edisk.o
    0x0000264c   0x00000020   Data   RO         1121    Region$$Table       anon$$obj.o


    Execution Region ER_RW (Base: 0x20000000, Size: 0x0000015c, Max: 0xffffffff, ABSOLUTE, COMPRESSED[0x0000000c])

    Base Addr    Size         Type   Attr      Idx    E Section Name        Object

    0x20000000   0x00000094   Data   RW           68    .data               os.o
    0x20000094   0x00000021   Data   RW          304    .data               switch.o
    0x200000b5   0x00000003   PAD
    0x200000b8   0x00000030   Data   RW          358    .data               uart.o
    0x200000e8   0x00000014   Data   RW          486    .data               lab4.o
    0x200000fc   0x00000005   Data   RW          617    .data               edisk.o
    0x20000101   0x00000003   PAD
    0x20000104   0x00000014   Data   RW          769    .data               adc.o
    0x20000118   0x00000044   Data   RW          828    .data               efile.o


    Execution Region ER_ZI (Base: 0x2000015c, Size: 0x00006e34, Max: 0xffffffff, ABSOLUTE)

    Base Addr    Size         Type   Attr      Idx    E Section Name        Object

    0x2000015c   0x0000567c   Zero   RW           66    .bss                os.o
    0x200057d8   0x00000040   Zero   RW          357    .bss                uart.o
    0x20005818   0x00000214   Zero   RW          485    .bss                lab4.o
    0x20005a2c   0x00001100   Zero   RW          827    .bss                efile.o
    0x20006b2c   0x00000060   Zero   RW          998    .bss                c_w.l(libspace.o)
    0x20006b8c   0x00000004   PAD
    0x20006b90   0x00000000   Zero   RW          290    HEAP                startup.o
    0x20006b90   0x00000400   Zero   RW          289    STACK               startup.o


==============================================================================

Image component sizes


      Code (inc. data)   RO Data    RW Data    ZI Data      Debug   Object Name

        68         26          0         20          0       1817   adc.o
      2032        190          0          5          0      11967   edisk.o
      1732        138          0         68       4352       9587   efile.o
       624        252          0         20        532       5210   lab4.o
      2608        284          0        148      22140      15078   os.o
       160         20          0          0          0        196   osasm.o
       124          6          0          0          0       4587   pll.o
       692        632          0          0       1024        820   startup.o
       188         56          0         33          0       1443   switch.o
      1060        188          0         48         64       7893   uart.o

    ----------------------------------------------------------------------
      9300       1792         32        348      28112      58598   Object Totals
         0          0         32          0          0          0   (incl. Generated)
        12          0          0          6          0          0   (incl. Padding)

    ----------------------------------------------------------------------

      Code (inc. data)   RO Data    RW Data    ZI Data      Debug   Library Member Name

        58          0          0          0          0          0   __dczerorl.o
         8          0          0          0          0         68   __main.o
        52          8          0          0          0          0   __scatter.o
        28          0          0          0          0          0   __scatter_zi.o
        12          0          0          0          0         72   exit.o
         6          0          0          0          0        152   heapauxi.o
         0          0          0          0          0          0   indicate_semi.o
         2          0          0          0          0          0   libinit.o
         2          0          0          0          0          0   libinit2.o
         2          0          0          0          0          0   libshutdown.o
         2          0          0          0          0          0   libshutdown2.o
         8          4          0          0         96         68   libspace.o
         0          0          0          0          0          0   rtentry.o
        12          0          0          0          0          0   rtentry2.o
         6          0          0          0          0          0   rtentry4.o
         2          0          0          0          0          0   rtexit.o
        10          0          0          0          0          0   rtexit2.o
       128          0          0          0          0         68   strcmpv7m.o
        72          0          0          0          0         80   strcpy.o
        12          4          0          0          0         68   sys_exit.o
        74          0          0          0          0         80   sys_stackheap_outer.o
         2          0          0          0          0         68   use_no_semi.o

    ----------------------------------------------------------------------
       504         16          0          0        100        724   Library Totals
         6          0          0          0          4          0   (incl. Padding)

    ----------------------------------------------------------------------

      Code (inc. data)   RO Data    RW Data    ZI Data      Debug   Library Name

       498         16          0          0         96        724   c_w.l

    ----------------------------------------------------------------------
       504         16          0          0        100        724   Library Totals

    ----------------------------------------------------------------------

==============================================================================


      Code (inc. data)   RO Data    RW Data    ZI Data      Debug   

      9804       1808         32        348      28212      54278   Grand Totals
      9804       1808         32         12      28212      54278   ELF Image Totals (compressed)
      9804       1808         32         12          0          0   ROM Totals

==============================================================================

    Total RO  Size (Code + RO Data)                 9836 (   9.61kB)
    Total RW  Size (RW Data + ZI Data)             28560 (  27.89kB)
    Total ROM Size (Code + RO Data + RW Data)       9848 (   9.62kB)

==============================================================================

