<html>
<body>
<pre>
<h1>µVision Build Log</h1>
<h2>Project:</h2>
C:\445M\Lab5\UARTInts.uvproj
Project File Date:  02/25/2016

<h2>Output:</h2>
Rebuild target 'UARTInts'
compiling PLL.c...
compiling OS.c...
compiling Lab2.c...
assembling startup.s...
assembling OSasm.s...
compiling ST7735.c...
compiling Switch.c...
compiling UART.c...
assembling cr4_fft_64_stm32.s...
linking...
Program Size: Code=7736 RO-data=2052 RW-data=308 ZI-data=24076  
".\UARTInts.axf" - 0 Error(s), 0 Warning(s).
</pre>
</body>
</html>
king...
Program Size: Code=7724 RO-data=2052 RW-data=312 ZI-data=24072  
".\UARTInts.axf" - 0 Error(s), 1 Warning(s).
ng OSasm.s...
compiling ST7735.c...
compiling Switch.c...
compiling UART.c...
assembling cr4_fft_64_stm32.s...
linking...
Program Size: Code=7724 RO-data=2052 RW-data=312 ZI-data=24072  
".\UARTInts.axf" - 0 Error(s), 3 Warning(s).
..
linking...
Program Size: Code=7816 RO-data=2052 RW-data=312 ZI-data=24072  
".\UARTInts.axf" - 0 Error(s), 4 Warning(s).
