


ARM Macro Assembler    Page 1 


    1 00000000         ;/******************************************************
                       ***********************/
    2 00000000         ; OS.s: low-level OS commands, written in assembly      
                                        */
    3 00000000         ; Runs on LM4F120/TM4C123
    4 00000000         ; OS functions.
    5 00000000         ; Ramon Villar, Kapil
    6 00000000         ; February, 9, 2016
    7 00000000         
    8 00000000         
    9 00000000                 AREA             |.text|, CODE, READONLY, ALIGN=
2
   10 00000000                 THUMB
   11 00000000                 REQUIRE8
   12 00000000                 PRESERVE8
   13 00000000         
   14 00000000                 EXTERN           RunPt       ; currently running
                                                             thread
   15 00000000                 EXTERN           PF3Address
   16 00000000                 EXPORT           OS_DisableInterrupts
   17 00000000                 EXPORT           OS_EnableInterrupts
   18 00000000         ;EXPORT  PendSV_Handler
   19 00000000                 EXPORT           StartOS
   20 00000000                 EXPORT           SysTick_Handler
   21 00000000         
   22 00000000         
   23 00000000         
   24 00000000         
   25 00000000         OS_DisableInterrupts
   26 00000000 B672            CPSID            I
   27 00000002 4770            BX               LR
   28 00000004         
   29 00000004         
   30 00000004         OS_EnableInterrupts
   31 00000004 B662            CPSIE            I
   32 00000006 4770            BX               LR
   33 00000008         
   34 00000008         StartOS
   35 00000008 4812            LDR              R0, =RunPt
   36 0000000A 6802            LDR              R2, [R0]
   37 0000000C F8D2 D000       LDR              SP, [R2]    ;load localSP
   38 00000010 E8BD 0FF0       POP              {R4-R11}
   39 00000014 BC0F            POP              {R0-R3}
   40 00000016 F85D CB04       POP              {R12}
   41 0000001A F85D EB04       POP              {LR}        ;trash LR
   42 0000001E F85D EB04       POP              {LR}        ;PC on stack. the o
                                                            nly register that i
                                                            s not trash. points
                                                             to function that w
                                                            e want to run
   43 00000022 BC02            POP              {R1}        ;discards last one 
                                                            PSR
   44 00000024 B662            CPSIE            I
   45 00000026 4770            BX               LR          ;LR contains the PC
                                                             we want to return 
                                                            to
   46 00000028         
   47 00000028         
   48 00000028         



ARM Macro Assembler    Page 2 


   49 00000028         ;PendSV_Handler                ; 1) Saves R0-R3,R12,LR,P
                       C,PSR
   50 00000028         SysTick_Handler
   51 00000028 B672            CPSID            I
   52 0000002A 480B            LDR              R0, =PF3Address
   53 0000002C 6801            LDR              R1, [R0]
   54 0000002E 680B            LDR              R3,[R1]
   55 00000030 F083 0208       EOR              R2, R3, #0x8
   56 00000034 600A            STR              R2, [R1]
   57 00000036         ;we can assume that R0-R3, R12, LR, PC, PSRX are in stac
                       k because of interrupt
   58 00000036 E92D 0FF0       PUSH{R4-R11}                 ;push remaining reg
                                                            isters
   59 0000003A 4806            LDR              R0, =RunPt  ;old run pointer
   60 0000003C 6801            LDR              R1, [R0]    ;now R1 points the 
                                                            the current TCB run
                                                            ning
   61 0000003E         ;this means R1 = TCB.localSP  
   62 0000003E F8C1 D000       STR              SP, [R1]    ;store stack into l
                                                            ocal stack pointer 
                                                            of TCB
   63 00000042 6849            LDR              R1, [R1,#4] ;load nextpt
   64 00000044 6001            STR              R1, [R0]    ;update RunPt
   65 00000046 F8D1 D000       LDR              SP, [R1]    ;R1 points to the f
                                                            irst element of the
                                                             struct we want to 
                                                            switch to
   66 0000004A E8BD 0FF0       POP              {R4-R11}    ;pop remainining re
                                                            gisters
   67 0000004E B662            CPSIE            I
   68 00000050 4770            BX               LR
   69 00000052         
   70 00000052 00 00           ALIGN
   71 00000054                 END
              00000000 
              00000000 
Command Line: --debug --xref --cpu=Cortex-M4 --apcs=interwork --depend=.\osasm.
d -o.\osasm.o -IC:\Keil\ARM\RV31\INC -IC:\Keil\ARM\CMSIS\Include -IC:\Keil\ARM\
Inc\Luminary --predefine="__EVAL SETA 1" --list=.\osasm.lst OSasm.s



ARM Macro Assembler    Page 1 Alphabetic symbol ordering
Relocatable symbols

.text 00000000

Symbol: .text
   Definitions
      At line 9 in file OSasm.s
   Uses
      None
Comment: .text unused
OS_DisableInterrupts 00000000

Symbol: OS_DisableInterrupts
   Definitions
      At line 25 in file OSasm.s
   Uses
      At line 16 in file OSasm.s
Comment: OS_DisableInterrupts used once
OS_EnableInterrupts 00000004

Symbol: OS_EnableInterrupts
   Definitions
      At line 30 in file OSasm.s
   Uses
      At line 17 in file OSasm.s
Comment: OS_EnableInterrupts used once
StartOS 00000008

Symbol: StartOS
   Definitions
      At line 34 in file OSasm.s
   Uses
      At line 19 in file OSasm.s
Comment: StartOS used once
SysTick_Handler 00000028

Symbol: SysTick_Handler
   Definitions
      At line 50 in file OSasm.s
   Uses
      At line 20 in file OSasm.s
Comment: SysTick_Handler used once
5 symbols



ARM Macro Assembler    Page 1 Alphabetic symbol ordering
External symbols

PF3Address 00000000

Symbol: PF3Address
   Definitions
      At line 15 in file OSasm.s
   Uses
      At line 52 in file OSasm.s
Comment: PF3Address used once
RunPt 00000000

Symbol: RunPt
   Definitions
      At line 14 in file OSasm.s
   Uses
      At line 35 in file OSasm.s
      At line 59 in file OSasm.s

2 symbols
340 symbols in table
