<html>
<body>
<pre>
<h1>µVision Build Log</h1>
<h2>Project:</h2>
C:\Users\Kapil\Desktop\RTOSlab\RTOS-from-bottom-up\Lab2\UARTInts.uvproj
Project File Date:  02/21/2016

<h2>Output:</h2>
Rebuild target 'UARTInts'
compiling PLL.c...
compiling OS.c...
compiling Lab2.c...
assembling startup.s...
assembling OSasm.s...
compiling ADC.c...
compiling ST7735.c...
linking...
Program Size: Code=2280 RO-data=32 RW-data=92 ZI-data=2716  
".\UARTInts.axf" - 0 Error(s), 0 Warning(s).
Load "C:\\Users\\Kapil\\Desktop\\RTOSlab\\RTOS-from-bottom-up\\Lab2\\UARTInts.axf" 
Connecting: Mode=JTAG, Speed=1000000Hz
Erase Done.
Programming Done.
Verify OK.
</pre>
</body>
</html>
