<html>
<body>
<pre>
<h1>µVision Build Log</h1>
<h2>Project:</h2>
C:\EE445M\Lab2\UARTInts.uvproj
Project File Date:  02/10/2016

<h2>Output:</h2>
Rebuild target 'UARTInts'
compiling PLL.c...
compiling OS.c...
compiling Lab2.c...
assembling startup.s...
assembling OSasm.s...
linking...
Program Size: Code=1904 RO-data=32 RW-data=60 ZI-data=2716  
".\UARTInts.axf" - 0 Error(s), 0 Warning(s).
</pre>
</body>
</html>
RTInts.axf" 
Connecting: Mode=JTAG, Speed=1000000Hz
Erase Done.
Programming Done.
Verify OK.
