<html>
<body>
<pre>
<h1>µVision Build Log</h1>
<h2>Project:</h2>
C:\445M\Lab2\UARTInts.uvproj
Project File Date:  02/25/2016

<h2>Output:</h2>
Rebuild target 'UARTInts'
compiling PLL.c...
compiling OS.c...
OS.c(714): warning:  #177-D: variable "dataInMailBox" was declared but never referenced
        uint32_t dataInMailBox = 0;
OS.c(715): warning:  #177-D: variable "flagMailBox" was declared but never referenced
        uint8_t flagMailBox = 0;
OS.c: 2 warnings, 0 errors
compiling Lab2.c...
assembling startup.s...
assembling OSasm.s...
compiling ADC.c...
compiling ST7735.c...
ST7735.c(1163): warning:  #223-D: function "OS_DisableInterrupts" declared implicitly
                        OS_DisableInterrupts();
ST7735.c(1175): warning:  #223-D: function "OS_DisableInterrupts" declared implicitly
                        OS_DisableInterrupts();
ST7735.c: 2 warnings, 0 errors
compiling Switch.c...
compiling UART.c...
assembling cr4_fft_64_stm32.s...
assembling PID_stm32.s...
linking...
Program Size: Code=10616 RO-data=2052 RW-data=264 ZI-data=7344  
".\UARTInts.axf" - 0 Error(s), 4 Warning(s).
Load "C:\\445M\\Lab2\\UARTInts.axf" 
Connecting: Mode=JTAG, Speed=1000000Hz
Erase Done.
Programming Done.
Verify OK.
</pre>
</body>
</html>
Ints.axf" 
Connecting: Mode=JTAG, Speed=1000000Hz
Erase Done.
Programming Done.
Verify OK.

 Warning(s).
Load "C:\\445M\\Lab2\\UARTInts.axf" 
Connecting: Mode=JTAG, Speed=1000000Hz
Erase Done.
Programming Done.
Verify OK.
