<html>
<body>
<pre>
<h1>µVision Build Log</h1>
<h2>Project:</h2>
C:\Users\Kapil\Desktop\RTOSlab\RTOS-from-bottom-up\Lab2\UARTInts.uvproj
Project File Date:  02/21/2016

<h2>Output:</h2>
Rebuild target 'UARTInts'
compiling PLL.c...
compiling OS.c...
OS.c(402): warning:  #940-D: missing return statement at end of non-void function "OS_AddSW1Task"
  }
OS.c: 1 warning, 0 errors
compiling Lab2.c...
assembling startup.s...
assembling OSasm.s...
compiling ADC.c...
compiling ST7735.c...
compiling Switch.c...
linking...
Program Size: Code=3004 RO-data=32 RW-data=132 ZI-data=2732  
".\UARTInts.axf" - 0 Error(s), 1 Warning(s).
</pre>
</body>
</html>
" - 2 Error(s), 0 Warning(s).
Target not created
ror messages.
".\UARTInts.axf" - 3 Error(s), 0 Warning(s).
Target not created
