<html>
<body>
<pre>
<h1>µVision Build Log</h1>
<h2>Project:</h2>
C:\EE445M\Lab2\UARTInts.uvproj
Project File Date:  02/10/2016

<h2>Output:</h2>
Rebuild target 'UARTInts'
compiling PLL.c...
compiling OS.c...
compiling Lab2.c...
assembling startup.s...
assembling OSasm.s...
linking...
Program Size: Code=1980 RO-data=32 RW-data=60 ZI-data=2708  
".\UARTInts.axf" - 0 Error(s), 0 Warning(s).
Load "C:\\EE445M\\Lab2\\UARTInts.axf" 
Connecting: Mode=JTAG, Speed=1000000Hz
Erase Done.
Programming Done.
Verify OK.
</pre>
</body>
</html>
e 'C:\EE445M\Lab2\UARTInts.axf'

".\UARTInts.axf" - 1 Error(s), 1 Warning(s).
Target not created
