<html>
<body>
<pre>
<h1>µVision Build Log</h1>
<h2>Project:</h2>
C:\EE445M\Lab3\UARTInts.uvproj
Project File Date:  03/03/2016

<h2>Output:</h2>
Rebuild target 'UARTInts'
compiling PLL.c...
compiling OS.c...
compiling Lab2.c...
Lab2.c(303): warning:  #223-D: function "OS_DisableInterrupts" declared implicitly
        OS_DisableInterrupts();
Lab2.c: 1 warning, 0 errors
assembling startup.s...
assembling OSasm.s...
compiling ADC.c...
compiling ST7735.c...
compiling Switch.c...
compiling UART.c...
assembling cr4_fft_64_stm32.s...
assembling PID_stm32.s...
linking...
Program Size: Code=12252 RO-data=2052 RW-data=368 ZI-data=24120  
".\UARTInts.axf" - 0 Error(s), 1 Warning(s).
Load "C:\\EE445M\\Lab3\\UARTInts.axf" 
Connecting: Mode=JTAG, Speed=1000000Hz
Erase Done.
Programming Done.
Verify OK.
</pre>
</body>
</html>
