ARM Linker, 5.03 [Build 76] [MDK-ARM Professional]

==============================================================================

Section Cross References

    os.o(i.OS_AddPeriodicThread) refers to startup.o(.text) for StartCritical
    os.o(i.OS_AddPeriodicThread) refers to os.o(i.Timer1A_Init) for Timer1A_Init
    os.o(i.OS_AddPeriodicThread) refers to os.o(.data) for alreadyEnabled
    os.o(i.OS_AddSW1Task) refers to switch.o(i.Switch_Init) for Switch_Init
    os.o(i.OS_AddSW1Task) refers to os.o(.data) for DeadPt
    os.o(i.OS_AddThread) refers to osasm.o(.text) for OS_DisableInterrupts
    os.o(i.OS_AddThread) refers to os.o(i.SetInitialStack) for SetInitialStack
    os.o(i.OS_AddThread) refers to os.o(i.addThreadToScheduler) for addThreadToScheduler
    os.o(i.OS_AddThread) refers to os.o(.data) for DeadPt
    os.o(i.OS_ClearMsTime) refers to os.o(.data) for timerCounter
    os.o(i.OS_Fifo_Get) refers to os.o(i.OS_Wait) for OS_Wait
    os.o(i.OS_Fifo_Get) refers to os.o(i.OS_bWait) for OS_bWait
    os.o(i.OS_Fifo_Get) refers to os.o(i.OS_bSignal) for OS_bSignal
    os.o(i.OS_Fifo_Get) refers to os.o(.data) for dataAvailable
    os.o(i.OS_Fifo_Init) refers to os.o(i.OS_InitSemaphore) for OS_InitSemaphore
    os.o(i.OS_Fifo_Init) refers to os.o(.data) for OS_TxGetI
    os.o(i.OS_Fifo_Put) refers to os.o(i.OS_bWait) for OS_bWait
    os.o(i.OS_Fifo_Put) refers to os.o(i.OS_bSignal) for OS_bSignal
    os.o(i.OS_Fifo_Put) refers to os.o(i.OS_Signal) for OS_Signal
    os.o(i.OS_Fifo_Put) refers to os.o(.data) for mutex
    os.o(i.OS_Fifo_Size) refers to os.o(i.OS_bWait) for OS_bWait
    os.o(i.OS_Fifo_Size) refers to os.o(i.OS_bSignal) for OS_bSignal
    os.o(i.OS_Fifo_Size) refers to os.o(.data) for mutex
    os.o(i.OS_Id) refers to os.o(.data) for RunPt
    os.o(i.OS_Init) refers to osasm.o(.text) for OS_DisableInterrupts
    os.o(i.OS_Init) refers to pll.o(i.PLL_Init) for PLL_Init
    os.o(i.OS_Init) refers to uart.o(i.UART_Init) for UART_Init
    os.o(i.OS_Init) refers to os.o(i.Timer2_Init) for Timer2_Init
    os.o(i.OS_Init) refers to os.o(.bss) for threadPool
    os.o(i.OS_Init) refers to os.o(.data) for DeadPt
    os.o(i.OS_Kill) refers to osasm.o(.text) for OS_DisableInterrupts
    os.o(i.OS_Kill) refers to os.o(i.threadRemover) for threadRemover
    os.o(i.OS_Kill) refers to os.o(i.OS_Suspend) for OS_Suspend
    os.o(i.OS_Kill) refers to os.o(.data) for DeadPt
    os.o(i.OS_Launch) refers to os.o(i.Timer2_Init) for Timer2_Init
    os.o(i.OS_Launch) refers to osasm.o(.text) for StartOS
    os.o(i.OS_Launch) refers to os.o(.data) for SchedulerPt
    os.o(i.OS_MailBox_Init) refers to os.o(i.OS_InitSemaphore) for OS_InitSemaphore
    os.o(i.OS_MailBox_Init) refers to os.o(.data) for mailBoxFree
    os.o(i.OS_MailBox_Recv) refers to os.o(i.OS_bWait) for OS_bWait
    os.o(i.OS_MailBox_Recv) refers to os.o(i.OS_bSignal) for OS_bSignal
    os.o(i.OS_MailBox_Recv) refers to os.o(.data) for dataValid
    os.o(i.OS_MailBox_Send) refers to os.o(i.OS_bWait) for OS_bWait
    os.o(i.OS_MailBox_Send) refers to os.o(i.OS_bSignal) for OS_bSignal
    os.o(i.OS_MailBox_Send) refers to os.o(.data) for mailBoxFree
    os.o(i.OS_MsTime) refers to os.o(.data) for timerCounter
    os.o(i.OS_ReadPeriodicTime) refers to os.o(.data) for timerCounter
    os.o(i.OS_SW1Jitter) refers to os.o(i.OS_Time) for OS_Time
    os.o(i.OS_SW1Jitter) refers to os.o(i.OS_TimeDifference) for OS_TimeDifference
    os.o(i.OS_SW1Jitter) refers to os.o(.data) for LastTime
    os.o(i.OS_SW1Jitter) refers to os.o(.bss) for SW1JitterHistogram
    os.o(i.OS_SW2Jitter) refers to os.o(i.OS_Time) for OS_Time
    os.o(i.OS_SW2Jitter) refers to os.o(i.OS_TimeDifference) for OS_TimeDifference
    os.o(i.OS_SW2Jitter) refers to os.o(.data) for LastTime
    os.o(i.OS_SW2Jitter) refers to os.o(.bss) for SW2JitterHistogram
    os.o(i.OS_Signal) refers to startup.o(.text) for StartCritical
    os.o(i.OS_Sleep) refers to osasm.o(.text) for OS_DisableInterrupts
    os.o(i.OS_Sleep) refers to os.o(i.threadRemover) for threadRemover
    os.o(i.OS_Sleep) refers to os.o(i.OS_Suspend) for OS_Suspend
    os.o(i.OS_Sleep) refers to os.o(.data) for SleepPt
    os.o(i.OS_Time) refers to os.o(.data) for timerCounter
    os.o(i.OS_Wait) refers to osasm.o(.text) for OS_DisableInterrupts
    os.o(i.OS_bSignal) refers to osasm.o(.text) for OS_DisableInterrupts
    os.o(i.OS_bWait) refers to osasm.o(.text) for OS_DisableInterrupts
    os.o(i.Timer1A_Handler) refers to startup.o(.text) for StartCritical
    os.o(i.Timer1A_Handler) refers to os.o(.data) for timerCounter
    os.o(i.Timer1A_Init) refers to os.o(.data) for howManyTimes
    os.o(i.Timer2A_Handler) refers to os.o(.data) for timerCounter
    os.o(i.addThreadToScheduler) refers to os.o(.data) for SchedulerPt
    os.o(i.threadRemover) refers to osasm.o(.text) for OS_DisableInterrupts
    os.o(i.threadRemover) refers to os.o(.data) for RunPt
    os.o(i.traverseSleep) refers to os.o(i.wakeUpThread) for wakeUpThread
[...]
    rtentry2.o(.ARM.exidx) refers to rtentry2.o(.ARM.Collect$$rtentry$$00000001) for .ARM.Collect$$rtentry$$00000001
    rtentry2.o(.ARM.exidx) refers to rtentry2.o(.ARM.Collect$$rtentry$$00000008) for .ARM.Collect$$rtentry$$00000008
    rtentry2.o(.ARM.exidx) refers to rtentry2.o(.ARM.Collect$$rtentry$$0000000A) for .ARM.Collect$$rtentry$$0000000A
    rtentry2.o(.ARM.exidx) refers to rtentry2.o(.ARM.Collect$$rtentry$$0000000B) for .ARM.Collect$$rtentry$$0000000B
    rtentry2.o(.ARM.exidx) refers to rtentry2.o(.ARM.Collect$$rtentry$$0000000D) for .ARM.Collect$$rtentry$$0000000D
    rtentry4.o(.ARM.Collect$$rtentry$$00000004) refers to sys_stackheap_outer.o(.text) for __user_setup_stackheap
    rtentry4.o(.ARM.exidx) refers to rtentry4.o(.ARM.Collect$$rtentry$$00000004) for .ARM.Collect$$rtentry$$00000004
    sys_stackheap_outer.o(.text) refers to libspace.o(.text) for __user_perproc_libspace
    sys_stackheap_outer.o(.text) refers to startup.o(.text) for __user_initial_stackheap
    exit.o(.text) refers to rtexit.o(.ARM.Collect$$rtexit$$00000000) for __rt_exit
    libinit.o(.ARM.Collect$$libinit$$00000000) refers (Special) to libinit2.o(.ARM.Collect$$libinit$$0000002C) for __rt_lib_init_alloca_1
    libinit.o(.ARM.Collect$$libinit$$00000000) refers (Special) to libinit2.o(.ARM.Collect$$libinit$$0000002A) for __rt_lib_init_argv_1
    libinit.o(.ARM.Collect$$libinit$$00000000) refers (Special) to libinit2.o(.ARM.Collect$$libinit$$00000019) for __rt_lib_init_atexit_1
    libinit.o(.ARM.Collect$$libinit$$00000000) refers (Special) to libinit2.o(.ARM.Collect$$libinit$$0000001F) for __rt_lib_init_clock_1
    libinit.o(.ARM.Collect$$libinit$$00000000) refers (Special) to libinit2.o(.ARM.Collect$$libinit$$00000030) for __rt_lib_init_cpp_1
    libinit.o(.ARM.Collect$$libinit$$00000000) refers (Special) to libinit2.o(.ARM.Collect$$libinit$$0000002E) for __rt_lib_init_exceptions_1
    libinit.o(.ARM.Collect$$libinit$$00000000) refers (Special) to libinit2.o(.ARM.Collect$$libinit$$00000002) for __rt_lib_init_fp_1
    libinit.o(.ARM.Collect$$libinit$$00000000) refers (Special) to libinit2.o(.ARM.Collect$$libinit$$0000001D) for __rt_lib_init_fp_trap_1
    libinit.o(.ARM.Collect$$libinit$$00000000) refers (Special) to libinit2.o(.ARM.Collect$$libinit$$00000021) for __rt_lib_init_getenv_1
    libinit.o(.ARM.Collect$$libinit$$00000000) refers (Special) to libinit2.o(.ARM.Collect$$libinit$$00000008) for __rt_lib_init_heap_1
    libinit.o(.ARM.Collect$$libinit$$00000000) refers (Special) to libinit2.o(.ARM.Collect$$libinit$$0000000F) for __rt_lib_init_lc_collate_1
    libinit.o(.ARM.Collect$$libinit$$00000000) refers (Special) to libinit2.o(.ARM.Collect$$libinit$$00000011) for __rt_lib_init_lc_ctype_1
    libinit.o(.ARM.Collect$$libinit$$00000000) refers (Special) to libinit2.o(.ARM.Collect$$libinit$$00000013) for __rt_lib_init_lc_monetary_1
    libinit.o(.ARM.Collect$$libinit$$00000000) refers (Special) to libinit2.o(.ARM.Collect$$libinit$$00000015) for __rt_lib_init_lc_numeric_1
    libinit.o(.ARM.Collect$$libinit$$00000000) refers (Special) to libinit2.o(.ARM.Collect$$libinit$$00000017) for __rt_lib_init_lc_time_1
    libinit.o(.ARM.Collect$$libinit$$00000000) refers (Special) to libinit2.o(.ARM.Collect$$libinit$$0000000C) for __rt_lib_init_rand_1
    libinit.o(.ARM.Collect$$libinit$$00000000) refers (Special) to libinit2.o(.ARM.Collect$$libinit$$00000031) for __rt_lib_init_return
    libinit.o(.ARM.Collect$$libinit$$00000000) refers (Special) to libinit2.o(.ARM.Collect$$libinit$$0000001B) for __rt_lib_init_signal_1
    libinit.o(.ARM.Collect$$libinit$$00000000) refers (Special) to libinit2.o(.ARM.Collect$$libinit$$00000023) for __rt_lib_init_stdio_1
    libinit.o(.ARM.Collect$$libinit$$00000000) refers (Special) to libinit2.o(.ARM.Collect$$libinit$$0000000A) for __rt_lib_init_user_alloc_1
    libspace.o(.text) refers to libspace.o(.bss) for __libspace_start
    rtexit.o(.ARM.Collect$$rtexit$$00000000) refers (Special) to rtexit2.o(.ARM.Collect$$rtexit$$00000004) for __rt_exit_exit
    rtexit.o(.ARM.Collect$$rtexit$$00000000) refers (Special) to rtexit2.o(.ARM.Collect$$rtexit$$00000003) for __rt_exit_ls
    rtexit.o(.ARM.Collect$$rtexit$$00000000) refers (Special) to rtexit2.o(.ARM.Collect$$rtexit$$00000002) for __rt_exit_prels_1
    rtexit.o(.ARM.exidx) refers (Special) to rtexit2.o(.ARM.Collect$$rtexit$$00000004) for __rt_exit_exit
    rtexit.o(.ARM.exidx) refers (Special) to rtexit2.o(.ARM.Collect$$rtexit$$00000003) for __rt_exit_ls
    rtexit.o(.ARM.exidx) refers (Special) to rtexit2.o(.ARM.Collect$$rtexit$$00000002) for __rt_exit_prels_1
    rtexit.o(.ARM.exidx) refers to rtexit.o(.ARM.Collect$$rtexit$$00000000) for .ARM.Collect$$rtexit$$00000000
    libinit2.o(.ARM.Collect$$libinit$$0000000E) refers to libinit2.o(.ARM.Collect$$libinit$$0000000D) for .ARM.Collect$$libinit$$0000000D
    libinit2.o(.ARM.Collect$$libinit$$00000010) refers to libinit2.o(.ARM.Collect$$libinit$$0000000D) for .ARM.Collect$$libinit$$0000000D
    libinit2.o(.ARM.Collect$$libinit$$00000012) refers to libinit2.o(.ARM.Collect$$libinit$$0000000D) for .ARM.Collect$$libinit$$0000000D
    libinit2.o(.ARM.Collect$$libinit$$00000014) refers to libinit2.o(.ARM.Collect$$libinit$$0000000D) for .ARM.Collect$$libinit$$0000000D
    libinit2.o(.ARM.Collect$$libinit$$00000016) refers to libinit2.o(.ARM.Collect$$libinit$$0000000D) for .ARM.Collect$$libinit$$0000000D
    libinit2.o(.ARM.Collect$$libinit$$00000024) refers to argv_veneer.o(.emb_text) for __ARM_argv_veneer
    libinit2.o(.ARM.Collect$$libinit$$00000025) refers to argv_veneer.o(.emb_text) for __ARM_argv_veneer
    rtexit2.o(.ARM.Collect$$rtexit$$00000003) refers to libshutdown.o(.ARM.Collect$$libshutdown$$00000000) for __rt_lib_shutdown
    rtexit2.o(.ARM.Collect$$rtexit$$00000004) refers to sys_exit.o(.text) for _sys_exit
    rtexit2.o(.ARM.exidx) refers to rtexit2.o(.ARM.Collect$$rtexit$$00000001) for .ARM.Collect$$rtexit$$00000001
    rtexit2.o(.ARM.exidx) refers to rtexit2.o(.ARM.Collect$$rtexit$$00000003) for .ARM.Collect$$rtexit$$00000003
    rtexit2.o(.ARM.exidx) refers to rtexit2.o(.ARM.Collect$$rtexit$$00000004) for .ARM.Collect$$rtexit$$00000004
    argv_veneer.o(.emb_text) refers to no_argv.o(.text) for __ARM_get_argv
    sys_exit.o(.text) refers (Special) to use_no_semi.o(.text) for __I$use$semihosting
    sys_exit.o(.text) refers (Special) to indicate_semi.o(.text) for __semihosting_library_function
    _get_argv_nomalloc.o(.text) refers (Special) to hrguard.o(.text) for __heap_region$guard
    _get_argv_nomalloc.o(.text) refers to defsig_rtmem_outer.o(.text) for __rt_SIGRTMEM
    _get_argv_nomalloc.o(.text) refers to sys_command.o(.text) for _sys_command_string
    libshutdown.o(.ARM.Collect$$libshutdown$$00000000) refers (Special) to libshutdown2.o(.ARM.Collect$$libshutdown$$00000006) for __rt_lib_shutdown_fp_trap_1
    libshutdown.o(.ARM.Collect$$libshutdown$$00000000) refers (Special) to libshutdown2.o(.ARM.Collect$$libshutdown$$0000000E) for __rt_lib_shutdown_heap_1
    libshutdown.o(.ARM.Collect$$libshutdown$$00000000) refers (Special) to libshutdown2.o(.ARM.Collect$$libshutdown$$0000000F) for __rt_lib_shutdown_return
    libshutdown.o(.ARM.Collect$$libshutdown$$00000000) refers (Special) to libshutdown2.o(.ARM.Collect$$libshutdown$$00000009) for __rt_lib_shutdown_signal_1
    libshutdown.o(.ARM.Collect$$libshutdown$$00000000) refers (Special) to libshutdown2.o(.ARM.Collect$$libshutdown$$00000003) for __rt_lib_shutdown_stdio_1
    libshutdown.o(.ARM.Collect$$libshutdown$$00000000) refers (Special) to libshutdown2.o(.ARM.Collect$$libshutdown$$0000000B) for __rt_lib_shutdown_user_alloc_1
    sys_command.o(.text) refers (Special) to use_no_semi.o(.text) for __I$use$semihosting
    sys_command.o(.text) refers (Special) to indicate_semi.o(.text) for __semihosting_library_function
    defsig_rtmem_outer.o(.text) refers to defsig_rtmem_inner.o(.text) for __rt_SIGRTMEM_inner
    defsig_rtmem_outer.o(.text) refers to defsig_exit.o(.text) for __sig_exit
    defsig_rtmem_formal.o(.text) refers to rt_raise.o(.text) for __rt_raise
    rt_raise.o(.text) refers to __raise.o(.text) for __raise
    rt_raise.o(.text) refers to sys_exit.o(.text) for _sys_exit
    defsig_exit.o(.text) refers to sys_exit.o(.text) for _sys_exit
    defsig_rtmem_inner.o(.text) refers to defsig_general.o(.text) for __default_signal_display
    __raise.o(.text) refers to defsig.o(CL$$defsig) for __default_signal_handler
    defsig_general.o(.text) refers to sys_wrch.o(.text) for _ttywrch
    sys_wrch.o(.text) refers (Special) to use_no_semi.o(.text) for __I$use$semihosting
    sys_wrch.o(.text) refers (Special) to indicate_semi.o(.text) for __semihosting_library_function
    defsig.o(CL$$defsig) refers to defsig_rtmem_inner.o(.text) for __rt_SIGRTMEM_inner
    defsig_abrt_inner.o(.text) refers to defsig_general.o(.text) for __default_signal_display
    defsig_fpe_inner.o(.text) refers to defsig_general.o(.text) for __default_signal_display
    defsig_rtred_inner.o(.text) refers to defsig_general.o(.text) for __default_signal_display
    defsig_stak_inner.o(.text) refers to defsig_general.o(.text) for __default_signal_display
    defsig_pvfn_inner.o(.text) refers to defsig_general.o(.text) for __default_signal_display
    defsig_cppl_inner.o(.text) refers to defsig_general.o(.text) for __default_signal_display
    defsig_segv_inner.o(.text) refers to defsig_general.o(.text) for __default_signal_display
    defsig_other.o(.text) refers to defsig_general.o(.text) for __default_signal_display


==============================================================================

Removing Unused input sections from the image.

    Removing os.o(i.OS_Fifo_Size), (40 bytes).
    Removing os.o(i.OS_SW1Jitter), (100 bytes).
    Removing os.o(i.OS_SW2Jitter), (100 bytes).
    Removing os.o(i.OS_Time), (16 bytes).
    Removing os.o(i.OS_TimeDifference), (6 bytes).
    Removing os.o(i.millisecondsToCount), (12 bytes).
    Removing os.o(.constdata), (4 bytes).
    Removing lab2.o(i.Filter), (200 bytes).
    Removing lab2.o(i.PortF_Init), (116 bytes).
    Removing lab2.o(i.SW2Push), (48 bytes).
    Removing st7735.o(i.Output_Clear), (10 bytes).
    Removing st7735.o(i.Output_Color), (12 bytes).
    Removing st7735.o(i.Output_Init), (16 bytes).
    Removing st7735.o(i.Output_Off), (8 bytes).
    Removing st7735.o(i.Output_On), (8 bytes).
    Removing st7735.o(i.ST7735_Color565), (24 bytes).
    Removing st7735.o(i.ST7735_DrawBitmap), (288 bytes).
    Removing st7735.o(i.ST7735_DrawChar), (268 bytes).
    Removing st7735.o(i.ST7735_DrawFastHLine), (124 bytes).
    Removing st7735.o(i.ST7735_DrawFastVLine), (124 bytes).
    Removing st7735.o(i.ST7735_InitB), (40 bytes).
    Removing st7735.o(i.ST7735_InvertDisplay), (22 bytes).
    Removing st7735.o(i.ST7735_OutChar), (216 bytes).
    Removing st7735.o(i.ST7735_OutString), (24 bytes).
    Removing st7735.o(i.ST7735_PlotBar), (88 bytes).
    Removing st7735.o(i.ST7735_PlotClear), (92 bytes).
    Removing st7735.o(i.ST7735_PlotLine), (264 bytes).
    Removing st7735.o(i.ST7735_PlotNext), (32 bytes).
    Removing st7735.o(i.ST7735_PlotNextErase), (64 bytes).
    Removing st7735.o(i.ST7735_PlotPoint), (152 bytes).
    Removing st7735.o(i.ST7735_PlotPoints), (172 bytes).
    Removing st7735.o(i.ST7735_PlotdBfs), (60 bytes).
    Removing st7735.o(i.ST7735_SetRotation), (212 bytes).
    Removing st7735.o(i.ST7735_SetTextColor), (12 bytes).
    Removing st7735.o(i.ST7735_SwapColor), (18 bytes).
    Removing st7735.o(i.ferror), (8 bytes).
    Removing st7735.o(i.fgetc), (6 bytes).
    Removing st7735.o(i.fputc), (16 bytes).
    Removing switch.o(i.Switch_Input), (12 bytes).
    Removing uart.o(i.UART_InUHex), (108 bytes).
    Removing uart.o(i.UART_OutUHex), (52 bytes).

41 unused section(s) (total 3194 bytes) removed from the image.

==============================================================================

Image Symbol Table

    Local Symbols

    Symbol Name                              Value     Ov Type        Size  Object(Section)

    RESET                                    0x00000000   Section      644  startup.o(RESET)
    ../clib/angel/boardlib.s                 0x00000000   Number         0  boardinit1.o ABSOLUTE
    ../clib/angel/boardlib.s                 0x00000000   Number         0  boardinit2.o ABSOLUTE
    ../clib/angel/boardlib.s                 0x00000000   Number         0  boardinit3.o ABSOLUTE
    ../clib/angel/boardlib.s                 0x00000000   Number         0  boardshut.o ABSOLUTE
    ../clib/angel/handlers.s                 0x00000000   Number         0  __scatter_zi.o ABSOLUTE
    ../clib/angel/handlers.s                 0x00000000   Number         0  __scatter_copy.o ABSOLUTE
    ../clib/angel/kernel.s                   0x00000000   Number         0  rtentry4.o ABSOLUTE
    ../clib/angel/kernel.s                   0x00000000   Number         0  rtentry2.o ABSOLUTE
    ../clib/angel/kernel.s                   0x00000000   Number         0  rtentry.o ABSOLUTE
    ../clib/angel/kernel.s                   0x00000000   Number         0  rtexit.o ABSOLUTE
    ../clib/angel/kernel.s                   0x00000000   Number         0  rtexit2.o ABSOLUTE
    ../clib/angel/rt.s                       0x00000000   Number         0  rt_raise.o ABSOLUTE
    ../clib/angel/scatter.s                  0x00000000   Number         0  __scatter.o ABSOLUTE
    ../clib/angel/startup.s                  0x00000000   Number         0  __main.o ABSOLUTE
    ../clib/angel/sys.s                      0x00000000   Number         0  libspace.o ABSOLUTE
    ../clib/angel/sys.s                      0x00000000   Number         0  indicate_semi.o ABSOLUTE
    ../clib/angel/sys.s                      0x00000000   Number         0  sys_stackheap_outer.o ABSOLUTE
    ../clib/angel/sys.s                      0x00000000   Number         0  use_no_semi.o ABSOLUTE
    ../clib/angel/sysapp.c                   0x00000000   Number         0  sys_command.o ABSOLUTE
    ../clib/angel/sysapp.c                   0x00000000   Number         0  sys_exit.o ABSOLUTE
    ../clib/angel/sysapp.c                   0x00000000   Number         0  sys_wrch.o ABSOLUTE
    ../clib/armsys.c                         0x00000000   Number         0  no_argv.o ABSOLUTE
    ../clib/armsys.c                         0x00000000   Number         0  _get_argv_nomalloc.o ABSOLUTE
    ../clib/armsys.c                         0x00000000   Number         0  argv_veneer.o ABSOLUTE
    ../clib/armsys.c                         0x00000000   Number         0  argv_veneer.o ABSOLUTE
    ../clib/heapalloc.c                      0x00000000   Number         0  hrguard.o ABSOLUTE
    ../clib/heapaux.c                        0x00000000   Number         0  heapauxi.o ABSOLUTE
    ../clib/libinit.s                        0x00000000   Number         0  libshutdown.o ABSOLUTE
    ../clib/libinit.s                        0x00000000   Number         0  libinit2.o ABSOLUTE
    ../clib/libinit.s                        0x00000000   Number         0  libshutdown2.o ABSOLUTE
    ../clib/libinit.s                        0x00000000   Number         0  libinit.o ABSOLUTE
    ../clib/memcpset.s                       0x00000000   Number         0  rt_memclr_w.o ABSOLUTE
    ../clib/signal.c                         0x00000000   Number         0  defsig_stak_inner.o ABSOLUTE
    ../clib/signal.c                         0x00000000   Number         0  defsig_rtred_inner.o ABSOLUTE
    ../clib/signal.c                         0x00000000   Number         0  defsig_fpe_inner.o ABSOLUTE
    ../clib/signal.c                         0x00000000   Number         0  defsig_abrt_inner.o ABSOLUTE
    ../clib/signal.c                         0x00000000   Number         0  defsig_general.o ABSOLUTE
    ../clib/signal.c                         0x00000000   Number         0  __raise.o ABSOLUTE
    ../clib/signal.c                         0x00000000   Number         0  defsig_exit.o ABSOLUTE
    ../clib/signal.c                         0x00000000   Number         0  defsig_other.o ABSOLUTE
    ../clib/signal.c                         0x00000000   Number         0  defsig_segv_inner.o ABSOLUTE
    ../clib/signal.c                         0x00000000   Number         0  defsig_cppl_inner.o ABSOLUTE
    ../clib/signal.c                         0x00000000   Number         0  defsig_rtmem_formal.o ABSOLUTE
    ../clib/signal.c                         0x00000000   Number         0  defsig_rtmem_outer.o ABSOLUTE
    ../clib/signal.c                         0x00000000   Number         0  defsig_pvfn_inner.o ABSOLUTE
    ../clib/signal.c                         0x00000000   Number         0  defsig_rtmem_inner.o ABSOLUTE
    ../clib/signal.s                         0x00000000   Number         0  defsig.o ABSOLUTE
    ../clib/stdlib.c                         0x00000000   Number         0  exit.o ABSOLUTE
    ../clib/string.c                         0x00000000   Number         0  strlen.o ABSOLUTE
    ../fplib/fpinit.s                        0x00000000   Number         0  fpinit.o ABSOLUTE
    ADC.c                                    0x00000000   Number         0  adc.o ABSOLUTE
    Lab2.c                                   0x00000000   Number         0  lab2.o ABSOLUTE
    OS.c                                     0x00000000   Number         0  os.o ABSOLUTE
    OSasm.s                                  0x00000000   Number         0  osasm.o ABSOLUTE
    PID_stm32.s                              0x00000000   Number         0  pid_stm32.o ABSOLUTE
    PLL.c                                    0x00000000   Number         0  pll.o ABSOLUTE
    ST7735.c                                 0x00000000   Number         0  st7735.o ABSOLUTE
    Switch.c                                 0x00000000   Number         0  switch.o ABSOLUTE
    UART.c                                   0x00000000   Number         0  uart.o ABSOLUTE
    cr4_fft_64_stm32.s                       0x00000000   Number         0  cr4_fft_64_stm32.o ABSOLUTE
    dc.s                                     0x00000000   Number         0  dc.o ABSOLUTE
    startup.s                                0x00000000   Number         0  startup.o ABSOLUTE
    !!!main                                  0x00000284   Section        8  __main.o(!!!main)
    !!!scatter                               0x0000028c   Section       52  __scatter.o(!!!scatter)
    !!handler_copy                           0x000002c0   Section       26  __scatter_copy.o(!!handler_copy)
    !!handler_zi                             0x000002dc   Section       28  __scatter_zi.o(!!handler_zi)
    .ARM.Collect$$libinit$$00000000          0x000002f8   Section        2  libinit.o(.ARM.Collect$$libinit$$00000000)
    .ARM.Collect$$libinit$$00000002          0x000002fa   Section        0  libinit2.o(.ARM.Collect$$libinit$$00000002)
    .ARM.Collect$$libinit$$00000008          0x000002fa   Section        0  libinit2.o(.ARM.Collect$$libinit$$00000008)
    .ARM.Collect$$libinit$$0000000A          0x000002fa   Section        0  libinit2.o(.ARM.Collect$$libinit$$0000000A)
    .ARM.Collect$$libinit$$0000000C          0x000002fa   Section        0  libinit2.o(.ARM.Collect$$libinit$$0000000C)
    .ARM.Collect$$libinit$$0000000F          0x000002fa   Section        0  libinit2.o(.ARM.Collect$$libinit$$0000000F)
    .ARM.Collect$$libinit$$00000011          0x000002fa   Section        0  libinit2.o(.ARM.Collect$$libinit$$00000011)
    .ARM.Collect$$libinit$$00000013          0x000002fa   Section        0  libinit2.o(.ARM.Collect$$libinit$$00000013)
    .ARM.Collect$$libinit$$00000015          0x000002fa   Section        0  libinit2.o(.ARM.Collect$$libinit$$00000015)
    .ARM.Collect$$libinit$$00000017          0x000002fa   Section        0  libinit2.o(.ARM.Collect$$libinit$$00000017)
    .ARM.Collect$$libinit$$00000019          0x000002fa   Section        0  libinit2.o(.ARM.Collect$$libinit$$00000019)
    .ARM.Collect$$libinit$$0000001B          0x000002fa   Section        0  libinit2.o(.ARM.Collect$$libinit$$0000001B)
    .ARM.Collect$$libinit$$0000001D          0x000002fa   Section        0  libinit2.o(.ARM.Collect$$libinit$$0000001D)
    .ARM.Collect$$libinit$$0000001F          0x000002fa   Section        0  libinit2.o(.ARM.Collect$$libinit$$0000001F)
    .ARM.Collect$$libinit$$00000021          0x000002fa   Section        0  libinit2.o(.ARM.Collect$$libinit$$00000021)
    .ARM.Collect$$libinit$$00000023          0x000002fa   Section        0  libinit2.o(.ARM.Collect$$libinit$$00000023)
    .ARM.Collect$$libinit$$0000002A          0x000002fa   Section        0  libinit2.o(.ARM.Collect$$libinit$$0000002A)
    .ARM.Collect$$libinit$$0000002C          0x000002fa   Section        0  libinit2.o(.ARM.Collect$$libinit$$0000002C)
    .ARM.Collect$$libinit$$0000002E          0x000002fa   Section        0  libinit2.o(.ARM.Collect$$libinit$$0000002E)
    .ARM.Collect$$libinit$$00000030          0x000002fa   Section        0  libinit2.o(.ARM.Collect$$libinit$$00000030)
    .ARM.Collect$$libinit$$00000031          0x000002fa   Section        2  libinit2.o(.ARM.Collect$$libinit$$00000031)
    .ARM.Collect$$libshutdown$$00000000      0x000002fc   Section        2  libshutdown.o(.ARM.Collect$$libshutdown$$00000000)
    .ARM.Collect$$libshutdown$$00000003      0x000002fe   Section        0  libshutdown2.o(.ARM.Collect$$libshutdown$$00000003)
    .ARM.Collect$$libshutdown$$00000006      0x000002fe   Section        0  libshutdown2.o(.ARM.Collect$$libshutdown$$00000006)
    .ARM.Collect$$libshutdown$$00000009      0x000002fe   Section        0  libshutdown2.o(.ARM.Collect$$libshutdown$$00000009)
    .ARM.Collect$$libshutdown$$0000000B      0x000002fe   Section        0  libshutdown2.o(.ARM.Collect$$libshutdown$$0000000B)
    .ARM.Collect$$libshutdown$$0000000E      0x000002fe   Section        0  libshutdown2.o(.ARM.Collect$$libshutdown$$0000000E)
    .ARM.Collect$$libshutdown$$0000000F      0x000002fe   Section        2  libshutdown2.o(.ARM.Collect$$libshutdown$$0000000F)
    .ARM.Collect$$rtentry$$00000000          0x00000300   Section        0  rtentry.o(.ARM.Collect$$rtentry$$00000000)
    .ARM.Collect$$rtentry$$00000002          0x00000300   Section        0  rtentry2.o(.ARM.Collect$$rtentry$$00000002)
    .ARM.Collect$$rtentry$$00000004          0x00000300   Section        6  rtentry4.o(.ARM.Collect$$rtentry$$00000004)
    .ARM.Collect$$rtentry$$00000009          0x00000306   Section        0  rtentry2.o(.ARM.Collect$$rtentry$$00000009)
    .ARM.Collect$$rtentry$$0000000A          0x00000306   Section        4  rtentry2.o(.ARM.Collect$$rtentry$$0000000A)
    .ARM.Collect$$rtentry$$0000000C          0x0000030a   Section        0  rtentry2.o(.ARM.Collect$$rtentry$$0000000C)
    .ARM.Collect$$rtentry$$0000000D          0x0000030a   Section        8  rtentry2.o(.ARM.Collect$$rtentry$$0000000D)
    .ARM.Collect$$rtexit$$00000000           0x00000312   Section        2  rtexit.o(.ARM.Collect$$rtexit$$00000000)
    .ARM.Collect$$rtexit$$00000002           0x00000314   Section        0  rtexit2.o(.ARM.Collect$$rtexit$$00000002)
    .ARM.Collect$$rtexit$$00000003           0x00000314   Section        4  rtexit2.o(.ARM.Collect$$rtexit$$00000003)
    .ARM.Collect$$rtexit$$00000004           0x00000318   Section        6  rtexit2.o(.ARM.Collect$$rtexit$$00000004)
    .text                                    0x00000320   Section       48  startup.o(.text)
    .text                                    0x00000350   Section      152  osasm.o(.text)
    .text                                    0x000003e8   Section      718  cr4_fft_64_stm32.o(.text)
    .text                                    0x000006b8   Section       72  pid_stm32.o(.text)
    .text                                    0x00000700   Section        0  strlen.o(.text)
    .text                                    0x0000073e   Section       78  rt_memclr_w.o(.text)
    .text                                    0x0000078c   Section        0  heapauxi.o(.text)
    .text                                    0x00000792   Section       74  sys_stackheap_outer.o(.text)
    .text                                    0x000007dc   Section        0  exit.o(.text)
    .text                                    0x000007e8   Section        8  libspace.o(.text)
    .text                                    0x000007f0   Section        0  sys_exit.o(.text)
    .text                                    0x000007fc   Section        2  use_no_semi.o(.text)
    .text                                    0x000007fe   Section        0  indicate_semi.o(.text)
    i.ADC0Seq3_Handler                       0x00000800   Section        0  adc.o(i.ADC0Seq3_Handler)
    i.ADC_Collect                            0x00000844   Section        0  adc.o(i.ADC_Collect)
    i.ADC_In                                 0x00000890   Section        0  adc.o(i.ADC_In)
    i.ADC_Init                               0x0000089c   Section        0  adc.o(i.ADC_Init)
    i.ADC_Open                               0x00000984   Section        0  adc.o(i.ADC_Open)
    i.ButtonWork                             0x00000cf0   Section        0  lab2.o(i.ButtonWork)
    i.Consumer                               0x00000db4   Section        0  lab2.o(i.Consumer)
    i.DebounceTask                           0x00000e48   Section        0  switch.o(i.DebounceTask)
    i.Delay1ms                               0x00000e88   Section        0  st7735.o(i.Delay1ms)
    i.Display                                0x00000ea8   Section        0  lab2.o(i.Display)
    i.GPIOArm                                0x00000f14   Section        0  switch.o(i.GPIOArm)
    GPIOArm                                  0x00000f15   Thumb Code    48  switch.o(i.GPIOArm)
    i.GPIOPortF_Handler                      0x00000f50   Section        0  switch.o(i.GPIOPortF_Handler)
    i.Interpreter                            0x00000f98   Section        0  lab2.o(i.Interpreter)
    i.LCD_test                               0x000010f8   Section        0  lab2.o(i.LCD_test)
    i.OS_AddPeriodicThread                   0x00001114   Section        0  os.o(i.OS_AddPeriodicThread)
    i.OS_AddSW1Task                          0x00001194   Section        0  os.o(i.OS_AddSW1Task)
    i.OS_AddThread                           0x000011b4   Section        0  os.o(i.OS_AddThread)
    i.OS_ClearMsTime                         0x00001234   Section        0  os.o(i.OS_ClearMsTime)
    i.OS_Fifo_Get                            0x00001240   Section        0  os.o(i.OS_Fifo_Get)
    i.OS_Fifo_Init                           0x00001290   Section        0  os.o(i.OS_Fifo_Init)
    i.OS_Fifo_Put                            0x000012c0   Section        0  os.o(i.OS_Fifo_Put)
    i.OS_Id                                  0x00001320   Section        0  os.o(i.OS_Id)
    i.OS_Init                                0x00001330   Section        0  os.o(i.OS_Init)
    i.OS_InitSemaphore                       0x000013d4   Section        0  os.o(i.OS_InitSemaphore)
    i.OS_Kill                                0x000013d8   Section        0  os.o(i.OS_Kill)
    i.OS_Launch                              0x0000140c   Section        0  os.o(i.OS_Launch)
    i.OS_MailBox_Init                        0x00001438   Section        0  os.o(i.OS_MailBox_Init)
    i.OS_MailBox_Recv                        0x00001458   Section        0  os.o(i.OS_MailBox_Recv)
    i.OS_MailBox_Send                        0x0000147c   Section        0  os.o(i.OS_MailBox_Send)
    i.OS_MsTime                              0x000014a0   Section        0  os.o(i.OS_MsTime)
    i.OS_ReadPeriodicTime                    0x000014b4   Section        0  os.o(i.OS_ReadPeriodicTime)
    i.OS_Signal                              0x000014c0   Section        0  os.o(i.OS_Signal)
    i.OS_Sleep                               0x000014d8   Section        0  os.o(i.OS_Sleep)
    i.OS_Suspend                             0x00001510   Section        0  os.o(i.OS_Suspend)
    i.OS_Wait                                0x00001520   Section        0  os.o(i.OS_Wait)
    i.OS_bSignal                             0x00001544   Section        0  os.o(i.OS_bSignal)
    i.OS_bWait                               0x00001556   Section        0  os.o(i.OS_bWait)
    i.OutCRLF                                0x00001578   Section        0  lab2.o(i.OutCRLF)
    i.PID                                    0x00001588   Section        0  lab2.o(i.PID)
    i.PLL_Init                               0x00001604   Section        0  pll.o(i.PLL_Init)
    i.PortE_Init                             0x00001680   Section        0  lab2.o(i.PortE_Init)
    i.Producer                               0x000016f4   Section        0  lab2.o(i.Producer)
    i.RxFifo_Get                             0x00001728   Section        0  uart.o(i.RxFifo_Get)
    i.RxFifo_Init                            0x00001764   Section        0  uart.o(i.RxFifo_Init)
    i.RxFifo_Put                             0x00001788   Section        0  uart.o(i.RxFifo_Put)
    i.RxFifo_Size                            0x000017c4   Section        0  uart.o(i.RxFifo_Size)
    i.ST7735_DrawCharS                       0x000017dc   Section        0  st7735.o(i.ST7735_DrawCharS)
    i.ST7735_DrawPixel                       0x000018d0   Section        0  st7735.o(i.ST7735_DrawPixel)
    i.ST7735_DrawString                      0x00001918   Section        0  st7735.o(i.ST7735_DrawString)
    i.ST7735_FillRect                        0x00001970   Section        0  st7735.o(i.ST7735_FillRect)
    i.ST7735_FillScreen                      0x00001a1c   Section        0  st7735.o(i.ST7735_FillScreen)
    i.ST7735_InitR                           0x00001a40   Section        0  st7735.o(i.ST7735_InitR)
    i.ST7735_Message                         0x00001ac8   Section        0  st7735.o(i.ST7735_Message)
    i.ST7735_OutUDec                         0x00001b50   Section        0  st7735.o(i.ST7735_OutUDec)
    i.ST7735_SetCursor                       0x00001bdc   Section        0  st7735.o(i.ST7735_SetCursor)
    i.SW1Push                                0x00001bfc   Section        0  lab2.o(i.SW1Push)
    i.SetInitialStack                        0x00001c2c   Section        0  os.o(i.SetInitialStack)
    i.Switch_Init                            0x00001cd4   Section        0  switch.o(i.Switch_Init)
    i.Timer1A_Handler                        0x00001da4   Section        0  os.o(i.Timer1A_Handler)
    i.Timer1A_Init                           0x00001e34   Section        0  os.o(i.Timer1A_Init)
    Timer1A_Init                             0x00001e35   Thumb Code   106  os.o(i.Timer1A_Init)
    i.Timer2A_Handler                        0x00001eb4   Section        0  os.o(i.Timer2A_Handler)
    i.Timer2_Init                            0x00001ed0   Section        0  os.o(i.Timer2_Init)
    i.TxFifo_Get                             0x00001f28   Section        0  uart.o(i.TxFifo_Get)
    i.TxFifo_Init                            0x00001f64   Section        0  uart.o(i.TxFifo_Init)
    i.TxFifo_Put                             0x00001f88   Section        0  uart.o(i.TxFifo_Put)
    i.TxFifo_Size                            0x00001fc4   Section        0  uart.o(i.TxFifo_Size)
    i.UART0_Handler                          0x00001fdc   Section        0  uart.o(i.UART0_Handler)
    i.UART_InChar                            0x00002034   Section        0  uart.o(i.UART_InChar)
    i.UART_InString                          0x00002050   Section        0  uart.o(i.UART_InString)
    i.UART_InUDec                            0x00002096   Section        0  uart.o(i.UART_InUDec)
    i.UART_Init                              0x000020e4   Section        0  uart.o(i.UART_Init)
    i.UART_OutChar                           0x000021b8   Section        0  uart.o(i.UART_OutChar)
    i.UART_OutString                         0x000021f0   Section        0  uart.o(i.UART_OutString)
    i.UART_OutUDec                           0x00002208   Section        0  uart.o(i.UART_OutUDec)
    i.addThreadToScheduler                   0x00002234   Section        0  os.o(i.addThreadToScheduler)
    addThreadToScheduler                     0x00002235   Thumb Code    88  os.o(i.addThreadToScheduler)
    i.commandList                            0x00002298   Section        0  st7735.o(i.commandList)
    commandList                              0x00002299   Thumb Code    86  st7735.o(i.commandList)
    i.commonInit                             0x000022f0   Section        0  st7735.o(i.commonInit)
    commonInit                               0x000022f1   Thumb Code   340  st7735.o(i.commonInit)
    i.copyHardwareToSoftware                 0x00002474   Section        0  uart.o(i.copyHardwareToSoftware)
    copyHardwareToSoftware                   0x00002475   Thumb Code    42  uart.o(i.copyHardwareToSoftware)
    i.copySoftwareToHardware                 0x000024a8   Section        0  uart.o(i.copySoftwareToHardware)
    copySoftwareToHardware                   0x000024a9   Thumb Code    44  uart.o(i.copySoftwareToHardware)
    i.dummy                                  0x000024dc   Section        0  lab2.o(i.dummy)
    i.fillmessage                            0x000024e0   Section        0  st7735.o(i.fillmessage)
    i.main                                   0x00002528   Section        0  lab2.o(i.main)
    i.pushColor                              0x000025d0   Section        0  st7735.o(i.pushColor)
    pushColor                                0x000025d1   Thumb Code    18  st7735.o(i.pushColor)
    i.setAddrWindow                          0x000025e4   Section        0  st7735.o(i.setAddrWindow)
    setAddrWindow                            0x000025e5   Thumb Code   106  st7735.o(i.setAddrWindow)
    i.threadRemover                          0x00002658   Section        0  os.o(i.threadRemover)
    threadRemover                            0x00002659   Thumb Code   204  os.o(i.threadRemover)
    i.traverseSleep                          0x00002738   Section        0  os.o(i.traverseSleep)
    i.wakeUpThread                           0x00002774   Section        0  os.o(i.wakeUpThread)
    wakeUpThread                             0x00002775   Thumb Code   188  os.o(i.wakeUpThread)
    i.writecommand                           0x00002840   Section        0  st7735.o(i.writecommand)
    writecommand                             0x00002841   Thumb Code    40  st7735.o(i.writecommand)
    i.writedata                              0x00002870   Section        0  st7735.o(i.writedata)
    writedata                                0x00002871   Thumb Code    24  st7735.o(i.writedata)
    .constdata                               0x00002890   Section     2018  st7735.o(.constdata)
    Font                                     0x00002890   Data        1275  st7735.o(.constdata)
    Bcmd                                     0x00002d8b   Data         103  st7735.o(.constdata)
    Rcmd1                                    0x00002df2   Data          59  st7735.o(.constdata)
    Rcmd2green                               0x00002e2d   Data          13  st7735.o(.constdata)
    Rcmd2red                                 0x00002e3a   Data          13  st7735.o(.constdata)
    Rcmd3                                    0x00002e47   Data          43  st7735.o(.constdata)
    .data                                    0x20000000   Section      136  os.o(.data)
    alreadyEnabled                           0x20000016   Data           1  os.o(.data)
    LastTime                                 0x20000018   Data           4  os.o(.data)
    LastTime                                 0x2000001c   Data           4  os.o(.data)
    task1Period                              0x20000040   Data           4  os.o(.data)
    task2Period                              0x20000044   Data           4  os.o(.data)
    task3Period                              0x20000048   Data           4  os.o(.data)
    .data                                    0x20000088   Section       44  lab2.o(.data)
    n                                        0x2000008c   Data           4  lab2.o(.data)
    .data                                    0x200000b4   Section       20  adc.o(.data)
    currentChannel                           0x200000b4   Data           4  adc.o(.data)
    .data                                    0x200000c8   Section       48  st7735.o(.data)
    _width                                   0x200000d2   Data           2  st7735.o(.data)
    _height                                  0x200000d4   Data           2  st7735.o(.data)
    ColStart                                 0x200000dc   Data           1  st7735.o(.data)
    RowStart                                 0x200000dd   Data           1  st7735.o(.data)
    Rotation                                 0x200000de   Data           1  st7735.o(.data)
    TabColor                                 0x200000df   Data           1  st7735.o(.data)
    .data                                    0x200000f8   Section       21  switch.o(.data)
    Touch                                    0x200000f8   Data           4  switch.o(.data)
    Release                                  0x200000fc   Data           4  switch.o(.data)
    Last                                     0x20000100   Data           4  switch.o(.data)
    taskPriority                             0x2000010c   Data           1  switch.o(.data)
    .data                                    0x20000110   Section       24  uart.o(.data)
    .bss                                     0x20000128   Section     5872  os.o(.bss)
    .bss                                     0x20001818   Section      816  lab2.o(.bss)
    x                                        0x20001918   Data          24  lab2.o(.bss)
    y                                        0x20001930   Data          24  lab2.o(.bss)
    .bss                                     0x20001b48   Section       12  st7735.o(.bss)
    .bss                                     0x20001b54   Section       32  uart.o(.bss)
    RxFifo                                   0x20001b54   Data          16  uart.o(.bss)
    TxFifo                                   0x20001b64   Data          16  uart.o(.bss)
    .bss                                     0x20001b74   Section       96  libspace.o(.bss)
    HEAP                                     0x20001bd8   Section        0  startup.o(HEAP)
    STACK                                    0x20001bd8   Section     1024  startup.o(STACK)
    HeapMem                                  0x20001bd8   Data           0  startup.o(HEAP)
    StackMem                                 0x20001bd8   Data           0  startup.o(STACK)

    Global Symbols

    Symbol Name                              Value     Ov Type        Size  Object(Section)

    BuildAttributes$$THM_ISAv4$E$P$D$K$B$S$7EM$PE$A:L22UL41UL21$X:L11$S22US41US21$IEEE1$IW$USESV6$~STKCKD$USESV7$~SHL$OSPACE$ROPI$EBA8$UX$STANDARDLIB$REQ8$PRES8$EABIv2 0x00000000   Number         0  anon$$obj.o ABSOLUTE
    __ARM_use_no_argv                        0x00000000   Number         0  lab2.o ABSOLUTE
    __Vectors                                0x00000000   Data           0  startup.o(RESET)
    __ARM_exceptions_init                     - Undefined Weak Reference
    __alloca_initialize                       - Undefined Weak Reference
    __cpp_initialize__aeabi_                  - Undefined Weak Reference
    __cxa_finalize                            - Undefined Weak Reference
    __rt_locale                               - Undefined Weak Reference
    __sigvec_lookup                           - Undefined Weak Reference
    _atexit_init                              - Undefined Weak Reference
    _call_atexit_fns                          - Undefined Weak Reference
    _clock_init                               - Undefined Weak Reference
    _fp_trap_init                             - Undefined Weak Reference
    _fp_trap_shutdown                         - Undefined Weak Reference
    _get_lc_collate                           - Undefined Weak Reference
    _get_lc_ctype                             - Undefined Weak Reference
    _get_lc_monetary                          - Undefined Weak Reference
    _get_lc_numeric                           - Undefined Weak Reference
    _get_lc_time                              - Undefined Weak Reference
    _getenv_init                              - Undefined Weak Reference
    _handle_redirection                       - Undefined Weak Reference
    _init_alloc                               - Undefined Weak Reference
    _init_user_alloc                          - Undefined Weak Reference
    _initio                                   - Undefined Weak Reference
    _rand_init                                - Undefined Weak Reference
    _signal_finish                            - Undefined Weak Reference
    _signal_init                              - Undefined Weak Reference
    _terminate_alloc                          - Undefined Weak Reference
    _terminate_user_alloc                     - Undefined Weak Reference
    _terminateio                              - Undefined Weak Reference
    Reset_Handler                            0x0000026d   Thumb Code     0  startup.o(RESET)
    NMI_Handler                              0x00000271   Thumb Code     2  startup.o(RESET)
    HardFault_Handler                        0x00000273   Thumb Code     2  startup.o(RESET)
    MemManage_Handler                        0x00000275   Thumb Code     2  startup.o(RESET)
    BusFault_Handler                         0x00000277   Thumb Code     2  startup.o(RESET)
    UsageFault_Handler                       0x00000279   Thumb Code     2  startup.o(RESET)
    SVC_Handler                              0x0000027b   Thumb Code     2  startup.o(RESET)
    DebugMon_Handler                         0x0000027d   Thumb Code     2  startup.o(RESET)
    ADC0Seq0_Handler                         0x00000283   Thumb Code     0  startup.o(RESET)
    ADC0Seq1_Handler                         0x00000283   Thumb Code     0  startup.o(RESET)
    ADC0Seq2_Handler                         0x00000283   Thumb Code     0  startup.o(RESET)
    ADC1Seq0_Handler                         0x00000283   Thumb Code     0  startup.o(RESET)
    ADC1Seq1_Handler                         0x00000283   Thumb Code     0  startup.o(RESET)
    ADC1Seq2_Handler                         0x00000283   Thumb Code     0  startup.o(RESET)
    ADC1Seq3_Handler                         0x00000283   Thumb Code     0  startup.o(RESET)
    CAN0_Handler                             0x00000283   Thumb Code     0  startup.o(RESET)
    CAN1_Handler                             0x00000283   Thumb Code     0  startup.o(RESET)
    CAN2_Handler                             0x00000283   Thumb Code     0  startup.o(RESET)
    Comp0_Handler                            0x00000283   Thumb Code     0  startup.o(RESET)
    Comp1_Handler                            0x00000283   Thumb Code     0  startup.o(RESET)
    Comp2_Handler                            0x00000283   Thumb Code     0  startup.o(RESET)
    Ethernet_Handler                         0x00000283   Thumb Code     0  startup.o(RESET)
    ExtBus_Handler                           0x00000283   Thumb Code     0  startup.o(RESET)
    FPU_Handler                              0x00000283   Thumb Code     0  startup.o(RESET)
    Fan0_Handler                             0x00000283   Thumb Code     0  startup.o(RESET)
    FlashCtl_Handler                         0x00000283   Thumb Code     0  startup.o(RESET)
    GPIOPortA_Handler                        0x00000283   Thumb Code     0  startup.o(RESET)
    GPIOPortB_Handler                        0x00000283   Thumb Code     0  startup.o(RESET)
    GPIOPortC_Handler                        0x00000283   Thumb Code     0  startup.o(RESET)
    GPIOPortD_Handler                        0x00000283   Thumb Code     0  startup.o(RESET)
    GPIOPortE_Handler                        0x00000283   Thumb Code     0  startup.o(RESET)
    GPIOPortG_Handler                        0x00000283   Thumb Code     0  startup.o(RESET)
    GPIOPortH_Handler                        0x00000283   Thumb Code     0  startup.o(RESET)
    GPIOPortJ_Handler                        0x00000283   Thumb Code     0  startup.o(RESET)
    GPIOPortK_Handler                        0x00000283   Thumb Code     0  startup.o(RESET)
    GPIOPortL_Handler                        0x00000283   Thumb Code     0  startup.o(RESET)
    GPIOPortM_Handler                        0x00000283   Thumb Code     0  startup.o(RESET)
    GPIOPortN_Handler                        0x00000283   Thumb Code     0  startup.o(RESET)
    GPIOPortP1_Handler                       0x00000283   Thumb Code     0  startup.o(RESET)
    GPIOPortP2_Handler                       0x00000283   Thumb Code     0  startup.o(RESET)
    GPIOPortP3_Handler                       0x00000283   Thumb Code     0  startup.o(RESET)
    GPIOPortP4_Handler                       0x00000283   Thumb Code     0  startup.o(RESET)
    GPIOPortP5_Handler                       0x00000283   Thumb Code     0  startup.o(RESET)
    GPIOPortP6_Handler                       0x00000283   Thumb Code     0  startup.o(RESET)
    GPIOPortP7_Handler                       0x00000283   Thumb Code     0  startup.o(RESET)
    GPIOPortP_Handler                        0x00000283   Thumb Code     0  startup.o(RESET)
    GPIOPortQ1_Handler                       0x00000283   Thumb Code     0  startup.o(RESET)
    GPIOPortQ2_Handler                       0x00000283   Thumb Code     0  startup.o(RESET)
    GPIOPortQ3_Handler                       0x00000283   Thumb Code     0  startup.o(RESET)
    GPIOPortQ4_Handler                       0x00000283   Thumb Code     0  startup.o(RESET)
    GPIOPortQ5_Handler                       0x00000283   Thumb Code     0  startup.o(RESET)
    GPIOPortQ6_Handler                       0x00000283   Thumb Code     0  startup.o(RESET)
    GPIOPortQ7_Handler                       0x00000283   Thumb Code     0  startup.o(RESET)
    GPIOPortQ_Handler                        0x00000283   Thumb Code     0  startup.o(RESET)
    GPIOPortR_Handler                        0x00000283   Thumb Code     0  startup.o(RESET)
    GPIOPortS_Handler                        0x00000283   Thumb Code     0  startup.o(RESET)
    Hibernate_Handler                        0x00000283   Thumb Code     0  startup.o(RESET)
    I2C0_Handler                             0x00000283   Thumb Code     0  startup.o(RESET)
    I2C1_Handler                             0x00000283   Thumb Code     0  startup.o(RESET)
    I2C2_Handler                             0x00000283   Thumb Code     0  startup.o(RESET)
    I2C3_Handler                             0x00000283   Thumb Code     0  startup.o(RESET)
    I2C4_Handler                             0x00000283   Thumb Code     0  startup.o(RESET)
    I2C5_Handler                             0x00000283   Thumb Code     0  startup.o(RESET)
    I2S0_Handler                             0x00000283   Thumb Code     0  startup.o(RESET)
    LPC0_Handler                             0x00000283   Thumb Code     0  startup.o(RESET)
    PECI0_Handler                            0x00000283   Thumb Code     0  startup.o(RESET)
    PWM0Fault_Handler                        0x00000283   Thumb Code     0  startup.o(RESET)
    PWM0Generator0_Handler                   0x00000283   Thumb Code     0  startup.o(RESET)
    PWM0Generator1_Handler                   0x00000283   Thumb Code     0  startup.o(RESET)
    PWM0Generator2_Handler                   0x00000283   Thumb Code     0  startup.o(RESET)
    PWM0Generator3_Handler                   0x00000283   Thumb Code     0  startup.o(RESET)
    PWM1Fault_Handler                        0x00000283   Thumb Code     0  startup.o(RESET)
    PWM1Generator0_Handler                   0x00000283   Thumb Code     0  startup.o(RESET)
    PWM1Generator1_Handler                   0x00000283   Thumb Code     0  startup.o(RESET)
    PWM1Generator2_Handler                   0x00000283   Thumb Code     0  startup.o(RESET)
    PWM1Generator3_Handler                   0x00000283   Thumb Code     0  startup.o(RESET)
    Quadrature0_Handler                      0x00000283   Thumb Code     0  startup.o(RESET)
    Quadrature1_Handler                      0x00000283   Thumb Code     0  startup.o(RESET)
    Quadrature2_Handler                      0x00000283   Thumb Code     0  startup.o(RESET)
    SSI0_Handler                             0x00000283   Thumb Code     0  startup.o(RESET)
    SSI1_Handler                             0x00000283   Thumb Code     0  startup.o(RESET)
    SSI2_Handler                             0x00000283   Thumb Code     0  startup.o(RESET)
    SSI3_Handler                             0x00000283   Thumb Code     0  startup.o(RESET)
    SysCtl_Handler                           0x00000283   Thumb Code     0  startup.o(RESET)
    Timer0A_Handler                          0x00000283   Thumb Code     0  startup.o(RESET)
    Timer0B_Handler                          0x00000283   Thumb Code     0  startup.o(RESET)
    Timer1B_Handler                          0x00000283   Thumb Code     0  startup.o(RESET)
    Timer2B_Handler                          0x00000283   Thumb Code     0  startup.o(RESET)
    Timer3A_Handler                          0x00000283   Thumb Code     0  startup.o(RESET)
    Timer3B_Handler                          0x00000283   Thumb Code     0  startup.o(RESET)
    Timer4A_Handler                          0x00000283   Thumb Code     0  startup.o(RESET)
    Timer4B_Handler                          0x00000283   Thumb Code     0  startup.o(RESET)
    Timer5A_Handler                          0x00000283   Thumb Code     0  startup.o(RESET)
    Timer5B_Handler                          0x00000283   Thumb Code     0  startup.o(RESET)
    UART1_Handler                            0x00000283   Thumb Code     0  startup.o(RESET)
    UART2_Handler                            0x00000283   Thumb Code     0  startup.o(RESET)
    UART3_Handler                            0x00000283   Thumb Code     0  startup.o(RESET)
    UART4_Handler                            0x00000283   Thumb Code     0  startup.o(RESET)
    UART5_Handler                            0x00000283   Thumb Code     0  startup.o(RESET)
    UART6_Handler                            0x00000283   Thumb Code     0  startup.o(RESET)
    UART7_Handler                            0x00000283   Thumb Code     0  startup.o(RESET)
    USB0_Handler                             0x00000283   Thumb Code     0  startup.o(RESET)
    WDT_Handler                              0x00000283   Thumb Code     0  startup.o(RESET)
    WideTimer0A_Handler                      0x00000283   Thumb Code     0  startup.o(RESET)
    WideTimer0B_Handler                      0x00000283   Thumb Code     0  startup.o(RESET)
    WideTimer1A_Handler                      0x00000283   Thumb Code     0  startup.o(RESET)
    WideTimer1B_Handler                      0x00000283   Thumb Code     0  startup.o(RESET)
    WideTimer2A_Handler                      0x00000283   Thumb Code     0  startup.o(RESET)
    WideTimer2B_Handler                      0x00000283   Thumb Code     0  startup.o(RESET)
    WideTimer3A_Handler                      0x00000283   Thumb Code     0  startup.o(RESET)
    WideTimer3B_Handler                      0x00000283   Thumb Code     0  startup.o(RESET)
    WideTimer4A_Handler                      0x00000283   Thumb Code     0  startup.o(RESET)
    WideTimer4B_Handler                      0x00000283   Thumb Code     0  startup.o(RESET)
    WideTimer5A_Handler                      0x00000283   Thumb Code     0  startup.o(RESET)
    WideTimer5B_Handler                      0x00000283   Thumb Code     0  startup.o(RESET)
    uDMA_Error                               0x00000283   Thumb Code     0  startup.o(RESET)
    uDMA_Handler                             0x00000283   Thumb Code     0  startup.o(RESET)
    __main                                   0x00000285   Thumb Code     8  __main.o(!!!main)
    __scatterload                            0x0000028d   Thumb Code     0  __scatter.o(!!!scatter)
    __scatterload_rt2                        0x0000028d   Thumb Code    44  __scatter.o(!!!scatter)
    __scatterload_rt2_thumb_only             0x0000028d   Thumb Code     0  __scatter.o(!!!scatter)
    __scatterload_null                       0x0000029b   Thumb Code     0  __scatter.o(!!!scatter)
    __scatterload_copy                       0x000002c1   Thumb Code    26  __scatter_copy.o(!!handler_copy)
    __scatterload_zeroinit                   0x000002dd   Thumb Code    28  __scatter_zi.o(!!handler_zi)
    __rt_lib_init                            0x000002f9   Thumb Code     0  libinit.o(.ARM.Collect$$libinit$$00000000)
    __rt_lib_init_alloca_1                   0x000002fb   Thumb Code     0  libinit2.o(.ARM.Collect$$libinit$$0000002C)
    __rt_lib_init_argv_1                     0x000002fb   Thumb Code     0  libinit2.o(.ARM.Collect$$libinit$$0000002A)
    __rt_lib_init_atexit_1                   0x000002fb   Thumb Code     0  libinit2.o(.ARM.Collect$$libinit$$00000019)
    __rt_lib_init_clock_1                    0x000002fb   Thumb Code     0  libinit2.o(.ARM.Collect$$libinit$$0000001F)
    __rt_lib_init_cpp_1                      0x000002fb   Thumb Code     0  libinit2.o(.ARM.Collect$$libinit$$00000030)
    __rt_lib_init_exceptions_1               0x000002fb   Thumb Code     0  libinit2.o(.ARM.Collect$$libinit$$0000002E)
    __rt_lib_init_fp_1                       0x000002fb   Thumb Code     0  libinit2.o(.ARM.Collect$$libinit$$00000002)
    __rt_lib_init_fp_trap_1                  0x000002fb   Thumb Code     0  libinit2.o(.ARM.Collect$$libinit$$0000001D)
    __rt_lib_init_getenv_1                   0x000002fb   Thumb Code     0  libinit2.o(.ARM.Collect$$libinit$$00000021)
    __rt_lib_init_heap_1                     0x000002fb   Thumb Code     0  libinit2.o(.ARM.Collect$$libinit$$00000008)
    __rt_lib_init_lc_collate_1               0x000002fb   Thumb Code     0  libinit2.o(.ARM.Collect$$libinit$$0000000F)
    __rt_lib_init_lc_ctype_1                 0x000002fb   Thumb Code     0  libinit2.o(.ARM.Collect$$libinit$$00000011)
    __rt_lib_init_lc_monetary_1              0x000002fb   Thumb Code     0  libinit2.o(.ARM.Collect$$libinit$$00000013)
    __rt_lib_init_lc_numeric_1               0x000002fb   Thumb Code     0  libinit2.o(.ARM.Collect$$libinit$$00000015)
    __rt_lib_init_lc_time_1                  0x000002fb   Thumb Code     0  libinit2.o(.ARM.Collect$$libinit$$00000017)
    __rt_lib_init_rand_1                     0x000002fb   Thumb Code     0  libinit2.o(.ARM.Collect$$libinit$$0000000C)
    __rt_lib_init_return                     0x000002fb   Thumb Code     0  libinit2.o(.ARM.Collect$$libinit$$00000031)
    __rt_lib_init_signal_1                   0x000002fb   Thumb Code     0  libinit2.o(.ARM.Collect$$libinit$$0000001B)
    __rt_lib_init_stdio_1                    0x000002fb   Thumb Code     0  libinit2.o(.ARM.Collect$$libinit$$00000023)
    __rt_lib_init_user_alloc_1               0x000002fb   Thumb Code     0  libinit2.o(.ARM.Collect$$libinit$$0000000A)
    __rt_lib_shutdown                        0x000002fd   Thumb Code     0  libshutdown.o(.ARM.Collect$$libshutdown$$00000000)
    __rt_lib_shutdown_fp_trap_1              0x000002ff   Thumb Code     0  libshutdown2.o(.ARM.Collect$$libshutdown$$00000006)
    __rt_lib_shutdown_heap_1                 0x000002ff   Thumb Code     0  libshutdown2.o(.ARM.Collect$$libshutdown$$0000000E)
    __rt_lib_shutdown_return                 0x000002ff   Thumb Code     0  libshutdown2.o(.ARM.Collect$$libshutdown$$0000000F)
    __rt_lib_shutdown_signal_1               0x000002ff   Thumb Code     0  libshutdown2.o(.ARM.Collect$$libshutdown$$00000009)
    __rt_lib_shutdown_stdio_1                0x000002ff   Thumb Code     0  libshutdown2.o(.ARM.Collect$$libshutdown$$00000003)
    __rt_lib_shutdown_user_alloc_1           0x000002ff   Thumb Code     0  libshutdown2.o(.ARM.Collect$$libshutdown$$0000000B)
    __rt_entry                               0x00000301   Thumb Code     0  rtentry.o(.ARM.Collect$$rtentry$$00000000)
    __rt_entry_presh_1                       0x00000301   Thumb Code     0  rtentry2.o(.ARM.Collect$$rtentry$$00000002)
    __rt_entry_sh                            0x00000301   Thumb Code     0  rtentry4.o(.ARM.Collect$$rtentry$$00000004)
    __rt_entry_li                            0x00000307   Thumb Code     0  rtentry2.o(.ARM.Collect$$rtentry$$0000000A)
    __rt_entry_postsh_1                      0x00000307   Thumb Code     0  rtentry2.o(.ARM.Collect$$rtentry$$00000009)
    __rt_entry_main                          0x0000030b   Thumb Code     0  rtentry2.o(.ARM.Collect$$rtentry$$0000000D)
    __rt_entry_postli_1                      0x0000030b   Thumb Code     0  rtentry2.o(.ARM.Collect$$rtentry$$0000000C)
    __rt_exit                                0x00000313   Thumb Code     0  rtexit.o(.ARM.Collect$$rtexit$$00000000)
    __rt_exit_ls                             0x00000315   Thumb Code     0  rtexit2.o(.ARM.Collect$$rtexit$$00000003)
    __rt_exit_prels_1                        0x00000315   Thumb Code     0  rtexit2.o(.ARM.Collect$$rtexit$$00000002)
    __rt_exit_exit                           0x00000319   Thumb Code     0  rtexit2.o(.ARM.Collect$$rtexit$$00000004)
    DisableInterrupts                        0x00000321   Thumb Code     0  startup.o(.text)
    EnableInterrupts                         0x00000325   Thumb Code     0  startup.o(.text)
    StartCritical                            0x00000329   Thumb Code     0  startup.o(.text)
    EndCritical                              0x00000331   Thumb Code     0  startup.o(.text)
    WaitForInterrupt                         0x00000337   Thumb Code     0  startup.o(.text)
    __user_initial_stackheap                 0x0000033b   Thumb Code     0  startup.o(.text)
    OS_DisableInterrupts                     0x00000351   Thumb Code     0  osasm.o(.text)
    OS_EnableInterrupts                      0x00000355   Thumb Code     0  osasm.o(.text)
    StartOS                                  0x00000359   Thumb Code     0  osasm.o(.text)
    PendSV_Handler                           0x00000379   Thumb Code     0  osasm.o(.text)
    SysTick_Handler                          0x000003b3   Thumb Code     0  osasm.o(.text)
    cr4_fft_64_stm32                         0x000003e9   Thumb Code     0  cr4_fft_64_stm32.o(.text)
    PID_stm32                                0x000006b9   Thumb Code     0  pid_stm32.o(.text)
    strlen                                   0x00000701   Thumb Code    62  strlen.o(.text)
    __aeabi_memclr4                          0x0000073f   Thumb Code     0  rt_memclr_w.o(.text)
    __aeabi_memclr8                          0x0000073f   Thumb Code     0  rt_memclr_w.o(.text)
    __rt_memclr_w                            0x0000073f   Thumb Code    78  rt_memclr_w.o(.text)
    _memset_w                                0x00000743   Thumb Code     0  rt_memclr_w.o(.text)
    __use_two_region_memory                  0x0000078d   Thumb Code     2  heapauxi.o(.text)
    __rt_heap_escrow$2region                 0x0000078f   Thumb Code     2  heapauxi.o(.text)
    __rt_heap_expand$2region                 0x00000791   Thumb Code     2  heapauxi.o(.text)
    __user_setup_stackheap                   0x00000793   Thumb Code    74  sys_stackheap_outer.o(.text)
    exit                                     0x000007dd   Thumb Code    12  exit.o(.text)
    __user_libspace                          0x000007e9   Thumb Code     8  libspace.o(.text)
    __user_perproc_libspace                  0x000007e9   Thumb Code     0  libspace.o(.text)
    __user_perthread_libspace                0x000007e9   Thumb Code     0  libspace.o(.text)
    _sys_exit                                0x000007f1   Thumb Code     8  sys_exit.o(.text)
    __I$use$semihosting                      0x000007fd   Thumb Code     0  use_no_semi.o(.text)
    __use_no_semihosting_swi                 0x000007fd   Thumb Code     2  use_no_semi.o(.text)
    __semihosting_library_function           0x000007ff   Thumb Code     0  indicate_semi.o(.text)
    ADC0Seq3_Handler                         0x00000801   Thumb Code    42  adc.o(i.ADC0Seq3_Handler)
    ADC_Collect                              0x00000845   Thumb Code    64  adc.o(i.ADC_Collect)
    ADC_In                                   0x00000891   Thumb Code     8  adc.o(i.ADC_In)
    ADC_Init                                 0x0000089d   Thumb Code   194  adc.o(i.ADC_Init)
    ADC_Open                                 0x00000985   Thumb Code   840  adc.o(i.ADC_Open)
    ButtonWork                               0x00000cf1   Thumb Code   112  lab2.o(i.ButtonWork)
    Consumer                                 0x00000db5   Thumb Code   118  lab2.o(i.Consumer)
    DebounceTask                             0x00000e49   Thumb Code    50  switch.o(i.DebounceTask)
    Delay1ms                                 0x00000e89   Thumb Code    32  st7735.o(i.Delay1ms)
    Display                                  0x00000ea9   Thumb Code    76  lab2.o(i.Display)
    GPIOPortF_Handler                        0x00000f51   Thumb Code    46  switch.o(i.GPIOPortF_Handler)
    Interpreter                              0x00000f99   Thumb Code   200  lab2.o(i.Interpreter)
    LCD_test                                 0x000010f9   Thumb Code    28  lab2.o(i.LCD_test)
    OS_AddPeriodicThread                     0x00001115   Thumb Code    96  os.o(i.OS_AddPeriodicThread)
    OS_AddSW1Task                            0x00001195   Thumb Code    28  os.o(i.OS_AddSW1Task)
    OS_AddThread                             0x000011b5   Thumb Code   118  os.o(i.OS_AddThread)
    OS_ClearMsTime                           0x00001235   Thumb Code     8  os.o(i.OS_ClearMsTime)
    OS_Fifo_Get                              0x00001241   Thumb Code    58  os.o(i.OS_Fifo_Get)
    OS_Fifo_Init                             0x00001291   Thumb Code    32  os.o(i.OS_Fifo_Init)
    OS_Fifo_Put                              0x000012c1   Thumb Code    76  os.o(i.OS_Fifo_Put)
    OS_Id                                    0x00001321   Thumb Code    10  os.o(i.OS_Id)
    OS_Init                                  0x00001331   Thumb Code   130  os.o(i.OS_Init)
    OS_InitSemaphore                         0x000013d5   Thumb Code     4  os.o(i.OS_InitSemaphore)
    OS_Kill                                  0x000013d9   Thumb Code    40  os.o(i.OS_Kill)
    OS_Launch                                0x0000140d   Thumb Code    36  os.o(i.OS_Launch)
    OS_MailBox_Init                          0x00001439   Thumb Code    24  os.o(i.OS_MailBox_Init)
    OS_MailBox_Recv                          0x00001459   Thumb Code    22  os.o(i.OS_MailBox_Recv)
    OS_MailBox_Send                          0x0000147d   Thumb Code    22  os.o(i.OS_MailBox_Send)
    OS_MsTime                                0x000014a1   Thumb Code    14  os.o(i.OS_MsTime)
    OS_ReadPeriodicTime                      0x000014b5   Thumb Code     6  os.o(i.OS_ReadPeriodicTime)
    OS_Signal                                0x000014c1   Thumb Code    24  os.o(i.OS_Signal)
    OS_Sleep                                 0x000014d9   Thumb Code    42  os.o(i.OS_Sleep)
    OS_Suspend                               0x00001511   Thumb Code    10  os.o(i.OS_Suspend)
    OS_Wait                                  0x00001521   Thumb Code    36  os.o(i.OS_Wait)
    OS_bSignal                               0x00001545   Thumb Code    18  os.o(i.OS_bSignal)
    OS_bWait                                 0x00001557   Thumb Code    34  os.o(i.OS_bWait)
    OutCRLF                                  0x00001579   Thumb Code    16  lab2.o(i.OutCRLF)
    PID                                      0x00001589   Thumb Code    96  lab2.o(i.PID)
    PLL_Init                                 0x00001605   Thumb Code   118  pll.o(i.PLL_Init)
    PortE_Init                               0x00001681   Thumb Code    88  lab2.o(i.PortE_Init)
    Producer                                 0x000016f5   Thumb Code    44  lab2.o(i.Producer)
    RxFifo_Get                               0x00001729   Thumb Code    46  uart.o(i.RxFifo_Get)
    RxFifo_Init                              0x00001765   Thumb Code    26  uart.o(i.RxFifo_Init)
    RxFifo_Put                               0x00001789   Thumb Code    48  uart.o(i.RxFifo_Put)
    RxFifo_Size                              0x000017c5   Thumb Code    14  uart.o(i.RxFifo_Size)
    ST7735_DrawCharS                         0x000017dd   Thumb Code   232  st7735.o(i.ST7735_DrawCharS)
    ST7735_DrawPixel                         0x000018d1   Thumb Code    64  st7735.o(i.ST7735_DrawPixel)
    ST7735_DrawString                        0x00001919   Thumb Code    86  st7735.o(i.ST7735_DrawString)
    ST7735_FillRect                          0x00001971   Thumb Code   164  st7735.o(i.ST7735_FillRect)
    ST7735_FillScreen                        0x00001a1d   Thumb Code    28  st7735.o(i.ST7735_FillScreen)
    ST7735_InitR                             0x00001a41   Thumb Code    98  st7735.o(i.ST7735_InitR)
    ST7735_Message                           0x00001ac9   Thumb Code   132  st7735.o(i.ST7735_Message)
    ST7735_OutUDec                           0x00001b51   Thumb Code   118  st7735.o(i.ST7735_OutUDec)
    ST7735_SetCursor                         0x00001bdd   Thumb Code    22  st7735.o(i.ST7735_SetCursor)
    SW1Push                                  0x00001bfd   Thumb Code    38  lab2.o(i.SW1Push)
    SetInitialStack                          0x00001c2d   Thumb Code   166  os.o(i.SetInitialStack)
    Switch_Init                              0x00001cd5   Thumb Code   168  switch.o(i.Switch_Init)
    Timer1A_Handler                          0x00001da5   Thumb Code   112  os.o(i.Timer1A_Handler)
    Timer2A_Handler                          0x00001eb5   Thumb Code    18  os.o(i.Timer2A_Handler)
    Timer2_Init                              0x00001ed1   Thumb Code    72  os.o(i.Timer2_Init)
    TxFifo_Get                               0x00001f29   Thumb Code    46  uart.o(i.TxFifo_Get)
    TxFifo_Init                              0x00001f65   Thumb Code    26  uart.o(i.TxFifo_Init)
    TxFifo_Put                               0x00001f89   Thumb Code    48  uart.o(i.TxFifo_Put)
    TxFifo_Size                              0x00001fc5   Thumb Code    14  uart.o(i.TxFifo_Size)
    UART0_Handler                            0x00001fdd   Thumb Code    82  uart.o(i.UART0_Handler)
    UART_InChar                              0x00002035   Thumb Code    24  uart.o(i.UART_InChar)
    UART_InString                            0x00002051   Thumb Code    70  uart.o(i.UART_InString)
    UART_InUDec                              0x00002097   Thumb Code    76  uart.o(i.UART_InUDec)
    UART_Init                                0x000020e5   Thumb Code   182  uart.o(i.UART_Init)
    UART_OutChar                             0x000021b9   Thumb Code    46  uart.o(i.UART_OutChar)
    UART_OutString                           0x000021f1   Thumb Code    24  uart.o(i.UART_OutString)
    UART_OutUDec                             0x00002209   Thumb Code    42  uart.o(i.UART_OutUDec)
    dummy                                    0x000024dd   Thumb Code     2  lab2.o(i.dummy)
    fillmessage                              0x000024e1   Thumb Code    64  st7735.o(i.fillmessage)
    main                                     0x00002529   Thumb Code   130  lab2.o(i.main)
    traverseSleep                            0x00002739   Thumb Code    56  os.o(i.traverseSleep)
    dBfs                                     0x00002e72   Data         512  st7735.o(.constdata)
    Region$$Table$$Base                      0x00003074   Number         0  anon$$obj.o(Region$$Table)
    Region$$Table$$Limit                     0x00003094   Number         0  anon$$obj.o(Region$$Table)
    timerCounter                             0x20000000   Data           4  os.o(.data)
    howManyTimes                             0x20000004   Data           4  os.o(.data)
    task1                                    0x20000008   Data           4  os.o(.data)
    task2                                    0x2000000c   Data           4  os.o(.data)
    task3                                    0x20000010   Data           4  os.o(.data)
    uniqueId                                 0x20000014   Data           1  os.o(.data)
    switched                                 0x20000015   Data           1  os.o(.data)
    PeriodicTask                             0x20000020   Data           4  os.o(.data)
    RunPt                                    0x20000024   Data           4  os.o(.data)
    DeadPt                                   0x20000028   Data           4  os.o(.data)
    SleepPt                                  0x2000002c   Data           4  os.o(.data)
    SchedulerPt                              0x20000030   Data           4  os.o(.data)
    schedulerCount                           0x20000034   Data           4  os.o(.data)
    deadCount                                0x20000038   Data           4  os.o(.data)
    sleepCount                               0x2000003c   Data           4  os.o(.data)
    nextBeforeSwitch                         0x2000004c   Data           4  os.o(.data)
    OS_TxPutI                                0x20000050   Data           4  os.o(.data)
    OS_TxGetI                                0x20000054   Data           4  os.o(.data)
    TxFifo                                   0x20000058   Data           8  os.o(.data)
    mutex                                    0x20000060   Data           4  os.o(.data)
    roomLeft                                 0x20000064   Data           4  os.o(.data)
    dataAvailable                            0x20000068   Data           4  os.o(.data)
    samplesConsumed                          0x2000006c   Data           4  os.o(.data)
    dataInMailBox                            0x20000070   Data           4  os.o(.data)
    flagMailBox                              0x20000074   Data           1  os.o(.data)
    mailBoxFree                              0x20000078   Data           4  os.o(.data)
    dataValid                                0x2000007c   Data           4  os.o(.data)
    SW1MaxJitter                             0x20000080   Data           4  os.o(.data)
    SW2MaxJitter                             0x20000084   Data           4  os.o(.data)
    PF3Address                               0x20000088   Data           4  lab2.o(.data)
    NumCreated                               0x20000090   Data           4  lab2.o(.data)
    PIDWork                                  0x20000094   Data           4  lab2.o(.data)
    FilterWork                               0x20000098   Data           4  lab2.o(.data)
    NumSamples                               0x2000009c   Data           4  lab2.o(.data)
    DataLost                                 0x200000a0   Data           4  lab2.o(.data)
    MaxJitter                                0x200000a4   Data           4  lab2.o(.data)
    IntTerm                                  0x200000a8   Data           2  lab2.o(.data)
    PrevError                                0x200000aa   Data           2  lab2.o(.data)
    Coeff                                    0x200000ac   Data           6  lab2.o(.data)
    Actuator                                 0x200000b2   Data           2  lab2.o(.data)
    producerFunction                         0x200000b8   Data           4  adc.o(.data)
    done                                     0x200000bc   Data           4  adc.o(.data)
    ADCvalue                                 0x200000c0   Data           4  adc.o(.data)
    counterSeqCalled                         0x200000c4   Data           4  adc.o(.data)
    StX                                      0x200000c8   Data           4  st7735.o(.data)
    StY                                      0x200000cc   Data           4  st7735.o(.data)
    StTextColor                              0x200000d0   Data           2  st7735.o(.data)
    lastj                                    0x200000d8   Data           4  st7735.o(.data)
    canIPrint                                0x200000e0   Data           4  st7735.o(.data)
    Messageindex                             0x200000e4   Data           4  st7735.o(.data)
    Ymax                                     0x200000e8   Data           4  st7735.o(.data)
    Ymin                                     0x200000ec   Data           4  st7735.o(.data)
    X                                        0x200000f0   Data           4  st7735.o(.data)
    Yrange                                   0x200000f4   Data           4  st7735.o(.data)
    TouchTask                                0x20000104   Data           4  switch.o(.data)
    ReleaseTask                              0x20000108   Data           4  switch.o(.data)
    RxPutI                                   0x20000110   Data           4  uart.o(.data)
    RxGetI                                   0x20000114   Data           4  uart.o(.data)
    TxPutI                                   0x20000118   Data           4  uart.o(.data)
    TxGetI                                   0x2000011c   Data           4  uart.o(.data)
    RxDataAvailable                          0x20000120   Data           4  uart.o(.data)
    TxDataAvailable                          0x20000124   Data           4  uart.o(.data)
    SW1JitterHistogram                       0x20000128   Data         256  os.o(.bss)
    SW2JitterHistogram                       0x20000228   Data         256  os.o(.bss)
    threadPool                               0x20000328   Data        5360  os.o(.bss)
    JitterHistogram                          0x20001818   Data         256  lab2.o(.bss)
    x                                        0x20001948   Data         256  lab2.o(.bss)
    y                                        0x20001a48   Data         256  lab2.o(.bss)
    Message                                  0x20001b48   Data          12  st7735.o(.bss)
    __libspace_start                         0x20001b74   Data          96  libspace.o(.bss)
    __temporary_stack_top$libspace           0x20001bd4   Data           0  libspace.o(.bss)



==============================================================================

Memory Map of the image

  Image Entry point : 0x0000026d

  Load Region LR_1 (Base: 0x00000000, Size: 0x000031bc, Max: 0xffffffff, ABSOLUTE)

    Execution Region ER_RO (Base: 0x00000000, Size: 0x00003094, Max: 0xffffffff, ABSOLUTE)

    Base Addr    Size         Type   Attr      Idx    E Section Name        Object

    0x00000000   0x00000284   Code   RO          376  * RESET               startup.o
    0x00000284   0x00000008   Code   RO          888  * !!!main             c_w.l(__main.o)
    0x0000028c   0x00000034   Code   RO         1042    !!!scatter          c_w.l(__scatter.o)
    0x000002c0   0x0000001a   Code   RO         1044    !!handler_copy      c_w.l(__scatter_copy.o)
    0x000002da   0x00000002   PAD
    0x000002dc   0x0000001c   Code   RO         1046    !!handler_zi        c_w.l(__scatter_zi.o)
    0x000002f8   0x00000002   Code   RO          915    .ARM.Collect$$libinit$$00000000  c_w.l(libinit.o)
    0x000002fa   0x00000000   Code   RO          922    .ARM.Collect$$libinit$$00000002  c_w.l(libinit2.o)
    0x000002fa   0x00000000   Code   RO          925    .ARM.Collect$$libinit$$00000008  c_w.l(libinit2.o)
    0x000002fa   0x00000000   Code   RO          927    .ARM.Collect$$libinit$$0000000A  c_w.l(libinit2.o)
    0x000002fa   0x00000000   Code   RO          929    .ARM.Collect$$libinit$$0000000C  c_w.l(libinit2.o)
    0x000002fa   0x00000000   Code   RO          932    .ARM.Collect$$libinit$$0000000F  c_w.l(libinit2.o)
    0x000002fa   0x00000000   Code   RO          934    .ARM.Collect$$libinit$$00000011  c_w.l(libinit2.o)
    0x000002fa   0x00000000   Code   RO          936    .ARM.Collect$$libinit$$00000013  c_w.l(libinit2.o)
    0x000002fa   0x00000000   Code   RO          938    .ARM.Collect$$libinit$$00000015  c_w.l(libinit2.o)
    0x000002fa   0x00000000   Code   RO          940    .ARM.Collect$$libinit$$00000017  c_w.l(libinit2.o)
    0x000002fa   0x00000000   Code   RO          942    .ARM.Collect$$libinit$$00000019  c_w.l(libinit2.o)
    0x000002fa   0x00000000   Code   RO          944    .ARM.Collect$$libinit$$0000001B  c_w.l(libinit2.o)
    0x000002fa   0x00000000   Code   RO          946    .ARM.Collect$$libinit$$0000001D  c_w.l(libinit2.o)
    0x000002fa   0x00000000   Code   RO          948    .ARM.Collect$$libinit$$0000001F  c_w.l(libinit2.o)
    0x000002fa   0x00000000   Code   RO          950    .ARM.Collect$$libinit$$00000021  c_w.l(libinit2.o)
    0x000002fa   0x00000000   Code   RO          952    .ARM.Collect$$libinit$$00000023  c_w.l(libinit2.o)
    0x000002fa   0x00000000   Code   RO          956    .ARM.Collect$$libinit$$0000002A  c_w.l(libinit2.o)
    0x000002fa   0x00000000   Code   RO          958    .ARM.Collect$$libinit$$0000002C  c_w.l(libinit2.o)
    0x000002fa   0x00000000   Code   RO          960    .ARM.Collect$$libinit$$0000002E  c_w.l(libinit2.o)
    0x000002fa   0x00000000   Code   RO          962    .ARM.Collect$$libinit$$00000030  c_w.l(libinit2.o)
    0x000002fa   0x00000002   Code   RO          963    .ARM.Collect$$libinit$$00000031  c_w.l(libinit2.o)
    0x000002fc   0x00000002   Code   RO          983    .ARM.Collect$$libshutdown$$00000000  c_w.l(libshutdown.o)
    0x000002fe   0x00000000   Code   RO          997    .ARM.Collect$$libshutdown$$00000003  c_w.l(libshutdown2.o)
    0x000002fe   0x00000000   Code   RO         1000    .ARM.Collect$$libshutdown$$00000006  c_w.l(libshutdown2.o)
    0x000002fe   0x00000000   Code   RO         1003    .ARM.Collect$$libshutdown$$00000009  c_w.l(libshutdown2.o)
    0x000002fe   0x00000000   Code   RO         1005    .ARM.Collect$$libshutdown$$0000000B  c_w.l(libshutdown2.o)
    0x000002fe   0x00000000   Code   RO         1008    .ARM.Collect$$libshutdown$$0000000E  c_w.l(libshutdown2.o)
    0x000002fe   0x00000002   Code   RO         1009    .ARM.Collect$$libshutdown$$0000000F  c_w.l(libshutdown2.o)
    0x00000300   0x00000000   Code   RO          890    .ARM.Collect$$rtentry$$00000000  c_w.l(rtentry.o)
    0x00000300   0x00000000   Code   RO          892    .ARM.Collect$$rtentry$$00000002  c_w.l(rtentry2.o)
    0x00000300   0x00000006   Code   RO          904    .ARM.Collect$$rtentry$$00000004  c_w.l(rtentry4.o)
    0x00000306   0x00000000   Code   RO          894    .ARM.Collect$$rtentry$$00000009  c_w.l(rtentry2.o)
    0x00000306   0x00000004   Code   RO          895    .ARM.Collect$$rtentry$$0000000A  c_w.l(rtentry2.o)
    0x0000030a   0x00000000   Code   RO          897    .ARM.Collect$$rtentry$$0000000C  c_w.l(rtentry2.o)
    0x0000030a   0x00000008   Code   RO          898    .ARM.Collect$$rtentry$$0000000D  c_w.l(rtentry2.o)
    0x00000312   0x00000002   Code   RO          919    .ARM.Collect$$rtexit$$00000000  c_w.l(rtexit.o)
    0x00000314   0x00000000   Code   RO          965    .ARM.Collect$$rtexit$$00000002  c_w.l(rtexit2.o)
    0x00000314   0x00000004   Code   RO          966    .ARM.Collect$$rtexit$$00000003  c_w.l(rtexit2.o)
    0x00000318   0x00000006   Code   RO          967    .ARM.Collect$$rtexit$$00000004  c_w.l(rtexit2.o)
    0x0000031e   0x00000002   PAD
    0x00000320   0x00000030   Code   RO          377    .text               startup.o
    0x00000350   0x00000098   Code   RO          384    .text               osasm.o
    0x000003e8   0x000002ce   Code   RO          874    .text               cr4_fft_64_stm32.o
    0x000006b6   0x00000002   PAD
    0x000006b8   0x00000048   Code   RO          877    .text               pid_stm32.o
    0x00000700   0x0000003e   Code   RO          882    .text               c_w.l(strlen.o)
    0x0000073e   0x0000004e   Code   RO          884    .text               c_w.l(rt_memclr_w.o)
    0x0000078c   0x00000006   Code   RO          886    .text               c_w.l(heapauxi.o)
    0x00000792   0x0000004a   Code   RO          906    .text               c_w.l(sys_stackheap_outer.o)
    0x000007dc   0x0000000c   Code   RO          908    .text               c_w.l(exit.o)
    0x000007e8   0x00000008   Code   RO          916    .text               c_w.l(libspace.o)
    0x000007f0   0x0000000c   Code   RO          975    .text               c_w.l(sys_exit.o)
    0x000007fc   0x00000002   Code   RO          986    .text               c_w.l(use_no_semi.o)
    0x000007fe   0x00000000   Code   RO          988    .text               c_w.l(indicate_semi.o)
    0x000007fe   0x00000002   PAD
    0x00000800   0x00000044   Code   RO          387    i.ADC0Seq3_Handler  adc.o
    0x00000844   0x0000004c   Code   RO          388    i.ADC_Collect       adc.o
    0x00000890   0x0000000c   Code   RO          389    i.ADC_In            adc.o
    0x0000089c   0x000000e8   Code   RO          390    i.ADC_Init          adc.o
    0x00000984   0x0000036c   Code   RO          391    i.ADC_Open          adc.o
    0x00000cf0   0x000000c4   Code   RO          268    i.ButtonWork        lab2.o
    0x00000db4   0x00000094   Code   RO          269    i.Consumer          lab2.o
    0x00000e48   0x00000040   Code   RO          705    i.DebounceTask      switch.o
    0x00000e88   0x00000020   Code   RO          426    i.Delay1ms          st7735.o
    0x00000ea8   0x0000006c   Code   RO          270    i.Display           lab2.o
    0x00000f14   0x0000003c   Code   RO          706    i.GPIOArm           switch.o
    0x00000f50   0x00000048   Code   RO          707    i.GPIOPortF_Handler  switch.o
    0x00000f98   0x00000160   Code   RO          272    i.Interpreter       lab2.o
    0x000010f8   0x0000001c   Code   RO          273    i.LCD_test          lab2.o
    0x00001114   0x00000080   Code   RO           24    i.OS_AddPeriodicThread  os.o
    0x00001194   0x00000020   Code   RO           25    i.OS_AddSW1Task     os.o
    0x000011b4   0x00000080   Code   RO           26    i.OS_AddThread      os.o
    0x00001234   0x0000000c   Code   RO           27    i.OS_ClearMsTime    os.o
    0x00001240   0x00000050   Code   RO           28    i.OS_Fifo_Get       os.o
    0x00001290   0x00000030   Code   RO           29    i.OS_Fifo_Init      os.o
    0x000012c0   0x00000060   Code   RO           30    i.OS_Fifo_Put       os.o
    0x00001320   0x00000010   Code   RO           32    i.OS_Id             os.o
    0x00001330   0x000000a4   Code   RO           33    i.OS_Init           os.o
    0x000013d4   0x00000004   Code   RO           34    i.OS_InitSemaphore  os.o
    0x000013d8   0x00000034   Code   RO           35    i.OS_Kill           os.o
    0x0000140c   0x0000002c   Code   RO           36    i.OS_Launch         os.o
    0x00001438   0x00000020   Code   RO           37    i.OS_MailBox_Init   os.o
    0x00001458   0x00000024   Code   RO           38    i.OS_MailBox_Recv   os.o
    0x0000147c   0x00000024   Code   RO           39    i.OS_MailBox_Send   os.o
    0x000014a0   0x00000014   Code   RO           40    i.OS_MsTime         os.o
    0x000014b4   0x0000000c   Code   RO           41    i.OS_ReadPeriodicTime  os.o
    0x000014c0   0x00000018   Code   RO           44    i.OS_Signal         os.o
    0x000014d8   0x00000038   Code   RO           45    i.OS_Sleep          os.o
    0x00001510   0x00000010   Code   RO           46    i.OS_Suspend        os.o
    0x00001520   0x00000024   Code   RO           49    i.OS_Wait           os.o
    0x00001544   0x00000012   Code   RO           50    i.OS_bSignal        os.o
    0x00001556   0x00000022   Code   RO           51    i.OS_bWait          os.o
    0x00001578   0x00000010   Code   RO          274    i.OutCRLF           lab2.o
    0x00001588   0x0000007c   Code   RO          275    i.PID               lab2.o
    0x00001604   0x0000007c   Code   RO            1    i.PLL_Init          pll.o
    0x00001680   0x00000074   Code   RO          276    i.PortE_Init        lab2.o
    0x000016f4   0x00000034   Code   RO          278    i.Producer          lab2.o
    0x00001728   0x0000003c   Code   RO          743    i.RxFifo_Get        uart.o
    0x00001764   0x00000024   Code   RO          744    i.RxFifo_Init       uart.o
    0x00001788   0x0000003c   Code   RO          745    i.RxFifo_Put        uart.o
    0x000017c4   0x00000018   Code   RO          746    i.RxFifo_Size       uart.o
    0x000017dc   0x000000f4   Code   RO          435    i.ST7735_DrawCharS  st7735.o
    0x000018d0   0x00000048   Code   RO          438    i.ST7735_DrawPixel  st7735.o
    0x00001918   0x00000056   Code   RO          439    i.ST7735_DrawString  st7735.o
    0x0000196e   0x00000002   PAD
    0x00001970   0x000000ac   Code   RO          440    i.ST7735_FillRect   st7735.o
    0x00001a1c   0x00000024   Code   RO          441    i.ST7735_FillScreen  st7735.o
    0x00001a40   0x00000088   Code   RO          443    i.ST7735_InitR      st7735.o
    0x00001ac8   0x00000088   Code   RO          445    i.ST7735_Message    st7735.o
    0x00001b50   0x0000008c   Code   RO          448    i.ST7735_OutUDec    st7735.o
    0x00001bdc   0x00000020   Code   RO          457    i.ST7735_SetCursor  st7735.o
    0x00001bfc   0x00000030   Code   RO          279    i.SW1Push           lab2.o
    0x00001c2c   0x000000a6   Code   RO           52    i.SetInitialStack   os.o
    0x00001cd2   0x00000002   PAD
    0x00001cd4   0x000000d0   Code   RO          708    i.Switch_Init       switch.o
    0x00001da4   0x00000090   Code   RO           53    i.Timer1A_Handler   os.o
    0x00001e34   0x00000080   Code   RO           54    i.Timer1A_Init      os.o
    0x00001eb4   0x0000001c   Code   RO           55    i.Timer2A_Handler   os.o
    0x00001ed0   0x00000058   Code   RO           56    i.Timer2_Init       os.o
    0x00001f28   0x0000003c   Code   RO          747    i.TxFifo_Get        uart.o
    0x00001f64   0x00000024   Code   RO          748    i.TxFifo_Init       uart.o
    0x00001f88   0x0000003c   Code   RO          749    i.TxFifo_Put        uart.o
    0x00001fc4   0x00000018   Code   RO          750    i.TxFifo_Size       uart.o
    0x00001fdc   0x00000058   Code   RO          751    i.UART0_Handler     uart.o
    0x00002034   0x0000001c   Code   RO          752    i.UART_InChar       uart.o
    0x00002050   0x00000046   Code   RO          753    i.UART_InString     uart.o
    0x00002096   0x0000004c   Code   RO          754    i.UART_InUDec       uart.o
    0x000020e2   0x00000002   PAD
    0x000020e4   0x000000d4   Code   RO          756    i.UART_Init         uart.o
    0x000021b8   0x00000038   Code   RO          757    i.UART_OutChar      uart.o
    0x000021f0   0x00000018   Code   RO          758    i.UART_OutString    uart.o
    0x00002208   0x0000002a   Code   RO          759    i.UART_OutUDec      uart.o
    0x00002232   0x00000002   PAD
    0x00002234   0x00000064   Code   RO           57    i.addThreadToScheduler  os.o
    0x00002298   0x00000056   Code   RO          461    i.commandList       st7735.o
    0x000022ee   0x00000002   PAD
    0x000022f0   0x00000184   Code   RO          462    i.commonInit        st7735.o
    0x00002474   0x00000034   Code   RO          761    i.copyHardwareToSoftware  uart.o
    0x000024a8   0x00000034   Code   RO          762    i.copySoftwareToHardware  uart.o
    0x000024dc   0x00000002   Code   RO          281    i.dummy             lab2.o
    0x000024de   0x00000002   PAD
    0x000024e0   0x00000048   Code   RO          465    i.fillmessage       st7735.o
    0x00002528   0x000000a8   Code   RO          282    i.main              lab2.o
    0x000025d0   0x00000012   Code   RO          467    i.pushColor         st7735.o
    0x000025e2   0x00000002   PAD
    0x000025e4   0x00000074   Code   RO          468    i.setAddrWindow     st7735.o
    0x00002658   0x000000e0   Code   RO           59    i.threadRemover     os.o
    0x00002738   0x0000003c   Code   RO           60    i.traverseSleep     os.o
    0x00002774   0x000000cc   Code   RO           61    i.wakeUpThread      os.o
    0x00002840   0x00000030   Code   RO          469    i.writecommand      st7735.o
    0x00002870   0x00000020   Code   RO          470    i.writedata         st7735.o
    0x00002890   0x000007e2   Data   RO          472    .constdata          st7735.o
    0x00003072   0x00000002   PAD
    0x00003074   0x00000020   Data   RO         1040    Region$$Table       anon$$obj.o


    Execution Region ER_RW (Base: 0x20000000, Size: 0x00000128, Max: 0xffffffff, ABSOLUTE)

    Base Addr    Size         Type   Attr      Idx    E Section Name        Object

    0x20000000   0x00000088   Data   RW           64    .data               os.o
    0x20000088   0x0000002c   Data   RW          284    .data               lab2.o
    0x200000b4   0x00000014   Data   RW          392    .data               adc.o
    0x200000c8   0x00000030   Data   RW          473    .data               st7735.o
    0x200000f8   0x00000015   Data   RW          710    .data               switch.o
    0x2000010d   0x00000003   PAD
    0x20000110   0x00000018   Data   RW          764    .data               uart.o


    Execution Region ER_ZI (Base: 0x20000128, Size: 0x00001eb0, Max: 0xffffffff, ABSOLUTE)

    Base Addr    Size         Type   Attr      Idx    E Section Name        Object

    0x20000128   0x000016f0   Zero   RW           62    .bss                os.o
    0x20001818   0x00000330   Zero   RW          283    .bss                lab2.o
    0x20001b48   0x0000000c   Zero   RW          471    .bss                st7735.o
    0x20001b54   0x00000020   Zero   RW          763    .bss                uart.o
    0x20001b74   0x00000060   Zero   RW          917    .bss                c_w.l(libspace.o)
    0x20001bd4   0x00000004   PAD
    0x20001bd8   0x00000000   Zero   RW          375    HEAP                startup.o
    0x20001bd8   0x00000400   Zero   RW          374    STACK               startup.o


==============================================================================

Image component sizes


      Code (inc. data)   RO Data    RW Data    ZI Data      Debug   Object Name

      1264        140          0         20          0       3850   adc.o
       718        240          0          0          0        200   cr4_fft_64_stm32.o
      1358        410          0         44        816       6759   lab2.o
      2266        368          0        136       5872      17298   os.o
       152         14          0          0          0        188   osasm.o
        72          8          0          0          0        164   pid_stm32.o
       124          6          0          0          0       4587   pll.o
      1846        192       2018         48         12      11660   st7735.o
       692        632          0          0       1024        820   startup.o
       404         92          0         21          0       2065   switch.o
      1060        160          0         24         32       8233   uart.o

    ----------------------------------------------------------------------
      9972       2264       2052        296       7756      55824   Object Totals
         0          0         32          0          0          0   (incl. Generated)
        16          2          2          3          0          0   (incl. Padding)

    ----------------------------------------------------------------------

      Code (inc. data)   RO Data    RW Data    ZI Data      Debug   Library Member Name

         8          0          0          0          0         68   __main.o
        52          8          0          0          0          0   __scatter.o
        26          0          0          0          0          0   __scatter_copy.o
        28          0          0          0          0          0   __scatter_zi.o
        12          0          0          0          0         72   exit.o
         6          0          0          0          0        152   heapauxi.o
         0          0          0          0          0          0   indicate_semi.o
         2          0          0          0          0          0   libinit.o
         2          0          0          0          0          0   libinit2.o
         2          0          0          0          0          0   libshutdown.o
         2          0          0          0          0          0   libshutdown2.o
         8          4          0          0         96         68   libspace.o
        78          0          0          0          0         80   rt_memclr_w.o
         0          0          0          0          0          0   rtentry.o
        12          0          0          0          0          0   rtentry2.o
         6          0          0          0          0          0   rtentry4.o
         2          0          0          0          0          0   rtexit.o
        10          0          0          0          0          0   rtexit2.o
        62          0          0          0          0         76   strlen.o
        12          4          0          0          0         68   sys_exit.o
        74          0          0          0          0         80   sys_stackheap_outer.o
         2          0          0          0          0         68   use_no_semi.o

    ----------------------------------------------------------------------
       412         16          0          0        100        732   Library Totals
         6          0          0          0          4          0   (incl. Padding)

    ----------------------------------------------------------------------

      Code (inc. data)   RO Data    RW Data    ZI Data      Debug   Library Name

       406         16          0          0         96        732   c_w.l

    ----------------------------------------------------------------------
       412         16          0          0        100        732   Library Totals

    ----------------------------------------------------------------------

==============================================================================


      Code (inc. data)   RO Data    RW Data    ZI Data      Debug   

     10384       2280       2052        296       7856      51772   Grand Totals
     10384       2280       2052        296       7856      51772   ELF Image Totals
     10384       2280       2052        296          0          0   ROM Totals

==============================================================================

    Total RO  Size (Code + RO Data)                12436 (  12.14kB)
    Total RW  Size (RW Data + ZI Data)              8152 (   7.96kB)
    Total ROM Size (Code + RO Data + RW Data)      12732 (  12.43kB)

==============================================================================

