<html>
<body>
<pre>
<h1>µVision Build Log</h1>
<h2>Project:</h2>
C:\445M\Lab3\UARTInts.uvproj
Project File Date:  02/25/2016

<h2>Output:</h2>
Rebuild target 'UARTInts'
compiling PLL.c...
compiling OS.c...
compiling Lab2.c...
assembling startup.s...
assembling OSasm.s...
compiling ADC.c...
compiling ST7735.c...
compiling Switch.c...
compiling UART.c...
assembling cr4_fft_64_stm32.s...
assembling PID_stm32.s...
linking...
Program Size: Code=10384 RO-data=2052 RW-data=296 ZI-data=7856  
".\UARTInts.axf" - 0 Error(s), 0 Warning(s).
</pre>
</body>
</html>
c...
assembling startup.s...
assembling OSasm.s...
compiling ADC.c...
compiling ST7735.c...
compiling Switch.c...
compiling UART.c...
assembling cr4_fft_64_stm32.s...
assembling PID_stm32.s...
linking...
Program Size: Code=10264 RO-data=2052 RW-data=296 ZI-data=7856  
".\UARTInts.axf" - 0 Error(s), 3 Warning(s).
ta=272 ZI-data=7856  
".\UARTInts.axf" - 0 Error(s), 3 Warning(s).
g PID_stm32.s...
".\UARTInts.axf" - 1 Error(s), 3 Warning(s).
Target not created
ot enough information to list image symbols.
Finished: 1 information, 0 warning and 1 error messages.
".\UARTInts.axf" - 1 Error(s), 4 Warning(s).
Target not created

".\UARTInts.axf" - 3 Error(s), 3 Warning(s).
Target not created
